Archive member included because of file (symbol)

C:\nburn\lib\DBMOD5270.a(bsp.od)
                              c:/nburn/gcc-m68k/bin/../lib/gcc/m68k-elf/4.2.1/../../../../m68k-elf/lib/m5208\nb-crt0.o (atexit)
C:\nburn\lib\DBMOD5270.a(netwait.od)
                              main.od (InitializeNetworkGDB_and_Wait)
C:\nburn\lib\DBMOD5270.a(ethernet.od)
                              C:\nburn\lib\DBMOD5270.a(netwait.od) (GDBDebugConnected())
C:\nburn\lib\DBMOD5270.a(emulticast.od)
                              C:\nburn\lib\DBMOD5270.a(ethernet.od) (EthEnableMulticast(MACADR))
C:\nburn\lib\DBNetBurner.a(ucosmcfa.od)
                              C:\nburn\lib\DBMOD5270.a(bsp.od) (OSCtxSw)
C:\nburn\lib\DBNetBurner.a(ucosmcfc.od)
                              C:\nburn\lib\DBMOD5270.a(ethernet.od) (OSTaskCreate)
C:\nburn\lib\DBNetBurner.a(ucos.od)
                              C:\nburn\lib\DBNetBurner.a(ucosmcfc.od) (OSMapTbl)
C:\nburn\lib\DBNetBurner.a(ucosmain.od)
                              C:\nburn\lib\DBMOD5270.a(emulticast.od) (critical_count)
C:\nburn\lib\DBNetBurner.a(fileio.od)
                              C:\nburn\lib\DBNetBurner.a(ucosmain.od) (ioctl)
C:\nburn\lib\DBNetBurner.a(main.od)
                              c:/nburn/gcc-m68k/bin/../lib/gcc/m68k-elf/4.2.1/../../../../m68k-elf/lib/m5208\nb-crt0.o (main)
C:\nburn\lib\DBNetBurner.a(utils.od)
                              C:\nburn\lib\DBMOD5270.a(ethernet.od) (AsciiToIp)
C:\nburn\lib\DBNetBurner.a(ip.od)
                              C:\nburn\lib\DBMOD5270.a(ethernet.od) (GetSum)
C:\nburn\lib\DBNetBurner.a(buffers.od)
                              C:\nburn\lib\DBMOD5270.a(ethernet.od) (ChangeOwnerX)
C:\nburn\lib\DBNetBurner.a(arp.od)
                              C:\nburn\lib\DBNetBurner.a(ip.od) (wArpLifetime)
C:\nburn\lib\DBNetBurner.a(udp.od)
                              C:\nburn\lib\DBNetBurner.a(ip.od) (process_udp(pool_buffer*, IPPKT*, unsigned short))
C:\nburn\lib\DBNetBurner.a(tcp.od)
                              C:\nburn\lib\DBNetBurner.a(ip.od) (DumpTcpPacket(IPPKT*))
C:\nburn\lib\DBNetBurner.a(iosys.od)
                              C:\nburn\lib\DBNetBurner.a(tcp.od) (FD_SET)
C:\nburn\lib\DBNetBurner.a(netinterface.od)
                              C:\nburn\lib\DBNetBurner.a(arp.od) (GetFirstInterface())
C:\nburn\lib\DBNetBurner.a(autoupdate.od)
                              main.od (EnableAutoUpdate)
C:\nburn\lib\DBNetBurner.a(device.od)
                              C:\nburn\lib\DBNetBurner.a(main.od) (DeviceInitializeSem)
C:\nburn\lib\DBNetBurner.a(system.od)
                              C:\nburn\lib\DBNetBurner.a(udp.od) (isvalidcr)
C:\nburn\lib\DBMOD5270.a(ioboard.od)
                              C:\nburn\lib\DBNetBurner.a(ucos.od) (putleds)
C:\nburn\lib\DBMOD5270.a(serial.od)
                              C:\nburn\lib\DBNetBurner.a(fileio.od) (SerialClose)
C:\nburn\lib\DBMOD5270.a(etherprint.od)
                              C:\nburn\lib\DBNetBurner.a(netinterface.od) (EtherInit())
C:\nburn\lib\DBNetBurner.a(extraio.od)
                              C:\nburn\lib\DBMOD5270.a(serial.od) (GetExtraFD)
c:/nburn/gcc-m68k/bin/../lib/gcc/m68k-elf/4.2.1/../../../../m68k-elf/lib/m5208\libstdc++.a(eh_personality.o)
                              C:\nburn\lib\DBMOD5270.a(ethernet.od) (__gxx_personality_v0)
c:/nburn/gcc-m68k/bin/../lib/gcc/m68k-elf/4.2.1/../../../../m68k-elf/lib/m5208\libstdc++.a(eh_alloc.o)
                              c:/nburn/gcc-m68k/bin/../lib/gcc/m68k-elf/4.2.1/../../../../m68k-elf/lib/m5208\libstdc++.a(eh_personality.o) (__cxa_allocate_exception)
c:/nburn/gcc-m68k/bin/../lib/gcc/m68k-elf/4.2.1/../../../../m68k-elf/lib/m5208\libstdc++.a(eh_throw.o)
                              c:/nburn/gcc-m68k/bin/../lib/gcc/m68k-elf/4.2.1/../../../../m68k-elf/lib/m5208\libstdc++.a(eh_personality.o) (__cxa_rethrow)
c:/nburn/gcc-m68k/bin/../lib/gcc/m68k-elf/4.2.1/../../../../m68k-elf/lib/m5208\libstdc++.a(eh_globals.o)
                              c:/nburn/gcc-m68k/bin/../lib/gcc/m68k-elf/4.2.1/../../../../m68k-elf/lib/m5208\libstdc++.a(eh_personality.o) (__cxa_get_globals_fast)
c:/nburn/gcc-m68k/bin/../lib/gcc/m68k-elf/4.2.1/../../../../m68k-elf/lib/m5208\libstdc++.a(eh_exception.o)
                              c:/nburn/gcc-m68k/bin/../lib/gcc/m68k-elf/4.2.1/../../../../m68k-elf/lib/m5208\libstdc++.a(eh_personality.o) (vtable for std::bad_exception)
c:/nburn/gcc-m68k/bin/../lib/gcc/m68k-elf/4.2.1/../../../../m68k-elf/lib/m5208\libstdc++.a(eh_catch.o)
                              c:/nburn/gcc-m68k/bin/../lib/gcc/m68k-elf/4.2.1/../../../../m68k-elf/lib/m5208\libstdc++.a(eh_personality.o) (__cxa_end_catch)
c:/nburn/gcc-m68k/bin/../lib/gcc/m68k-elf/4.2.1/../../../../m68k-elf/lib/m5208\libstdc++.a(eh_terminate.o)
                              c:/nburn/gcc-m68k/bin/../lib/gcc/m68k-elf/4.2.1/../../../../m68k-elf/lib/m5208\libstdc++.a(eh_personality.o) (__cxxabiv1::__terminate(void (*)()))
[...]
Memory Configuration

Name             Origin             Length             Attributes
ram              0x02000000         0x00200000         xrw
SRAM             0x20000400         0x0000fc00         xrw
*default*        0x00000000         0xffffffff

Linker script and memory map

LOAD c:/nburn/gcc-m68k/bin/../lib/gcc/m68k-elf/4.2.1/../../../../m68k-elf/lib/m5208\nb-crt0.o
LOAD c:/nburn/gcc-m68k/bin/../lib/gcc/m68k-elf/4.2.1/m5208/crtbegin.o
LOAD main.od
LOAD SetZeros.od
LOAD Lab1a.od
LOAD Lab1Test.od
LOAD DataStorage.od
LOAD C:\nburn\MOD5270\lib\sys.ld
                0x20000000                vector_base = 0x20000000
                0x20010000                SRAM_END_ADDR = 0x20010000
                0x40000000                sim = 0x40000000
                0xffc04000                gConfigRec = 0xffc04000
                0xffc06000                UserParamBase = 0xffc06000
                0xffc00008                _RESET_ADDR = 0xffc00008
                0xffc08000                FlashAppBase = 0xffc08000
START GROUP
LOAD C:\nburn\lib\DBMOD5270.a
LOAD C:\nburn\lib\DBNetBurner.a
LOAD C:\nburn\lib\FatFile.a
LOAD C:\nburn\lib\DBrtl8711Library.a
LOAD C:\nburn\lib\DBdebugLibrary.a
END GROUP
LOAD c:/nburn/gcc-m68k/bin/../lib/gcc/m68k-elf/4.2.1/../../../../m68k-elf/lib/m5208\libstdc++.a
LOAD c:/nburn/gcc-m68k/bin/../lib/gcc/m68k-elf/4.2.1/../../../../m68k-elf/lib/m5208\libm.a
LOAD c:/nburn/gcc-m68k/bin/../lib/gcc/m68k-elf/4.2.1/m5208\libgcc.a
LOAD c:/nburn/gcc-m68k/bin/../lib/gcc/m68k-elf/4.2.1/../../../../m68k-elf/lib/m5208\libc.a
LOAD c:/nburn/gcc-m68k/bin/../lib/gcc/m68k-elf/4.2.1/m5208\libgcc.a
LOAD c:/nburn/gcc-m68k/bin/../lib/gcc/m68k-elf/4.2.1/m5208/crtend.o
START GROUP
LOAD c:/nburn/gcc-m68k/bin/../lib/gcc/m68k-elf/4.2.1/../../../../m68k-elf/lib/m5208\libc.a
LOAD c:/nburn/gcc-m68k/bin/../lib/gcc/m68k-elf/4.2.1/m5208\libgcc.a
LOAD c:/nburn/gcc-m68k/bin/../lib/gcc/m68k-elf/4.2.1/../../../../m68k-elf/lib/m5208\libm.a
END GROUP
                0x00000000                __DYNAMIC = 0x0
                0x02200000                PROVIDE (__stack, 0x2200000)
                0x00000000                PROVIDE (hardware_init_hook, 0x0)
                0x00000000                PROVIDE (_hardware_init_hook, 0x0)
                0x00000000                PROVIDE (software_init_hook, 0x0)
                0x00000000                PROVIDE (_software_init_hook, 0x0)

.SRAM_SECT      0x20000400        0x0
                0x20000400                SRAM_START = .
 *(SYS_VAR_SECT)
                0x20000400                SYS_VAR_SECT_END = .
                0x20000400                . = ALIGN (0x10)
 *(IDLE_STK_SECT)
                0x20000400                IDLE_STK_SECT_END = .
                0x20000400                . = ALIGN (0x10)
 *(MAIN_STK_SECT)
                0x20000400                MAIN_STK_SECT_END = .
                0x20000400                . = ALIGN (0x4)
 *(ETHER_VAR_SECT)
                0x20000400                ETHER_VAR_SECT_END = .
                0x20000400                . = ALIGN (0x10)
 *(ETHER_STK_SECT)
                0x20000400                ETHER_STK_SECT_END = .
                0x20000400                . = ALIGN (0x4)
 *(IP_VAR_SECT)
                0x20000400                IP_VAR_SECT_END = .
                0x20000400                . = ALIGN (0x10)
 *(IP_STK_SECT)
                0x20000400                IP_STK_SECT_END = .
                0x20000400                . = ALIGN (0x4)
 *(TCP_VAR_SECT)
                0x20000400                TCP_VAR_SECT_END = .
                0x20000400                . = ALIGN (0x10)
 *(TCP_STK_SECT)
                0x20000400                TCP_STK_SECT_END = .
                0x20000400                . = ALIGN (0x10)
 *(HTTP_STK_SECT)
                0x20000400                HTTP_STK_SECT_END = .
                0x20000400                . = ALIGN (0x10)
 *(FTP_STK_SECT)
                0x20000400                FTP_STK_SECT_END = .
                0x20000400                . = ALIGN (0x10)
 *(WIFI_STK_SECT)
                0x20000400                WIFI_STK_SECT_END = .
                0x20000400                . = ALIGN (0x10)
 *(PPP_STK_SECT)
                0x20000400                PPP_STK_SECT_END = .
                0x20000400                . = ALIGN (0x10)
 *(COMMAND_STK_SECT)
                0x20000400                COMMAND_STK_SECT_END = .
                0x20000400                . = ALIGN (0x4)
 *(USER_VAR_SECT)
                0x20000400                USER_VAR_SECT_END = .
                0x20000400                . = ALIGN (0x10)
 *(USER_STK_SECT)
                0x20000400                USER_STK_SECT_END = .
                0x20000400                BUFFERS_SECT_START = .
                0x20000400                . = ALIGN (0x10)
 *(BUFFERS_VAR_SECT)
                0x20000400                . = ALIGN (0x10)
                0x20000400                BUFFERS_VAR_SECT_END = .
                0x20000400                . = ALIGN (0x10)
                0x20000400                SRAM_END = .

.text           0x02000000    0x3ab80
 *(.text)
 .text          0x02000000       0xaa c:/nburn/gcc-m68k/bin/../lib/gcc/m68k-elf/4.2.1/../../../../m68k-elf/lib/m5208\nb-crt0.o
                0x02000000                start
 *fill*         0x020000aa        0x2 00
 .text          0x020000ac       0x9c c:/nburn/gcc-m68k/bin/../lib/gcc/m68k-elf/4.2.1/m5208/crtbegin.o
 .text          0x02000148      0x208 main.od
                0x0200017c                UserMain
                0x02000148                cr
                0x02000258                putchr
                0x020001ec                Character
                0x02000160                value
 .text          0x02000350       0x52 SetZeros.od
                0x02000350                Set
 *fill*         0x020003a2        0x2 00
 .text          0x020003a4       0xd2 Lab1a.od
                0x020003a4                AssemblyProgram
 *fill*         0x02000476        0x2 00
 .text          0x02000478      0x160 Lab1Test.od
                0x02000478                Test
 .text          0x020005d8       0x36 DataStorage.od
                0x020005d8                Intialization
 *fill*         0x0200060e        0x2 00
 .text          0x02000610      0x6d2 C:\nburn\lib\DBMOD5270.a(bsp.od)
                0x02000ad0                _sbrk_r
                0x02000724                HardwareSetup
                0x02000a70                DisableCache
                0x02000c90                spaceleft
                0x02000b54                LocalInByte
                0x020008d0                ForceReboot
                0x0200098c                FlashProgram
                0x02000ccc                BspGetTickFraction
                0x02000610                xTick
                0x020008ec                FlashErase
                0x02000bac                LocalOutByte
                0x02000b48                atexit
                0x02000804                GetPreciseTime
                0x02000a84                EnableCache
                0x0200062c                SetIntc
                0x02000c5c                LocalCharAvail
                0x02000614                Tick5270
 *fill*         0x02000ce2        0x2 00
 .text          0x02000ce4       0x30 C:\nburn\lib\DBMOD5270.a(netwait.od)
                0x02000ce4                InitializeNetworkGDB_and_Wait
 .text          0x02000d14     0x4da8 C:\nburn\lib\DBMOD5270.a(ethernet.od)
                0x020052f4                AddEthernetInterface()
                0x02000ebc                StopEnet()
                0x02004f00                ResetEnet()
                0x020014d8                FillerFunctionName()
                0x020053bc                SetMII(unsigned char, unsigned short)
                0x02002120                dbip_obj::dbip_obj(char const*)
                0x02002198                dbip_obj::dbip_obj(char const*)
                0x02002330                InitializeNetworkGDB
                0x02005280                InitializeEthernet()
                0x02000d50                _ZQyERYYSaz
                0x020014dc                _ZNobxy
                0x02005430                EthTransmitBuffer(pool_buffer*)
                0x020020f8                MakeCompilerStopComplaining()
                0x02000f10                CheckTcpDebugSettings()
                0x020045dc                _Zxyzza
                0x020014ac                GDBDebugConnected()
 .text          0x02005abc      0x2b8 C:\nburn\lib\DBMOD5270.a(emulticast.od)
                0x02005c44                EthDisableMulticast(MACADR)
                0x02005b4c                EthEnableMulticast(MACADR)
                0x02005abc                GetMultiCastCRC(MACADR)
 *fill*         0x02005d74        0xc 00
 .text          0x02005d80      0x44a C:\nburn\lib\DBNetBurner.a(ucosmcfa.od)
                0x02005e60                OSDebugTraceHalt
                0x02005d80                OSStartHighRdy
                0x02005e70                TrapOutByte
                0x02005ea0                memcpy
                0x02005ea0                fmemcpy
                0x02005da0                OSCtxSw
                0x02005e90                TrapCharAvail
                0x02005dd0                OSIntCtxSw
                0x02005e80                TrapInByte
                0x02005e00                OSTickISR
                0x02005f70                memcpysum
                0x02005e40                OSSetupVBR
                0x020061a0                GetSR_IntLevel
                0x02006100                memset
                0x02006100                fmemset
                0x020061b0                SetSR_IntLevel
 *fill*         0x020061ca        0x2 00
 .text          0x020061cc      0x42c C:\nburn\lib\DBNetBurner.a(ucosmcfc.od)
                0x02006478                OSTaskCreate
                0x020061cc                TopOfStackKillfunction
                0x020061dc                OSTaskCreatewName
                0x020064b4                OSTCBInit
                0x020061d0                KillFunctionLink
 .text          0x020065f8     0x2966 C:\nburn\lib\DBNetBurner.a(ucos.od)
                0x02008c78                OSCritEnterNoWait
                0x020068d6                UCOSWAITS_HERE
                0x020087d8                OSFifoPostFirst
                0x02008d1c                OSCritLeave
                0x020089b0                getpid
                0x02006c90                OSLock
                0x02008090                OSQPostFirst
                0x02008f1c                OSTaskID
                0x02007dc4                OSQPendNoWait
                0x02008f38                OSSetName
                0x02006934                OSIntExit
                0x02007300                OSSemPendNoWait
                0x02006eb4                OSTaskDelete
                0x02006cb8                OSUnlock
                0x020089cc                OSCritInit
                0x02007e58                OSQPost
                0x02008a40                OSCritEnter
                0x02008358                OSFifoPend
                0x020070bc                OSSemPend
                0x0200756c                OSMboxInit
                0x02007870                OSMboxPost
                0x020082d4                OSFifoInit
                0x02007b08                OSQPend
                0x02006830                OSSched
                0x020069f0                OSTimeDly
                0x02007368                OSSemPost
                0x02006cec                OSChangePrio
                0x02006c54                OSTCBGetFree
                0x0200690c                OSIntEnterWAS
                0x02007820                OSMboxPendNoWait
                0x020085f8                OSFifoPost
                0x02007020                OSSemInit
                0x0200679c                OSStart
                0x02006b0c                OSTimeTick
                0x02007a48                OSQInit
                0x02008f4c                OSTaskName
                0x0200858c                OSFifoPendNoWait
                0x020075e8                OSMboxPend
                0x020065f8                OSInit
                0x02006adc                OSChangeTaskDly
 *fill*         0x02008f5e        0x2 00
 .text          0x02008f60      0x19a C:\nburn\lib\DBNetBurner.a(ucosmain.od)
                0x02008fb8                __malloc_unlock
                0x02009024                UCosBegin
                0x02008fdc                balloc_lock
                0x02008f60                UCosSetup
                0x02009000                balloc_unlock
                0x02008f94                __malloc_lock
 *fill*         0x020090fa        0x2 00
 .text          0x020090fc      0x978 C:\nburn\lib\DBNetBurner.a(fileio.od)
                0x020090fc                ioctl
                0x020094ac                isatty
                0x02009a10                CurrentStdioFD
                0x0200980c                lseek
                0x02009928                ReplaceStdio
                0x02009300                write
                0x02009824                fstat
                0x02009258                rawwrite
                0x02009844                stdioinbyte
                0x020094cc                read
                0x02009a54                outbyte
                0x02009240                open
                0x020098e0                charavail
                0x02009a48                fcntl
                0x020091c8                close
 .text          0x02009a74       0x8a C:\nburn\lib\DBNetBurner.a(main.od)
                0x02009aac                main
                0x02009a74                __do_global_ctors
 *fill*         0x02009afe        0x2 00
 .text          0x02009b00     0x13f0 C:\nburn\lib\DBNetBurner.a(utils.od)
                0x0200ac74                fShowMac
                0x02009f38                FancyDump(unsigned char*, int)
                0x0200ad4c                ShowCounters
                0x02009dac                convertHexAsciiToBinary
                0x0200a318                ShowData
                0x02009b00                kill
                0x02009e18                putbytenum
                0x02009ec4                putnum
                0x0200adb8                fShowCounters
                0x0200ac08                fShowIP
                0x02009b10                _fini
                0x0200a068                ShowIP
                0x02009b1c                AsciiToIp
                0x0200ae38                sShowCounters
                0x0200acf8                DiagMenuPicker(int, unsigned char)
                0x0200a150                AskTest(char const*, unsigned long)
                0x0200a0d0                ShowMac
                0x02009c8c                convertBinaryToHexAscii
                0x0200a244                SetLogLevel()
                0x0200a2fc                __builtin_delete
                0x02009b08                _exit
 .text          0x0200aef0     0x1db0 C:\nburn\lib\DBNetBurner.a(ip.od)
                0x0200b918                FixUpICMP(IPPKT*, unsigned char, unsigned char, unsigned char*, unsigned short)
                0x0200aef0                IsMultiCast(unsigned long)
                0x0200c69c                FixHeaderAndSend(pool_buffer*, IPPKT*)
                0x0200bd18                DoIPPacket(pool_buffer*, EFRAME*, unsigned short)
                0x0200aff8                GetSum20
                0x0200caa8                PingViaInterface
                0x0200bc6c                SaveError(pool_buffer*)
                0x0200c1d8                process_icmp(pool_buffer*, IPPKT*, unsigned short)
                0x0200b2b0                IpProcessEthernetPacket
                0x0200bfa4                FixHeaderAndSendViaInterface(pool_buffer*, IPPKT*, int)
                0x0200b56c                ShowIPBuffer(pool_buffer*)
                0x0200c8e0                SendICMPError(pool_buffer*, unsigned char, unsigned char)
                0x0200bafc                InitializeStack(unsigned long, unsigned long, unsigned long, unsigned long)
                0x0200b1bc                GetData(IPPKT*)
                0x0200bc48                InitializeCStack
                0x0200cc50                Ping
                0x0200af60                GetSum
                0x0200bcdc                IsMyIp
                0x0200ba58                IsBroadCast(unsigned long, int)
                0x0200b9d0                KillStack
                0x0200b220                PrepareIPOutput(pool_buffer*, unsigned long, unsigned short)
                0x0200af20                GetMultiAddress(unsigned long)
                0x0200c990                SendPing
                0x0200b098                GetSumHdr
                0x0200b9e0                IsLocal(unsigned long, int)
                0x0200c3ec                IPTask(void*)
 .text          0x0200cca0     0x183c C:\nburn\lib\DBNetBurner.a(buffers.od)
                0x0200d354                fifo_buffer_storage::Full()
                0x0200dfac                ShowBuffer
                0x0200d418                fifo_buffer_storage::Reset(unsigned char)
                0x0200ce10                InitBuffers
                0x0200ccc4                ChangeOwnerX
                0x0200cf38                buffer_list::InsertBefore(pool_buffer*, pool_buffer*)
                0x0200d6b0                fifo_buffer_storage::fifo_buffer_storage(unsigned char, unsigned char)
                0x0200d328                fifo_buffer_storage::Empty()
                0x0200db98                fifo_buffer_storage::ReadDatawSum(unsigned char*, int, unsigned long&)
                0x0200d30c                fifo_buffer_storage::SpaceUsed()
                0x0200cd08                buffer_list::InsertHead(pool_buffer*)
                0x0200cce8                GetFreeCount
                0x0200cca0                IncUsageCount
                0x0200d678                fifo_buffer_storage::fifo_buffer_storage(unsigned char, unsigned char)
                0x0200ce9c                buffer_list::InsertTail(pool_buffer*)
                0x0200e11c                ShowBuffers
                0x0200d4d0                fifo_buffer_storage::~fifo_buffer_storage()
                0x0200d4e4                fifo_buffer_storage::SetMaxBuffers(unsigned char)
                0x0200de14                fifo_buffer_storage::ReadData(unsigned char*, int)
                0x0200d60c                fifo_buffer_storage::Init(unsigned char, unsigned char)
                0x0200e2b0                DumpBuffers()
                0x0200d1a0                buffer_list::RemoveHead()
                0x0200d6e8                GetBufferX
                0x0200d0a8                buffer_list::Remove(pool_buffer*)
                0x0200d25c                buffer_list::RemoveTail()
                0x0200d524                fifo_buffer_storage::LongSpaceAvail()
                0x0200d758                fifo_buffer_storage::WriteData(unsigned char*, int)
                0x0200cdac                FreeBufferX
                0x0200cff0                buffer_list::InsertAfter(pool_buffer*, pool_buffer*)
                0x0200d5c8                fifo_buffer_storage::SpaceAvail()
                0x0200d4bc                fifo_buffer_storage::~fifo_buffer_storage()
 .text          0x0200e4dc     0x2058 C:\nburn\lib\DBNetBurner.a(arp.od)
                0x0200f3b8                FindAddArp(unsigned long)
                0x0200e664                sendGratuitousArp(int)
                0x0200e524                MacEqual(MACADR, MACADR)
                0x0200f02c                InitializeArp()
                0x0200f144                FindArp(unsigned long)
                0x0200fd08                SendArp(ArpRecord*, int)
                0x020104d4                GetInterface(unsigned long)
                0x0200f914                AddCheckArp(MACADR*, unsigned long, int)
                0x0200e588                SetMac(ArpRecord*, MACADR, int)
                0x0200f334                DeleteArpFromIp(unsigned long)
                0x0200f2bc                GetArpMacFromIp(unsigned long, MACADR&)
                0x0200fd54                RouteOutVia(EFRAME*, unsigned long, pool_buffer*, int)
                0x0200fc00                GetProperInterface(unsigned long)
                0x0200ef88                FreeOneArp()
                0x0200f9a4                processArp(pool_buffer*, EFRAME*)
                0x0200e61c                NeedsArp(int)
                0x0200e910                GetNextArp(ArpRecord*)
                0x0200e7a0                RawSendArp(ArpRecord*, unsigned long, int)
                0x0200ee24                AgeArp()
                0x02010030                RouteOut(EFRAME*, unsigned long, pool_buffer*)
                0x0200ea0c                ShowArp()
                0x0200ebc4                DeleteArp(ArpRecord*)
                0x0200e9a8                GetFirstArp()
                0x020103a4                GetSrcIp
                0x0200f740                IsMyAddressUsedArpDetect(unsigned short, int)
                0x0200e51c                Cleanup()
                0x0200e4dc                IsNull(ArpRecord*)
                0x0200ead8                fShowArp(__sFILE*)
                0x0200f35c                AddPending(MACADR*, unsigned long, int)
 .text          0x02010534     0x1b02 C:\nburn\lib\DBNetBurner.a(udp.od)
                0x02010fec                UDPPacket::Send(unsigned long, unsigned char)
                0x02010674                UDPPacket::SetDestinationPort(unsigned short)
                0x020107a0                UDPPacket::GetPacketId()
                0x02010810                UDPPacket::GetSourceAddress()
                0x02011fe0                UDPPacket::UDPPacket()
                0x02010d44                UDPPacket::AddDataByte(unsigned char)
                0x0201113c                UDPPacket::SendAndKeep(unsigned long, unsigned char)
                0x02010c64                UDPPacket::AddData(unsigned char*, unsigned short)
                0x02010844                RegisterUDPFifo(unsigned short, os_fifo*)
                0x02010d9c                UDPPacket::AddData(char const*)
                0x020105d0                UDPPacket::UDPPacket(pool_buffer*)
                0x02010e94                UDPPacket::SendViaInterface(unsigned long, int, unsigned char)
                0x02010788                UDPPacket::GetIpPacket()
                0x020111e8                UDPPacket::~UDPPacket()
                0x02010534                GetUdpFifoRec(unsigned short)
                0x020106d8                UDPPacket::GetDataBuffer()
                0x02010980                RegisterUDPFifoWithNotify(unsigned short, os_fifo*, void (*)(os_fifo*, unsigned short))
                0x020105f4                UDPPacket::UDPPacket(pool_buffer*)
                0x02010738                UDPPacket::GetDataSize() const
                0x02011330                ProcessIDPacket(UDPPacket&, int)
                0x02010d6c                UDPPacket::AddDataWord(unsigned short)
                0x02011c0c                process_udp(pool_buffer*, IPPKT*, unsigned short)
                0x02010dd0                UDPPacket::Validate()
                0x020106a0                UDPPacket::GetDestinationPort() const
                0x02010ac0                UnregisterUDPFifo(unsigned short)
                0x02011228                UDPPacket::UDPPacket(os_fifo*, unsigned long)
                0x02010708                UDPPacket::SetDataSize(unsigned short)
                0x02010774                UDPPacket::ResetData()
                0x020111a8                UDPPacket::~UDPPacket()
                0x02011280                UDPPacket::UDPPacket(os_fifo*, unsigned long)
                0x02010618                UDPPacket::SetSourcePort(unsigned short)
                0x02010640                UDPPacket::GetSourcePort() const
                0x02010bc0                FixIDDataPacket(UDPPacket&, int)
                0x020112d8                UDPPacket::UDPPacket()
                0x020107e0                UDPPacket::GetDestinationAddress()
 *fill*         0x02012036        0x2 00
 .text          0x02012038     0x9afa C:\nburn\lib\DBNetBurner.a(tcp.od)
                0x0201abb8                SendTcpRst(IPPKT*)
                0x02012794                GetTcpState(int)
                0x020127ec                GetTcpDState
                0x020165e0                InitTCP()
                0x02015604                DBSHOWDATA(int, char const*, long)
                0x0201a0c8                _Socket_Private_read
                0x02012730                ShortSocketList::ShortSocketList()
                0x0201283c                SetOutOfOrderbuffers(int, unsigned char)
                0x020123c0                GetSocketRemotePort(int)
                0x02015e80                socket_struct::MyAdvertisedWindow()
                0x02015460                SetSocketTxBuffers(int, int)
                0x02012578                setsockoption(int, int)
                0x02016b74                TcpSend(socket_struct*, unsigned long, pool_buffer*, unsigned short, unsigned char)
                0x02019a18                TCPTimerTask(void*)
                0x0201b97c                process_tcp(pool_buffer*, IPPKT*, unsigned short)
                0x02015284                socket_struct::ProcessRST()
                0x020128ac                TcpGetLastRxTime(int)
                0x020193ac                abortsocket
                0x02018d80                socket_struct::ProcessDataSegment(TCPPKT*, unsigned short, unsigned char*, pool_buffer*&)
                0x02012d5c                HashSocketList::RemoveSocket(socket_struct*) const
                0x02018064                _Socket_Private_write
                0x020125dc                getsockoption(int)
                0x02017c34                socket_struct::ProcessAck(TCPPKT*)
                0x02013214                RawDumpTcpDebug(socket_struct*)
                0x02015740                socket_struct::SaveData(unsigned char*, unsigned short, unsigned char)
                0x02014128                ShowTCPStates()
                0x02012ccc                GetTcpRtxCount(int)
                0x020121f4                fixoverlap(unsigned long, unsigned long, unsigned long&, unsigned long&)
                0x02014bc0                socket_struct::SetTimer(unsigned long)
                0x0201ab7c                connect(unsigned long, unsigned short, unsigned short, unsigned long)
                0x020126a8                HashSocketList::HashSocketList()
                0x02014654                GetTcpSocket(TCPPKT*, unsigned long)
                0x02012bb0                TcpGetRxBufferSpaceUsed(int)
                0x02016ee8                socket_struct::DoRawSend()
                0x02013794                ShowFdTcpSocket(int)
                0x02014b30                socket_struct::ClearPending(int)
                0x020155a4                DBSHOWDATA(int, char const*, unsigned long)
                0x02013c0c                ShortSocketList::findsocket(unsigned short, unsigned short, unsigned long) const
                0x0201a54c                connect(unsigned long, unsigned short, unsigned short, unsigned long, unsigned long)
                0x02018cb8                TcpSendKeepAlive(int)
                0x02015664                DBSHOWDATA(int, char const*, int)
                0x02012324                getsocketerror(int)
                0x02012684                EnableTcpDebug(unsigned short)
                0x02019880                socket_struct::ProcessTimer()
                0x02014c50                socket_struct::SetUpNextRetransmit()
                0x020126a0                HashSocketList::HashSocketList()
                0x02019c90                SockReadWithTimeout
                0x02012c14                GetFreeSocketCount()
                0x02019184                socket_struct::ProcessFIN(TCPPKT*, unsigned short)
                0x020167ac                FixHeaderAndSendTcp(pool_buffer*, IPPKT*, socket_struct*)
                0x0201262c                setsocketackbuffers(int, unsigned char)
                0x02012540                socket_struct::CleanUpDeletedListener()
                0x02012184                FindListenSocket(unsigned short, unsigned long)
                0x020168f8                TcpSendwSum(socket_struct*, unsigned long, pool_buffer*, unsigned short, unsigned char, unsigned long)
                0x02014d6c                socket_struct::DoCleanup()
                0x02014748                DumpTcpPacket(TCPPKT*, unsigned short)
                0x020158a8                socket_struct::TestOutofOrder()
                0x02012954                TcpGetLastRxInterval(int)
                0x02012038                GetFirstSeq()
                0x02013130                FREESOCKET(socket_struct*)
                0x020150ec                ShortSocketList::AddSocket(socket_struct*)
                0x02017a08                socket_struct::DoRetransmit(unsigned char)
                0x02012740                ShortSocketList::Init()
                0x02013d50                ShortSocketList::processTick()
                0x020184d4                _Socket_Private_close
                0x0201a0e8                accept(int, unsigned long*, unsigned short*, unsigned short)
                0x02012738                ShortSocketList::ShortSocketList()
                0x020154cc                SetSocketRxBuffers(int, int)
                0x020196f4                listen(unsigned long, unsigned short, unsigned char)
                0x020126b0                HashSocketList::Init() const
                0x02013ed8                ShortSocketList::GetFreeShort()
                0x02012374                GetSocketRemoteAddr(int)
                0x020144dc                HashSocketList::findsocket(unsigned short, unsigned short, unsigned long) const
                0x02012b2c                WaitForSocketFlush(int, unsigned long)
                0x02014af0                DumpTcpPacket(IPPKT*)
                0x02015354                RemoveFromUserCloseList(socket_struct*)
                0x02012070                ValidateTCP(IPPKT*, unsigned short)
                0x02016c18                ShortSocketList::process(pool_buffer*, TCPPKT*, unsigned long) const
                0x020130f4                socket_struct::SetState(int)
                0x02015c9c                socket_struct::processoptions(pool_buffer*, TCPPKT*, IPPKT*)
                0x020175c0                socket_struct::DoClose(int)
                0x02019558                GetFreeSocket()
                0x02012414                GetSocketLocalPort(int)
                0x02015f50                ShowTcpSocket(socket_struct*)
                0x02015538                DBSHOWDATA(int, char const*, unsigned short)
                0x020143bc                HashSocketList::AddSocket(socket_struct*) const
                0x020126dc                ShortSocketList::FreeShort(ShortSocket*) const
                0x02012468                socket_struct::CalcRTO(unsigned long)
                0x02019c10                socket_struct::OpenWindow()
                0x0201b8d0                SendTcpSynRst(IPPKT*)
                0x02012aa4                TcpAllDataAcked(int)
                0x020174f4                clrsockoption(int, int)
                0x02012900                TcpGetSocketState(int)
                0x02013784                DumpTcpDebug()
                0x020156c4                GetSocketLocalAddr(int)
                0x02016574                DBSHOWDATA(int, char const*, unsigned char)
                0x0201acac                socket_struct::process(pool_buffer*, TCPPKT*)
                0x020127fc                RegisterTCPReadNotify
                0x02012e44                DebugTraceFunc(socket_struct*, IPPKT*, TCPPKT*, unsigned short, int)
                0x0201866c                socket_struct::SendState(unsigned short, pool_buffer*)
 *fill*         0x0201bb32        0x2 00
 .text          0x0201bb34      0x8fc C:\nburn\lib\DBNetBurner.a(iosys.od)
                0x0201c0d8                SetDataAvail
                0x0201be94                writeall
                0x0201bf6c                RawCheckSelects()
                0x0201c078                SetHaveError
                0x0201c11c                RemoveSelect(PendingSelect*)
                0x0201c094                SetWriteAvail
                0x0201bd08                ZeroWaitSelect
                0x0201c1b0                AddSelect(PendingSelect*)
                0x0201bc24                FD_ISSET
                0x0201bf54                ClrDataAvail
                0x0201c22c                select
                0x0201bf3c                ClrWriteAvail
                0x0201c00c                CheckSelects()
                0x0201be20                writestring
                0x0201bcc4                countbits(fd_set*)
                0x0201bba8                FD_OVERLAP(fd_set*, fd_set*)
                0x0201bdd8                dataavail
                0x0201bc08                FD_ZERO
                0x0201bb70                FD_SET
                0x0201bf24                ClrHaveError
                0x0201bc88                countdwbits(unsigned long)
                0x0201c314                ReadWithTimeout
                0x0201bb34                FD_CLR
 .text          0x0201c430      0x5ba C:\nburn\lib\DBNetBurner.a(netinterface.od)
                0x0201c8b4                InitializeNetwork(void (*)(pool_buffer*, EFRAME*, unsigned short), void (*)(pool_buffer*, EFRAME*))
                0x0201c4f8                InterfaceIP(int)
                0x0201c684                GetEframe(pool_buffer*)
                0x0201c81c                SaveIfConfig(ConfigRecord*, int)
                0x0201c430                GetFirstInterface()
                0x0201c864                GetIfConfig(int)
                0x0201c618                InterfaceMAC(int)
                0x0201c4bc                GetInterFaceBlock(int)
                0x0201c540                InterfaceDNS(int)
                0x0201c588                InterfaceMASK(int)
                0x0201c474                GetnextInterface(int)
                0x0201c92c                TransmitBuffer(pool_buffer*, int)
                0x0201c6e4                DisableMulticast(MACADR, int)
                0x0201c734                RegisterInterface(_InterfaceBlock*)
                0x0201c698                EnableMulticast(MACADR, int)
                0x0201c7d0                Removeinterface(int)
                0x0201c72c                StopNetworks()
                0x0201c5d0                InterfaceGate(int)
 *fill*         0x0201c9ea        0x2 00
 .text          0x0201c9ec      0xa1c C:\nburn\lib\DBNetBurner.a(autoupdate.od)
                0x0201d308                ProcessAutoUpdatePacket(UDPPacket&)
                0x0201cde4                DoData(UDPPacket&)
                0x0201c9ec                EnableAutoUpdate
                0x0201ca1c                DoReboot()
                0x0201ca6c                DoExecute(UDPPacket&, int)
                0x0201d024                DoStart(UDPPacket&)
 .text          0x0201d408       0x4c C:\nburn\lib\DBNetBurner.a(device.od)
                0x0201d428                DeviceInitializeSem
                0x0201d408                DeviceGetQspiSem()
                0x0201d418                DeviceGetI2cSem()
 .text          0x0201d454      0x92c C:\nburn\lib\DBNetBurner.a(system.od)
                0x0201d7d0                GetUserParameters
                0x0201d51c                UpdateConfigRecord_Num
                0x0201d4e0                RawGetConfig
                0x0201d454                isvalidcr
                0x0201dbe4                SetupDialog
                0x0201d7e0                ReadLine
                0x0201d73c                UpdateConfigRecord
                0x0201dab0                IpQuestion
                0x0201d750                SaveUserParameters
                0x0201db8c                ShowChange
 .text          0x0201dd80      0x396 C:\nburn\lib\DBMOD5270.a(ioboard.od)
                0x0201df30                getleds
                0x0201e0c8                getCPLDver
                0x0201e048                getDecimal
                0x0201ded4                putleds
                0x0201df6c                putdisp
                0x0201e018                putDecimal
                0x0201e0f0                getCPLDrev
                0x0201dd80                InitChipBoardSelect
                0x0201dfc8                getdisp
                0x0201de78                getdipsw
                0x0201e074                putSegments
                0x0201ddd8                OnModDev70
 *fill*         0x0201e116        0x2 00
 .text          0x0201e118     0x275c C:\nburn\lib\DBMOD5270.a(serial.od)
                0x0201e75c                real_SER0_ISR
                0x0201e118                WakeTx(int)
                0x0201f7ac                SerialClose
                0x0201f708                SendBreak
                0x0201f910                OpenSerial
                0x0201f24c                GetUartErrorReg
                0x0201f400                fShowSerialData(__sFILE*)
                0x0201e708                fake_SER0_ISR()
                0x0201e7e0                fake_SER2_ISR()
                0x0201e778                SER1_ISR
                0x0201e84c                SerialEnableTxFlow
                0x0201e928                SerialEnableRxFlow
                0x0201e21c                DoSerIsr(int)
                0x0201f010                Serial485HalfDupMode
                0x0201e774                fake_SER1_ISR()
                0x0201ee10                SerialEnableHwRxFlow
                0x020201e8                serread
                0x02020690                BasePutChar(int, unsigned char)
                0x02020208                BaseGetChar(int)
                0x0201e834                real_SER2_ISR
                0x0201fe6c                serreadwto
                0x020204e4                serwriteaddress
                0x0201e7c8                real_SER1_ISR
                0x0202031c                serwrite
                0x0201f8e0                serexternalclose
                0x0201e70c                SER0_ISR
                0x0201e7e4                SER2_ISR
                0x0201eabc                SerialEnableHwTxFlow
 .text          0x02020874     0x25f4 C:\nburn\lib\DBMOD5270.a(etherprint.od)
                0x02021014                EtherLink()
                0x02020dec                EtherSpeed100()
                0x02022da4                denet()
                0x02022a20                ShowFECRegisters()
                0x02020a28                EtherInit()
                0x02021128                ShowMII(unsigned char, unsigned char, char const*, unsigned short)
                0x02020874                GetMII(unsigned char, unsigned char)
                0x02022db0                elink()
                0x02022d98                dEnet()
                0x020209f4                SwitchMIIPage(unsigned long)
                0x02020938                SetMII(unsigned char, unsigned char, unsigned short)
                0x02020bc4                EtherDuplex()
                0x02021068                showbinary(unsigned short, unsigned short)
                0x020211ac                ShowPhyterMII()
 .text          0x02022e68      0x2cc C:\nburn\lib\DBNetBurner.a(extraio.od)
                0x02022ed8                ExpandWrite(int, char const*, int)
                0x02022f48                ExpandClose(int)
                0x02022fac                InitExtras()
                0x02022fec                GetExtraFD
                0x02022e68                ExpandRead(int, char*, int)
                0x020230a8                FreeExtraFd
                0x020230f8                GetExtraData
 .text          0x02023134        0x0 c:/nburn/gcc-m68k/bin/../lib/gcc/m68k-elf/4.2.1/../../../../m68k-elf/lib/m5208\libstdc++.a(eh_personality.o)
 .text          0x02023134        0x0 c:/nburn/gcc-m68k/bin/../lib/gcc/m68k-elf/4.2.1/../../../../m68k-elf/lib/m5208\libstdc++.a(eh_alloc.o)
 .text          0x02023134        0x0 c:/nburn/gcc-m68k/bin/../lib/gcc/m68k-elf/4.2.1/../../../../m68k-elf/lib/m5208\libstdc++.a(eh_throw.o)
 .text          0x02023134        0x0 c:/nburn/gcc-m68k/bin/../lib/gcc/m68k-elf/4.2.1/../../../../m68k-elf/lib/m5208\libstdc++.a(eh_globals.o)
 .text          0x02023134        0x0 c:/nburn/gcc-m68k/bin/../lib/gcc/m68k-elf/4.2.1/../../../../m68k-elf/lib/m5208\libstdc++.a(eh_exception.o)
 .text          0x02023134        0x0 c:/nburn/gcc-m68k/bin/../lib/gcc/m68k-elf/4.2.1/../../../../m68k-elf/lib/m5208\libstdc++.a(eh_catch.o)
 .text          0x02023134        0x0 c:/nburn/gcc-m68k/bin/../lib/gcc/m68k-elf/4.2.1/../../../../m68k-elf/lib/m5208\libstdc++.a(eh_terminate.o)
 .text          0x02023134        0x0 c:/nburn/gcc-m68k/bin/../lib/gcc/m68k-elf/4.2.1/../../../../m68k-elf/lib/m5208\libstdc++.a(eh_call.o)
 .text          0x02023134        0x0 c:/nburn/gcc-m68k/bin/../lib/gcc/m68k-elf/4.2.1/../../../../m68k-elf/lib/m5208\libstdc++.a(del_op.o)
 .text          0x02023134        0x0 c:/nburn/gcc-m68k/bin/../lib/gcc/m68k-elf/4.2.1/../../../../m68k-elf/lib/m5208\libstdc++.a(class_type_info.o)
 .text          0x02023134        0x0 c:/nburn/gcc-m68k/bin/../lib/gcc/m68k-elf/4.2.1/../../../../m68k-elf/lib/m5208\libstdc++.a(eh_term_handler.o)
 .text          0x02023134        0x0 c:/nburn/gcc-m68k/bin/../lib/gcc/m68k-elf/4.2.1/../../../../m68k-elf/lib/m5208\libstdc++.a(eh_unex_handler.o)
 .text          0x02023134        0x0 c:/nburn/gcc-m68k/bin/../lib/gcc/m68k-elf/4.2.1/../../../../m68k-elf/lib/m5208\libstdc++.a(si_class_type_info.o)
 .text          0x02023134        0x0 c:/nburn/gcc-m68k/bin/../lib/gcc/m68k-elf/4.2.1/../../../../m68k-elf/lib/m5208\libstdc++.a(vterminate.o)
 .text          0x02023134     0x4ae6 c:/nburn/gcc-m68k/bin/../lib/gcc/m68k-elf/4.2.1/../../../../m68k-elf/lib/m5208\libstdc++.a(cp-demangle.o)
                0x02027b42                __cxa_demangle
 *fill*         0x02027c1a        0x2 00
 .text          0x02027c1c        0x0 c:/nburn/gcc-m68k/bin/../lib/gcc/m68k-elf/4.2.1/../../../../m68k-elf/lib/m5208\libstdc++.a(tinfo.o)
 .text          0x02027c1c        0x0 c:/nburn/gcc-m68k/bin/../lib/gcc/m68k-elf/4.2.1/../../../../m68k-elf/lib/m5208\libstdc++.a(eh_type.o)
 .text          0x02027c1c      0xba0 c:/nburn/gcc-m68k/bin/../lib/gcc/m68k-elf/4.2.1/m5208\libgcc.a(_double.o)
                0x0202871a                __cmpdf2
                0x02027c7c                __adddf3
                0x020285e4                __negdf2
                0x020282f4                __divdf3
                0x02028642                __cmpdf2_internal
                0x02028118                __muldf3
                0x02027c76                __subdf3
 .text          0x020287bc       0x74 c:/nburn/gcc-m68k/bin/../lib/gcc/m68k-elf/4.2.1/m5208\libgcc.a(_floatex.o)
                0x020287c8                $_exception_handler
                0x020287bc                __clear_sticky_bit
 .text          0x02028830       0x22 c:/nburn/gcc-m68k/bin/../lib/gcc/m68k-elf/4.2.1/m5208\libgcc.a(_ltdf2.o)
                0x02028830                __ltdf2
 *fill*         0x02028852        0x2 00
 .text          0x02028854      0x49a c:/nburn/gcc-m68k/bin/../lib/gcc/m68k-elf/4.2.1/m5208\libgcc.a(fpgnulib.o)
                0x02028cd4                __fixsfsi
                0x020289bc                __floatsidf
                0x02028a92                __extendsfdf2
                0x0202894a                __floatunsidf
                0x02028c54                __fixdfsi
                0x02028a78                __floatsisf
                0x02028b2c                __truncdfsf2
                0x02028854                __unordsf2
                0x02028a5e                __floatunsisf
                0x020288b6                __unorddf2
 *fill*         0x02028cee        0x2 00
 .text          0x02028cf0     0x1f0e c:/nburn/gcc-m68k/bin/../lib/gcc/m68k-elf/4.2.1/m5208\libgcc.a(unwind-dw2.o)
                0x02029092                _Unwind_GetIPInfo
                0x02028d76                _Unwind_GetIP
                0x0202aa62                _Unwind_Resume_or_Rethrow
                0x02028da8                _Unwind_GetRegionStart
                0x0202a76a                _Unwind_Backtrace
                0x02028d66                _Unwind_GetCFA
                0x02029960                __frame_state_for
                0x0202aaf0                _Unwind_Resume
                0x02028dd8                _Unwind_DeleteException
                0x0202a886                _Unwind_RaiseException
                0x02028d86                _Unwind_SetIP
                0x02028dc8                _Unwind_GetTextRelBase
                0x0202906e                _Unwind_FindEnclosingFunction
                0x02028d98                _Unwind_GetLanguageSpecificData
                0x0202ab76                _Unwind_ForcedUnwind
                0x02028df6                _Unwind_SetGR
                0x02028e5c                _Unwind_GetGR
                0x02028db8                _Unwind_GetDataRelBase
 *fill*         0x0202abfe        0x2 00
 .text          0x0202ac00     0x126c c:/nburn/gcc-m68k/bin/../lib/gcc/m68k-elf/4.2.1/m5208\libgcc.a(unwind-dw2-fde.o)
                0x0202bd1e                _Unwind_Find_FDE
                0x0202b514                __register_frame
                0x0202b4f2                __register_frame_table
                0x0202ac76                __register_frame_info_bases
                0x0202bc56                __deregister_frame_info
                0x0202bb98                __deregister_frame_info_bases
                0x0202ace2                __register_frame_info_table_bases
                0x0202bc60                __deregister_frame
                0x0202ad34                __register_frame_info_table
                0x0202acc6                __register_frame_info
 .text          0x0202be6c       0x18 c:/nburn/gcc-m68k/bin/../lib/gcc/m68k-elf/4.2.1/../../../../m68k-elf/lib/m5208\libc.a(lib_a-abort.o)
                0x0202be6c                abort
 .text          0x0202be84       0x1e c:/nburn/gcc-m68k/bin/../lib/gcc/m68k-elf/4.2.1/../../../../m68k-elf/lib/m5208\libc.a(lib_a-cxa_atexit.o)
                0x0202be84                __cxa_atexit
 *fill*         0x0202bea2        0x2 00
 .text          0x0202bea4        0xe c:/nburn/gcc-m68k/bin/../lib/gcc/m68k-elf/4.2.1/../../../../m68k-elf/lib/m5208\libc.a(lib_a-errno.o)
                0x0202bea4                __errno
 *fill*         0x0202beb2        0x2 00
 .text          0x0202beb4       0x24 c:/nburn/gcc-m68k/bin/../lib/gcc/m68k-elf/4.2.1/../../../../m68k-elf/lib/m5208\libc.a(lib_a-fiprintf.o)
                0x0202beb4                fiprintf
 .text          0x0202bed8       0xaa c:/nburn/gcc-m68k/bin/../lib/gcc/m68k-elf/4.2.1/../../../../m68k-elf/lib/m5208\libc.a(lib_a-fputc.o)
                0x0202bf26                _fputc_r
                0x0202bed8                fputc
 *fill*         0x0202bf82        0x2 00
 .text          0x0202bf84       0x90 c:/nburn/gcc-m68k/bin/../lib/gcc/m68k-elf/4.2.1/../../../../m68k-elf/lib/m5208\libc.a(lib_a-fputs.o)
                0x0202bf84                _fputs_r
                0x0202bffa                fputs
 .text          0x0202c014      0x37e c:/nburn/gcc-m68k/bin/../lib/gcc/m68k-elf/4.2.1/../../../../m68k-elf/lib/m5208\libc.a(lib_a-fvwrite.o)
                0x0202c014                __sfvwrite_r
 *fill*         0x0202c392        0x2 00
 .text          0x0202c394       0x9e c:/nburn/gcc-m68k/bin/../lib/gcc/m68k-elf/4.2.1/../../../../m68k-elf/lib/m5208\libc.a(lib_a-fwrite.o)
                0x0202c394                _fwrite_r
                0x0202c410                fwrite
 *fill*         0x0202c432        0x2 00
 .text          0x0202c434        0x0 c:/nburn/gcc-m68k/bin/../lib/gcc/m68k-elf/4.2.1/../../../../m68k-elf/lib/m5208\libc.a(lib_a-impure.o)
 .text          0x0202c434       0x54 c:/nburn/gcc-m68k/bin/../lib/gcc/m68k-elf/4.2.1/../../../../m68k-elf/lib/m5208\libc.a(lib_a-iprintf.o)
                0x0202c434                _iprintf_r
                0x0202c45e                iprintf
 .text          0x0202c488       0x32 c:/nburn/gcc-m68k/bin/../lib/gcc/m68k-elf/4.2.1/../../../../m68k-elf/lib/m5208\libc.a(lib_a-malloc.o)
                0x0202c4a2                malloc
                0x0202c488                free
 *fill*         0x0202c4ba        0x2 00
 .text          0x0202c4bc      0x78c c:/nburn/gcc-m68k/bin/../lib/gcc/m68k-elf/4.2.1/../../../../m68k-elf/lib/m5208\libc.a(lib_a-mallocr.o)
                0x0202c4bc                _malloc_r
 .text          0x0202cc48       0xd2 c:/nburn/gcc-m68k/bin/../lib/gcc/m68k-elf/4.2.1/../../../../m68k-elf/lib/m5208\libc.a(lib_a-memchr.o)
                0x0202cc48                memchr
 *fill*         0x0202cd1a        0x2 00
 .text          0x0202cd1c       0x72 c:/nburn/gcc-m68k/bin/../lib/gcc/m68k-elf/4.2.1/../../../../m68k-elf/lib/m5208\libc.a(lib_a-memcmp.o)
                0x0202cd1c                memcmp
 *fill*         0x0202cd8e        0x2 00
 .text          0x0202cd90       0xb6 c:/nburn/gcc-m68k/bin/../lib/gcc/m68k-elf/4.2.1/../../../../m68k-elf/lib/m5208\libc.a(lib_a-memmove.o)
                0x0202cd90                memmove
 *fill*         0x0202ce46        0x2 00
 .text          0x0202ce48       0x54 c:/nburn/gcc-m68k/bin/../lib/gcc/m68k-elf/4.2.1/../../../../m68k-elf/lib/m5208\libc.a(lib_a-printf.o)
                0x0202ce48                printf
                0x0202ce72                _printf_r
 .text          0x0202ce9c       0x3a c:/nburn/gcc-m68k/bin/../lib/gcc/m68k-elf/4.2.1/../../../../m68k-elf/lib/m5208\libc.a(lib_a-putchar.o)
                0x0202ce9c                putchar
                0x0202ceba                _putchar_r
 *fill*         0x0202ced6        0x2 00
 .text          0x0202ced8      0x16a c:/nburn/gcc-m68k/bin/../lib/gcc/m68k-elf/4.2.1/../../../../m68k-elf/lib/m5208\libc.a(lib_a-putc.o)
                0x0202cf92                _putc_r
                0x0202ced8                putc
 *fill*         0x0202d042        0x2 00
 .text          0x0202d044       0x8a c:/nburn/gcc-m68k/bin/../lib/gcc/m68k-elf/4.2.1/../../../../m68k-elf/lib/m5208\libc.a(lib_a-puts.o)
                0x0202d044                _puts_r
                0x0202d0b8                puts
 *fill*         0x0202d0ce        0x2 00
 .text          0x0202d0d0       0x1c c:/nburn/gcc-m68k/bin/../lib/gcc/m68k-elf/4.2.1/../../../../m68k-elf/lib/m5208\libc.a(lib_a-realloc.o)
                0x0202d0d0                realloc
 .text          0x0202d0ec      0x502 c:/nburn/gcc-m68k/bin/../lib/gcc/m68k-elf/4.2.1/../../../../m68k-elf/lib/m5208\libc.a(lib_a-reallocr.o)
                0x0202d0ec                _realloc_r
 *fill*         0x0202d5ee        0x2 00
 .text          0x0202d5f0       0x4e c:/nburn/gcc-m68k/bin/../lib/gcc/m68k-elf/4.2.1/../../../../m68k-elf/lib/m5208\libc.a(lib_a-rget.o)
                0x0202d62a                __srget
                0x0202d5f0                __srget_r
 *fill*         0x0202d63e        0x2 00
 .text          0x0202d640       0x34 c:/nburn/gcc-m68k/bin/../lib/gcc/m68k-elf/4.2.1/../../../../m68k-elf/lib/m5208\libc.a(lib_a-setjmp.o)
                0x0202d656                longjmp
                0x0202d640                setjmp
 .text          0x0202d674      0x1ee c:/nburn/gcc-m68k/bin/../lib/gcc/m68k-elf/4.2.1/../../../../m68k-elf/lib/m5208\libc.a(lib_a-setvbuf.o)
                0x0202d674                setvbuf
 *fill*         0x0202d862        0x2 00
 .text          0x0202d864      0x270 c:/nburn/gcc-m68k/bin/../lib/gcc/m68k-elf/4.2.1/../../../../m68k-elf/lib/m5208\libc.a(lib_a-signal.o)
                0x0202da58                _signal_r
                0x0202d978                _raise_r
                0x0202d8de                __sigtramp_r
                0x0202dabc                signal
                0x0202d8ce                _init_signal
                0x0202d864                _init_signal_r
                0x0202d962                __sigtramp
                0x0202da42                raise
 .text          0x0202dad4       0x42 c:/nburn/gcc-m68k/bin/../lib/gcc/m68k-elf/4.2.1/../../../../m68k-elf/lib/m5208\libc.a(lib_a-signalr.o)
                0x0202dae0                _kill_r
                0x0202dad4                _getpid_r
 *fill*         0x0202db16        0x2 00
 .text          0x0202db18       0xba c:/nburn/gcc-m68k/bin/../lib/gcc/m68k-elf/4.2.1/../../../../m68k-elf/lib/m5208\libc.a(lib_a-siprintf.o)
                0x0202db76                _siprintf_r
                0x0202db18                siprintf
 *fill*         0x0202dbd2        0x2 00
 .text          0x0202dbd4       0x7c c:/nburn/gcc-m68k/bin/../lib/gcc/m68k-elf/4.2.1/../../../../m68k-elf/lib/m5208\libc.a(lib_a-strcat.o)
                0x0202dbd4                strcat
 .text          0x0202dc50       0x70 c:/nburn/gcc-m68k/bin/../lib/gcc/m68k-elf/4.2.1/../../../../m68k-elf/lib/m5208\libc.a(lib_a-strcmp.o)
                0x0202dc50                strcmp
 .text          0x0202dcc0       0x22 c:/nburn/gcc-m68k/bin/../lib/gcc/m68k-elf/4.2.1/../../../../m68k-elf/lib/m5208\libc.a(lib_a-strcpy.o)
                0x0202dcc0                strcpy
 *fill*         0x0202dce2        0x2 00
 .text          0x0202dce4       0x1a c:/nburn/gcc-m68k/bin/../lib/gcc/m68k-elf/4.2.1/../../../../m68k-elf/lib/m5208\libc.a(lib_a-strlen.o)
                0x0202dce4                strlen
 *fill*         0x0202dcfe        0x2 00
 .text          0x0202dd00       0xda c:/nburn/gcc-m68k/bin/../lib/gcc/m68k-elf/4.2.1/../../../../m68k-elf/lib/m5208\libc.a(lib_a-strncmp.o)
                0x0202dd00                strncmp
 *fill*         0x0202ddda        0x2 00
 .text          0x0202dddc       0x26 c:/nburn/gcc-m68k/bin/../lib/gcc/m68k-elf/4.2.1/../../../../m68k-elf/lib/m5208\libc.a(lib_a-toupper.o)
                0x0202dddc                toupper
 *fill*         0x0202de02        0x2 00
 .text          0x0202de04     0x1280 c:/nburn/gcc-m68k/bin/../lib/gcc/m68k-elf/4.2.1/../../../../m68k-elf/lib/m5208\libc.a(lib_a-vfiprintf.o)
                0x0202f066                vfiprintf
                0x0202de48                _vfiprintf_r
 .text          0x0202f084     0x1fac c:/nburn/gcc-m68k/bin/../lib/gcc/m68k-elf/4.2.1/../../../../m68k-elf/lib/m5208\libc.a(lib_a-vfprintf.o)
                0x0202f0c8                _vfprintf_r
                0x02031012                vfprintf
 .text          0x02031030      0x124 c:/nburn/gcc-m68k/bin/../lib/gcc/m68k-elf/4.2.1/../../../../m68k-elf/lib/m5208\libc.a(lib_a-wbuf.o)
                0x02031030                __swbuf_r
                0x0203113a                __swbuf
 .text          0x02031154       0x7c c:/nburn/gcc-m68k/bin/../lib/gcc/m68k-elf/4.2.1/../../../../m68k-elf/lib/m5208\libc.a(lib_a-wcrtomb.o)
                0x02031154                _wcrtomb_r
                0x020311b4                wcrtomb
 .text          0x020311d0      0x130 c:/nburn/gcc-m68k/bin/../lib/gcc/m68k-elf/4.2.1/../../../../m68k-elf/lib/m5208\libc.a(lib_a-wcsrtombs.o)
                0x020311d0                _wcsrtombs_r
                0x020312de                wcsrtombs
 .text          0x02031300      0x452 c:/nburn/gcc-m68k/bin/../lib/gcc/m68k-elf/4.2.1/../../../../m68k-elf/lib/m5208\libc.a(lib_a-wctomb_r.o)
                0x02031300                _wctomb_r
 *fill*         0x02031752        0x2 00
 .text          0x02031754      0x130 c:/nburn/gcc-m68k/bin/../lib/gcc/m68k-elf/4.2.1/../../../../m68k-elf/lib/m5208\libc.a(lib_a-wsetup.o)
                0x02031754                __swsetup
 .text          0x02031884       0xe8 c:/nburn/gcc-m68k/bin/../lib/gcc/m68k-elf/4.2.1/../../../../m68k-elf/lib/m5208\libc.a(lib_a-__atexit.o)
                0x02031884                __register_exitproc
 .text          0x0203196c        0x0 c:/nburn/gcc-m68k/bin/../lib/gcc/m68k-elf/4.2.1/../../../../m68k-elf/lib/m5208\libc.a(lib_a-ctype_.o)
 .text          0x0203196c     0x160a c:/nburn/gcc-m68k/bin/../lib/gcc/m68k-elf/4.2.1/../../../../m68k-elf/lib/m5208\libc.a(lib_a-dtoa.o)
                0x02031b1e                _dtoa_r
 *fill*         0x02032f76        0x2 00
 .text          0x02032f78      0x198 c:/nburn/gcc-m68k/bin/../lib/gcc/m68k-elf/4.2.1/../../../../m68k-elf/lib/m5208\libc.a(lib_a-fflush.o)
                0x02032f78                fflush
 .text          0x02033110      0x25e c:/nburn/gcc-m68k/bin/../lib/gcc/m68k-elf/4.2.1/../../../../m68k-elf/lib/m5208\libc.a(lib_a-findfp.o)
                0x0203316a                __sinit
                0x02033222                __sfmoreglue
                0x02033210                _cleanup
                0x020331f6                _cleanup_r
                0x02033290                __sfp
 *fill*         0x0203336e        0x2 00
 .text          0x02033370      0x422 c:/nburn/gcc-m68k/bin/../lib/gcc/m68k-elf/4.2.1/../../../../m68k-elf/lib/m5208\libc.a(lib_a-freer.o)
                0x02033460                _free_r
                0x02033370                _malloc_trim_r
 *fill*         0x02033792        0x2 00
 .text          0x02033794       0xe4 c:/nburn/gcc-m68k/bin/../lib/gcc/m68k-elf/4.2.1/../../../../m68k-elf/lib/m5208\libc.a(lib_a-fwalk.o)
                0x02033794                _fwalk
                0x02033804                _fwalk_reent
 .text          0x02033878       0xa6 c:/nburn/gcc-m68k/bin/../lib/gcc/m68k-elf/4.2.1/../../../../m68k-elf/lib/m5208\libc.a(lib_a-locale.o)
                0x020338a6                _setlocale_r
                0x02033878                __locale_charset
                0x02033886                _localeconv_r
                0x02033906                setlocale
                0x02033894                localeconv
 *fill*         0x0203391e        0x2 00
 .text          0x02033920      0x178 c:/nburn/gcc-m68k/bin/../lib/gcc/m68k-elf/4.2.1/../../../../m68k-elf/lib/m5208\libc.a(lib_a-makebuf.o)
                0x02033920                __smakebuf
 .text          0x02033a98      0xc78 c:/nburn/gcc-m68k/bin/../lib/gcc/m68k-elf/4.2.1/../../../../m68k-elf/lib/m5208\libc.a(lib_a-mprec.o)
                0x02033dec                _mprec_log10
                0x02033ea2                __any_on
                0x02033f48                _Balloc
                0x02033d5a                __ratio
                0x02034470                __i2b
                0x02033c6a                __b2d
                0x02034638                __s2b
                0x02033b88                __mcmp
                0x02033a98                __hi0bits
                0x02034556                __pow5mult
                0x02034254                __lshift
                0x02034302                __multiply
                0x02033ffe                __d2b
                0x02033e5e                __copybits
                0x02033be8                __ulp
                0x02034114                __mdiff
                0x02033afc                __lo0bits
                0x02034492                __multadd
                0x02033f0e                _Bfree
 .text          0x02034710      0x21c c:/nburn/gcc-m68k/bin/../lib/gcc/m68k-elf/4.2.1/../../../../m68k-elf/lib/m5208\libc.a(lib_a-refill.o)
                0x02034734                __srefill_r
 .text          0x0203492c       0x42 c:/nburn/gcc-m68k/bin/../lib/gcc/m68k-elf/4.2.1/../../../../m68k-elf/lib/m5208\libc.a(lib_a-s_isinfd.o)
                0x0203492c                __isinfd
 *fill*         0x0203496e        0x2 00
 .text          0x02034970       0x34 c:/nburn/gcc-m68k/bin/../lib/gcc/m68k-elf/4.2.1/../../../../m68k-elf/lib/m5208\libc.a(lib_a-s_isnand.o)
                0x02034970                __isnand
 .text          0x020349a4      0x162 c:/nburn/gcc-m68k/bin/../lib/gcc/m68k-elf/4.2.1/../../../../m68k-elf/lib/m5208\libc.a(lib_a-stdio.o)
                0x020349c2                __sseek
                0x02034ab4                __sread
                0x020349a4                __sclose
                0x02034a24                __swrite
 *fill*         0x02034b06        0x2 00
 .text          0x02034b08       0x3e c:/nburn/gcc-m68k/bin/../lib/gcc/m68k-elf/4.2.1/../../../../m68k-elf/lib/m5208\libc.a(lib_a-writer.o)
                0x02034b08                _write_r
 *fill*         0x02034b46        0x2 00
 .text          0x02034b48       0x92 c:/nburn/gcc-m68k/bin/../lib/gcc/m68k-elf/4.2.1/../../../../m68k-elf/lib/m5208\libc.a(lib_a-callocr.o)
                0x02034b48                _calloc_r
 *fill*         0x02034bda        0x2 00
 .text          0x02034bdc       0x32 c:/nburn/gcc-m68k/bin/../lib/gcc/m68k-elf/4.2.1/../../../../m68k-elf/lib/m5208\libc.a(lib_a-closer.o)
                0x02034bdc                _close_r
 *fill*         0x02034c0e        0x2 00
 .text          0x02034c10       0xfe c:/nburn/gcc-m68k/bin/../lib/gcc/m68k-elf/4.2.1/../../../../m68k-elf/lib/m5208\libc.a(lib_a-fclose.o)
                0x02034c10                _fclose_r
                0x02034cf8                fclose
 *fill*         0x02034d0e        0x2 00
 .text          0x02034d10       0x36 c:/nburn/gcc-m68k/bin/../lib/gcc/m68k-elf/4.2.1/../../../../m68k-elf/lib/m5208\libc.a(lib_a-fstatr.o)
                0x02034d10                _fstat_r
 *fill*         0x02034d46        0x2 00
 .text          0x02034d48       0x3e c:/nburn/gcc-m68k/bin/../lib/gcc/m68k-elf/4.2.1/../../../../m68k-elf/lib/m5208\libc.a(lib_a-lseekr.o)
                0x02034d48                _lseek_r
 *fill*         0x02034d86        0x2 00
 .text          0x02034d88       0x3e c:/nburn/gcc-m68k/bin/../lib/gcc/m68k-elf/4.2.1/../../../../m68k-elf/lib/m5208\libc.a(lib_a-readr.o)
                0x02034d88                _read_r
 *fill*         0x02034dc6        0x2 00
 .text          0x02034dc8       0x22 c:/nburn/gcc-m68k/bin/../lib/gcc/m68k-elf/4.2.1/m5208\libgcc.a(_eqdf2.o)
                0x02034dc8                __eqdf2
 *fill*         0x02034dea        0x2 00
 .text          0x02034dec       0x22 c:/nburn/gcc-m68k/bin/../lib/gcc/m68k-elf/4.2.1/m5208\libgcc.a(_nedf2.o)
                0x02034dec                __nedf2
 *fill*         0x02034e0e        0x2 00
 .text          0x02034e10       0x22 c:/nburn/gcc-m68k/bin/../lib/gcc/m68k-elf/4.2.1/m5208\libgcc.a(_gtdf2.o)
                0x02034e10                __gtdf2
 *fill*         0x02034e32        0x2 00
 .text          0x02034e34       0x22 c:/nburn/gcc-m68k/bin/../lib/gcc/m68k-elf/4.2.1/m5208\libgcc.a(_gedf2.o)
                0x02034e34                __gedf2
 *fill*         0x02034e56        0x2 00
 .text          0x02034e58      0x3d4 c:/nburn/gcc-m68k/bin/../lib/gcc/m68k-elf/4.2.1/m5208\libgcc.a(_udivdi3.o)
                0x02034e58                __udivdi3
 .text          0x0203522c      0x3ee c:/nburn/gcc-m68k/bin/../lib/gcc/m68k-elf/4.2.1/m5208\libgcc.a(_umoddi3.o)
                0x0203522c                __umoddi3
 *fill*         0x0203561a        0x2 00
 .text          0x0203561c       0x32 c:/nburn/gcc-m68k/bin/../lib/gcc/m68k-elf/4.2.1/m5208/crtend.o
                0x02035650                . = ALIGN (0x10)
 *fill*         0x0203564e        0x2 00
 *(.text.*)
 .text._ZN11buffer_listC1Ev
                0x02035650       0x20 C:\nburn\lib\DBNetBurner.a(ip.od)
                0x02035650                buffer_list::buffer_list()
 .text._ZN11buffer_list8GetCountEv
                0x02035670       0x18 C:\nburn\lib\DBNetBurner.a(ip.od)
                0x02035670                buffer_list::GetCount()
 .text._Z8GetIpPktP11pool_buffer
                0x02035688       0x2c C:\nburn\lib\DBNetBurner.a(ip.od)
                0x02035688                GetIpPkt(pool_buffer*)
 .text._Z8GetIpPktP6EFRAME
                0x020356b4       0x12 C:\nburn\lib\DBNetBurner.a(ip.od)
                0x020356b4                GetIpPkt(EFRAME*)
 *fill*         0x020356c6        0x2 00
 .text._Z9GetUdpPktP5IPPKT
                0x020356c8       0x6c C:\nburn\lib\DBNetBurner.a(ip.od)
                0x020356c8                GetUdpPkt(IPPKT*)
 .text._ZN18BufferCriticalLockC1ER15os_crit_section
                0x02035734       0x44 C:\nburn\lib\DBNetBurner.a(buffers.od)
                0x02035734                BufferCriticalLock::BufferCriticalLock(os_crit_section&)
 .text._ZN18BufferCriticalLockD1Ev
                0x02035778       0x60 C:\nburn\lib\DBNetBurner.a(buffers.od)
                0x02035778                BufferCriticalLock::~BufferCriticalLock()
 .text._ZN20OSCriticalSectionObjD1Ev
                0x020357d8       0x18 C:\nburn\lib\DBNetBurner.a(arp.od)
                0x020357d8                OSCriticalSectionObj::~OSCriticalSectionObj()
 .text._ZN20OSCriticalSectionObjC1ER15os_crit_section
                0x020357f0       0x1e C:\nburn\lib\DBNetBurner.a(arp.od)
                0x020357f0                OSCriticalSectionObj::OSCriticalSectionObj(os_crit_section&)
 *fill*         0x0203580e        0x2 00
 .text._Z9GetUdpPktP11pool_buffer
                0x02035810       0x1e C:\nburn\lib\DBNetBurner.a(udp.od)
                0x02035810                GetUdpPkt(pool_buffer*)
 *fill*         0x0203582e        0x2 00
 .text._Z13GetInitUdpPktP5IPPKT
                0x02035830       0x1a C:\nburn\lib\DBNetBurner.a(udp.od)
                0x02035830                GetInitUdpPkt(IPPKT*)
 *fill*         0x0203584a        0x2 00
 .text._Z13GetInitUdpPktP11pool_buffer
                0x0203584c       0x1e C:\nburn\lib\DBNetBurner.a(udp.od)
                0x0203584c                GetInitUdpPkt(pool_buffer*)
 *fill*         0x0203586a        0x2 00
 .text._ZN9UDPPacket13ReleaseBufferEv
                0x0203586c        0xe C:\nburn\lib\DBNetBurner.a(udp.od)
                0x0203586c                UDPPacket::ReleaseBuffer()
 *fill*         0x0203587a        0x2 00
 .text._Z9GetTcpPktP5IPPKT
                0x0203587c       0x6c C:\nburn\lib\DBNetBurner.a(tcp.od)
                0x0203587c                GetTcpPkt(IPPKT*)
 .text._Z9GetTcpPktP11pool_buffer
                0x020358e8       0x1e C:\nburn\lib\DBNetBurner.a(tcp.od)
                0x020358e8                GetTcpPkt(pool_buffer*)
 *fill*         0x02035906        0x2 00
 .text._Z13GetInitTcpPktP5IPPKT
                0x02035908       0x1a C:\nburn\lib\DBNetBurner.a(tcp.od)
                0x02035908                GetInitTcpPkt(IPPKT*)
 *fill*         0x02035922        0x2 00
 .text._Z13GetInitTcpPktP11pool_buffer
                0x02035924       0x1e C:\nburn\lib\DBNetBurner.a(tcp.od)
                0x02035924                GetInitTcpPkt(pool_buffer*)
 *fill*         0x02035942        0x2 00
 .text._Z13GetTcpDataLenP5IPPKTP6TCPPKT
                0x02035944       0xa8 C:\nburn\lib\DBNetBurner.a(tcp.od)
                0x02035944                GetTcpDataLen(IPPKT*, TCPPKT*)
 .text._Z10GetTcpDataP6TCPPKT
                0x020359ec       0x36 C:\nburn\lib\DBNetBurner.a(tcp.od)
                0x020359ec                GetTcpData(TCPPKT*)
 *fill*         0x02035a22        0x2 00
 .text._Z9IsNullMacRK6MACADR
                0x02035a24       0x3e C:\nburn\lib\DBNetBurner.a(tcp.od)
                0x02035a24                IsNullMac(MACADR const&)
 *fill*         0x02035a62        0x2 00
 .text._Z10modulodiffmm
                0x02035a64       0x18 C:\nburn\lib\DBNetBurner.a(tcp.od)
                0x02035a64                modulodiff(unsigned long, unsigned long)
 .text._ZN13socket_structC1Ev
                0x02035a7c       0x44 C:\nburn\lib\DBNetBurner.a(tcp.od)
                0x02035a7c                socket_struct::socket_struct()
 .text._ZN13socket_structD1Ev
                0x02035ac0       0x30 C:\nburn\lib\DBNetBurner.a(tcp.od)
                0x02035ac0                socket_struct::~socket_struct()
 .text._ZN13socket_struct4initEt
                0x02035af0       0xe0 C:\nburn\lib\DBNetBurner.a(tcp.od)
                0x02035af0                socket_struct::init(unsigned short)
 .text._ZN9OSLockObjC1Ev
                0x02035bd0        0xe C:\nburn\lib\DBNetBurner.a(iosys.od)
                0x02035bd0                OSLockObj::OSLockObj()
 *fill*         0x02035bde        0x2 00
 .text._ZN9OSLockObjD1Ev
                0x02035be0        0xe C:\nburn\lib\DBNetBurner.a(iosys.od)
                0x02035be0                OSLockObj::~OSLockObj()
 *fill*         0x02035bee        0x2 00
 .text._ZN9UDPPacket10GetPoolPtrEv
                0x02035bf0        0xe C:\nburn\lib\DBNetBurner.a(autoupdate.od)
                0x02035bf0                UDPPacket::GetPoolPtr()
 *fill*         0x02035bfe        0x2 00
 .text._Z11random_seedv
                0x02035c00       0x34 C:\nburn\lib\DBMOD5270.a(serial.od)
                0x02035c00                random_seed()
 .text._ZN11UartDataRecC1Ev
                0x02035c34       0x3e C:\nburn\lib\DBMOD5270.a(serial.od)
                0x02035c34                UartDataRec::UartDataRec()
 *fill*         0x02035c72        0x2 00
 .text._ZN11UartDataRecD1Ev
                0x02035c74       0x2a C:\nburn\lib\DBMOD5270.a(serial.od)
                0x02035c74                UartDataRec::~UartDataRec()
 .text._Z12read_uleb128PKhPj
                0x02035c9e       0x30 c:/nburn/gcc-m68k/bin/../lib/gcc/m68k-elf/4.2.1/../../../../m68k-elf/lib/m5208\libstdc++.a(eh_personality.o)
 .text._Z12read_sleb128PKhPi
                0x02035cce       0x46 c:/nburn/gcc-m68k/bin/../lib/gcc/m68k-elf/4.2.1/../../../../m68k-elf/lib/m5208\libstdc++.a(eh_personality.o)
 .text._Z16get_adjusted_ptrPKSt9type_infoS1_PPv
                0x02035d14       0x6a c:/nburn/gcc-m68k/bin/../lib/gcc/m68k-elf/4.2.1/../../../../m68k-elf/lib/m5208\libstdc++.a(eh_personality.o)
 .text._Z28read_encoded_value_with_basehjPKhPj
                0x02035d7e      0x12a c:/nburn/gcc-m68k/bin/../lib/gcc/m68k-elf/4.2.1/../../../../m68k-elf/lib/m5208\libstdc++.a(eh_personality.o)
 .text._Z21base_of_encoded_valuehP15_Unwind_Context
                0x02035ea8       0x8c c:/nburn/gcc-m68k/bin/../lib/gcc/m68k-elf/4.2.1/../../../../m68k-elf/lib/m5208\libstdc++.a(eh_personality.o)
 .text._Z17parse_lsda_headerP15_Unwind_ContextPKhP16lsda_header_info
                0x02035f34       0xec c:/nburn/gcc-m68k/bin/../lib/gcc/m68k-elf/4.2.1/../../../../m68k-elf/lib/m5208\libstdc++.a(eh_personality.o)
 .text._Z15get_ttype_entryP16lsda_header_infoj
                0x02036020       0xe2 c:/nburn/gcc-m68k/bin/../lib/gcc/m68k-elf/4.2.1/../../../../m68k-elf/lib/m5208\libstdc++.a(eh_personality.o)
 .text._Z20check_exception_specP16lsda_header_infoPKSt9type_infoPvi
                0x02036102       0x70 c:/nburn/gcc-m68k/bin/../lib/gcc/m68k-elf/4.2.1/../../../../m68k-elf/lib/m5208\libstdc++.a(eh_personality.o)
 .text.__cxa_call_unexpected
                0x02036172       0xde c:/nburn/gcc-m68k/bin/../lib/gcc/m68k-elf/4.2.1/../../../../m68k-elf/lib/m5208\libstdc++.a(eh_personality.o)
                0x02036172                __cxa_call_unexpected
 .text.__gxx_personality_v0
                0x02036250      0x440 c:/nburn/gcc-m68k/bin/../lib/gcc/m68k-elf/4.2.1/../../../../m68k-elf/lib/m5208\libstdc++.a(eh_personality.o)
                0x02036250                __gxx_personality_v0
 .text._Z41__static_initialization_and_destruction_0ii
                0x02036690        0x8 c:/nburn/gcc-m68k/bin/../lib/gcc/m68k-elf/4.2.1/../../../../m68k-elf/lib/m5208\libstdc++.a(eh_alloc.o)
 .text._GLOBAL__I___cxa_allocate_exception
                0x02036698       0x1a c:/nburn/gcc-m68k/bin/../lib/gcc/m68k-elf/4.2.1/../../../../m68k-elf/lib/m5208\libstdc++.a(eh_alloc.o)
 .text.__cxa_allocate_exception
                0x020366b2       0xa4 c:/nburn/gcc-m68k/bin/../lib/gcc/m68k-elf/4.2.1/../../../../m68k-elf/lib/m5208\libstdc++.a(eh_alloc.o)
                0x020366b2                __cxa_allocate_exception
 .text.__cxa_free_exception
                0x02036756       0x4a c:/nburn/gcc-m68k/bin/../lib/gcc/m68k-elf/4.2.1/../../../../m68k-elf/lib/m5208\libstdc++.a(eh_alloc.o)
                0x02036756                __cxa_free_exception
 .text.__cxa_rethrow
                0x020367a0       0x7c c:/nburn/gcc-m68k/bin/../lib/gcc/m68k-elf/4.2.1/../../../../m68k-elf/lib/m5208\libstdc++.a(eh_throw.o)
                0x020367a0                __cxa_rethrow
 .text.__cxa_throw
                0x0203681c       0x6c c:/nburn/gcc-m68k/bin/../lib/gcc/m68k-elf/4.2.1/../../../../m68k-elf/lib/m5208\libstdc++.a(eh_throw.o)
                0x0203681c                __cxa_throw
 .text._Z23__gxx_exception_cleanup19_Unwind_Reason_CodeP17_Unwind_Exception
                0x02036888       0x62 c:/nburn/gcc-m68k/bin/../lib/gcc/m68k-elf/4.2.1/../../../../m68k-elf/lib/m5208\libstdc++.a(eh_throw.o)
 .text.__cxa_get_globals_fast
                0x020368ea        0xe c:/nburn/gcc-m68k/bin/../lib/gcc/m68k-elf/4.2.1/../../../../m68k-elf/lib/m5208\libstdc++.a(eh_globals.o)
                0x020368ea                __cxa_get_globals_fast
 .text.__cxa_get_globals
                0x020368f8        0xe c:/nburn/gcc-m68k/bin/../lib/gcc/m68k-elf/4.2.1/../../../../m68k-elf/lib/m5208\libstdc++.a(eh_globals.o)
                0x020368f8                __cxa_get_globals
 .text._ZNKSt9exception4whatEv
                0x02036906        0xe c:/nburn/gcc-m68k/bin/../lib/gcc/m68k-elf/4.2.1/../../../../m68k-elf/lib/m5208\libstdc++.a(eh_exception.o)
                0x02036906                std::exception::what() const
 .text._ZNKSt13bad_exception4whatEv
                0x02036914        0xe c:/nburn/gcc-m68k/bin/../lib/gcc/m68k-elf/4.2.1/../../../../m68k-elf/lib/m5208\libstdc++.a(eh_exception.o)
                0x02036914                std::bad_exception::what() const
 .text._ZNSt9exceptionD0Ev
                0x02036922       0x16 c:/nburn/gcc-m68k/bin/../lib/gcc/m68k-elf/4.2.1/../../../../m68k-elf/lib/m5208\libstdc++.a(eh_exception.o)
                0x02036922                std::exception::~exception()
 .text._ZNSt9exceptionD1Ev
                0x02036938       0x12 c:/nburn/gcc-m68k/bin/../lib/gcc/m68k-elf/4.2.1/../../../../m68k-elf/lib/m5208\libstdc++.a(eh_exception.o)
                0x02036938                std::exception::~exception()
 .text._ZNSt9exceptionD2Ev
                0x0203694a       0x12 c:/nburn/gcc-m68k/bin/../lib/gcc/m68k-elf/4.2.1/../../../../m68k-elf/lib/m5208\libstdc++.a(eh_exception.o)
                0x0203694a                std::exception::~exception()
 .text._ZNSt13bad_exceptionD0Ev
                0x0203695c       0x2a c:/nburn/gcc-m68k/bin/../lib/gcc/m68k-elf/4.2.1/../../../../m68k-elf/lib/m5208\libstdc++.a(eh_exception.o)
                0x0203695c                std::bad_exception::~bad_exception()
 .text._ZNSt13bad_exceptionD1Ev
                0x02036986       0x16 c:/nburn/gcc-m68k/bin/../lib/gcc/m68k-elf/4.2.1/../../../../m68k-elf/lib/m5208\libstdc++.a(eh_exception.o)
                0x02036986                std::bad_exception::~bad_exception()
 .text._ZNSt13bad_exceptionD2Ev
                0x0203699c       0x16 c:/nburn/gcc-m68k/bin/../lib/gcc/m68k-elf/4.2.1/../../../../m68k-elf/lib/m5208\libstdc++.a(eh_exception.o)
                0x0203699c                std::bad_exception::~bad_exception()
 .text.__cxa_get_exception_ptr
                0x020369b2       0x10 c:/nburn/gcc-m68k/bin/../lib/gcc/m68k-elf/4.2.1/../../../../m68k-elf/lib/m5208\libstdc++.a(eh_catch.o)
                0x020369b2                __cxa_get_exception_ptr
 .text._ZSt18uncaught_exceptionv
                0x020369c2       0x1a c:/nburn/gcc-m68k/bin/../lib/gcc/m68k-elf/4.2.1/../../../../m68k-elf/lib/m5208\libstdc++.a(eh_catch.o)
                0x020369c2                std::uncaught_exception()
 .text.__cxa_end_catch
                0x020369dc       0x9a c:/nburn/gcc-m68k/bin/../lib/gcc/m68k-elf/4.2.1/../../../../m68k-elf/lib/m5208\libstdc++.a(eh_catch.o)
                0x020369dc                __cxa_end_catch
 .text.__cxa_begin_catch
                0x02036a76       0x90 c:/nburn/gcc-m68k/bin/../lib/gcc/m68k-elf/4.2.1/../../../../m68k-elf/lib/m5208\libstdc++.a(eh_catch.o)
                0x02036a76                __cxa_begin_catch
 .text._ZSt13set_terminatePFvvE
                0x02036b06       0x18 c:/nburn/gcc-m68k/bin/../lib/gcc/m68k-elf/4.2.1/../../../../m68k-elf/lib/m5208\libstdc++.a(eh_terminate.o)
                0x02036b06                std::set_terminate(void (*)())
 .text._ZSt14set_unexpectedPFvvE
                0x02036b1e       0x18 c:/nburn/gcc-m68k/bin/../lib/gcc/m68k-elf/4.2.1/../../../../m68k-elf/lib/m5208\libstdc++.a(eh_terminate.o)
                0x02036b1e                std::set_unexpected(void (*)())
 .text._ZN10__cxxabiv111__terminateEPFvvE
                0x02036b36       0x32 c:/nburn/gcc-m68k/bin/../lib/gcc/m68k-elf/4.2.1/../../../../m68k-elf/lib/m5208\libstdc++.a(eh_terminate.o)
                0x02036b36                __cxxabiv1::__terminate(void (*)())
 .text._ZSt9terminatev
                0x02036b68       0x10 c:/nburn/gcc-m68k/bin/../lib/gcc/m68k-elf/4.2.1/../../../../m68k-elf/lib/m5208\libstdc++.a(eh_terminate.o)
                0x02036b68                std::terminate()
 .text._ZN10__cxxabiv112__unexpectedEPFvvE
                0x02036b78       0x10 c:/nburn/gcc-m68k/bin/../lib/gcc/m68k-elf/4.2.1/../../../../m68k-elf/lib/m5208\libstdc++.a(eh_terminate.o)
                0x02036b78                __cxxabiv1::__unexpected(void (*)())
 .text._ZSt10unexpectedv
                0x02036b88       0x10 c:/nburn/gcc-m68k/bin/../lib/gcc/m68k-elf/4.2.1/../../../../m68k-elf/lib/m5208\libstdc++.a(eh_terminate.o)
                0x02036b88                std::unexpected()
 .text.__cxa_call_terminate
                0x02036b98       0x42 c:/nburn/gcc-m68k/bin/../lib/gcc/m68k-elf/4.2.1/../../../../m68k-elf/lib/m5208\libstdc++.a(eh_call.o)
                0x02036b98                __cxa_call_terminate
 .text._ZdlPv   0x02036bda       0x16 c:/nburn/gcc-m68k/bin/../lib/gcc/m68k-elf/4.2.1/../../../../m68k-elf/lib/m5208\libstdc++.a(del_op.o)
                0x02036bda                operator delete(void*)
 .text._ZNK10__cxxabiv117__class_type_info11__do_upcastEPKS0_PPv
                0x02036bf0       0x68 c:/nburn/gcc-m68k/bin/../lib/gcc/m68k-elf/4.2.1/../../../../m68k-elf/lib/m5208\libstdc++.a(class_type_info.o)
                0x02036bf0                __cxxabiv1::__class_type_info::__do_upcast(__cxxabiv1::__class_type_info const*, void**) const
 .text._ZNK10__cxxabiv117__class_type_info20__do_find_public_srcElPKvPKS0_S2_
                0x02036c58       0x1a c:/nburn/gcc-m68k/bin/../lib/gcc/m68k-elf/4.2.1/../../../../m68k-elf/lib/m5208\libstdc++.a(class_type_info.o)
                0x02036c58                __cxxabiv1::__class_type_info::__do_find_public_src(long, void const*, __cxxabiv1::__class_type_info const*, void const*) const
 .text._ZN10__cxxabiv117__class_type_infoD0Ev
                0x02036c72       0x2a c:/nburn/gcc-m68k/bin/../lib/gcc/m68k-elf/4.2.1/../../../../m68k-elf/lib/m5208\libstdc++.a(class_type_info.o)
                0x02036c72                __cxxabiv1::__class_type_info::~__class_type_info()
 .text._ZN10__cxxabiv117__class_type_infoD1Ev
                0x02036c9c       0x16 c:/nburn/gcc-m68k/bin/../lib/gcc/m68k-elf/4.2.1/../../../../m68k-elf/lib/m5208\libstdc++.a(class_type_info.o)
                0x02036c9c                __cxxabiv1::__class_type_info::~__class_type_info()
 .text._ZN10__cxxabiv117__class_type_infoD2Ev
                0x02036cb2       0x16 c:/nburn/gcc-m68k/bin/../lib/gcc/m68k-elf/4.2.1/../../../../m68k-elf/lib/m5208\libstdc++.a(class_type_info.o)
                0x02036cb2                __cxxabiv1::__class_type_info::~__class_type_info()
 .text._ZNK10__cxxabiv117__class_type_info10__do_catchEPKSt9type_infoPPvj
                0x02036cc8       0x58 c:/nburn/gcc-m68k/bin/../lib/gcc/m68k-elf/4.2.1/../../../../m68k-elf/lib/m5208\libstdc++.a(class_type_info.o)
                0x02036cc8                __cxxabiv1::__class_type_info::__do_catch(std::type_info const*, void**, unsigned int) const
 .text._ZNK10__cxxabiv117__class_type_info11__do_upcastEPKS0_PKvRNS0_15__upcast_resultE
                0x02036d20       0x40 c:/nburn/gcc-m68k/bin/../lib/gcc/m68k-elf/4.2.1/../../../../m68k-elf/lib/m5208\libstdc++.a(class_type_info.o)
                0x02036d20                __cxxabiv1::__class_type_info::__do_upcast(__cxxabiv1::__class_type_info const*, void const*, __cxxabiv1::__class_type_info::__upcast_result&) const
 .text._ZNK10__cxxabiv117__class_type_info12__do_dyncastElNS0_10__sub_kindEPKS0_PKvS3_S5_RNS0_16__dyncast_resultE
                0x02036d60       0x56 c:/nburn/gcc-m68k/bin/../lib/gcc/m68k-elf/4.2.1/../../../../m68k-elf/lib/m5208\libstdc++.a(class_type_info.o)
                0x02036d60                __cxxabiv1::__class_type_info::__do_dyncast(long, __cxxabiv1::__class_type_info::__sub_kind, __cxxabiv1::__class_type_info const*, void const*, __cxxabiv1::__class_type_info const*, void const*, __cxxabiv1::__class_type_info::__dyncast_result&) const
 .text._ZNK10__cxxabiv120__si_class_type_info11__do_upcastEPKNS_17__class_type_infoEPKvRNS1_15__upcast_resultE
                0x02036db6       0x66 c:/nburn/gcc-m68k/bin/../lib/gcc/m68k-elf/4.2.1/../../../../m68k-elf/lib/m5208\libstdc++.a(si_class_type_info.o)
                0x02036db6                __cxxabiv1::__si_class_type_info::__do_upcast(__cxxabiv1::__class_type_info const*, void const*, __cxxabiv1::__class_type_info::__upcast_result&) const
 .text._ZN10__cxxabiv120__si_class_type_infoD0Ev
                0x02036e1c       0x2a c:/nburn/gcc-m68k/bin/../lib/gcc/m68k-elf/4.2.1/../../../../m68k-elf/lib/m5208\libstdc++.a(si_class_type_info.o)
                0x02036e1c                __cxxabiv1::__si_class_type_info::~__si_class_type_info()
 .text._ZN10__cxxabiv120__si_class_type_infoD1Ev
                0x02036e46       0x16 c:/nburn/gcc-m68k/bin/../lib/gcc/m68k-elf/4.2.1/../../../../m68k-elf/lib/m5208\libstdc++.a(si_class_type_info.o)
                0x02036e46                __cxxabiv1::__si_class_type_info::~__si_class_type_info()
 .text._ZN10__cxxabiv120__si_class_type_infoD2Ev
                0x02036e5c       0x16 c:/nburn/gcc-m68k/bin/../lib/gcc/m68k-elf/4.2.1/../../../../m68k-elf/lib/m5208\libstdc++.a(si_class_type_info.o)
                0x02036e5c                __cxxabiv1::__si_class_type_info::~__si_class_type_info()
 .text._ZNK10__cxxabiv120__si_class_type_info20__do_find_public_srcElPKvPKNS_17__class_type_infoES2_
                0x02036e72       0x3e c:/nburn/gcc-m68k/bin/../lib/gcc/m68k-elf/4.2.1/../../../../m68k-elf/lib/m5208\libstdc++.a(si_class_type_info.o)
                0x02036e72                __cxxabiv1::__si_class_type_info::__do_find_public_src(long, void const*, __cxxabiv1::__class_type_info const*, void const*) const
 .text._ZNK10__cxxabiv120__si_class_type_info12__do_dyncastElNS_17__class_type_info10__sub_kindEPKS1_PKvS4_S6_RNS1_16__dyncast_resultE
                0x02036eb0       0xc4 c:/nburn/gcc-m68k/bin/../lib/gcc/m68k-elf/4.2.1/../../../../m68k-elf/lib/m5208\libstdc++.a(si_class_type_info.o)
                0x02036eb0                __cxxabiv1::__si_class_type_info::__do_dyncast(long, __cxxabiv1::__class_type_info::__sub_kind, __cxxabiv1::__class_type_info const*, void const*, __cxxabiv1::__class_type_info const*, void const*, __cxxabiv1::__class_type_info::__dyncast_result&) const
 .text._ZN9__gnu_cxx27__verbose_terminate_handlerEv
                0x02036f74      0x1f0 c:/nburn/gcc-m68k/bin/../lib/gcc/m68k-elf/4.2.1/../../../../m68k-elf/lib/m5208\libstdc++.a(vterminate.o)
                0x02036f74                __gnu_cxx::__verbose_terminate_handler()
 .text._ZNKSt9type_info14__is_pointer_pEv
                0x02037164        0xa c:/nburn/gcc-m68k/bin/../lib/gcc/m68k-elf/4.2.1/../../../../m68k-elf/lib/m5208\libstdc++.a(tinfo.o)
                0x02037164                std::type_info::__is_pointer_p() const
 .text._ZNKSt9type_info15__is_function_pEv
                0x0203716e        0xa c:/nburn/gcc-m68k/bin/../lib/gcc/m68k-elf/4.2.1/../../../../m68k-elf/lib/m5208\libstdc++.a(tinfo.o)
                0x0203716e                std::type_info::__is_function_p() const
 .text._ZNKSt9type_info10__do_catchEPKS_PPvj
                0x02037178       0x22 c:/nburn/gcc-m68k/bin/../lib/gcc/m68k-elf/4.2.1/../../../../m68k-elf/lib/m5208\libstdc++.a(tinfo.o)
                0x02037178                std::type_info::__do_catch(std::type_info const*, void**, unsigned int) const
 .text._ZNKSt9type_info11__do_upcastEPKN10__cxxabiv117__class_type_infoEPPv
                0x0203719a        0xa c:/nburn/gcc-m68k/bin/../lib/gcc/m68k-elf/4.2.1/../../../../m68k-elf/lib/m5208\libstdc++.a(tinfo.o)
                0x0203719a                std::type_info::__do_upcast(__cxxabiv1::__class_type_info const*, void**) const
 .text._ZNSt9type_infoD0Ev
                0x020371a4       0x16 c:/nburn/gcc-m68k/bin/../lib/gcc/m68k-elf/4.2.1/../../../../m68k-elf/lib/m5208\libstdc++.a(tinfo.o)
                0x020371a4                std::type_info::~type_info()
 .text._ZNSt9type_infoD1Ev
                0x020371ba       0x12 c:/nburn/gcc-m68k/bin/../lib/gcc/m68k-elf/4.2.1/../../../../m68k-elf/lib/m5208\libstdc++.a(tinfo.o)
                0x020371ba                std::type_info::~type_info()
 .text._ZNSt9type_infoD2Ev
                0x020371cc       0x12 c:/nburn/gcc-m68k/bin/../lib/gcc/m68k-elf/4.2.1/../../../../m68k-elf/lib/m5208\libstdc++.a(tinfo.o)
                0x020371cc                std::type_info::~type_info()
 .text.__cxa_current_exception_type
                0x020371de       0x1e c:/nburn/gcc-m68k/bin/../lib/gcc/m68k-elf/4.2.1/../../../../m68k-elf/lib/m5208\libstdc++.a(eh_type.o)
                0x020371de                __cxa_current_exception_type
                0x02037200                . = ALIGN (0x10)
 *fill*         0x020371fc        0x4 00
 *(.eh_frame)
 .eh_frame      0x02037200        0x0 c:/nburn/gcc-m68k/bin/../lib/gcc/m68k-elf/4.2.1/m5208/crtbegin.o
 .eh_frame      0x02037200      0x4ac C:\nburn\lib\DBMOD5270.a(ethernet.od)
 .eh_frame      0x020376ac      0x1e4 c:/nburn/gcc-m68k/bin/../lib/gcc/m68k-elf/4.2.1/../../../../m68k-elf/lib/m5208\libstdc++.a(eh_personality.o)
 .eh_frame      0x02037890       0x50 c:/nburn/gcc-m68k/bin/../lib/gcc/m68k-elf/4.2.1/../../../../m68k-elf/lib/m5208\libstdc++.a(eh_alloc.o)
 .eh_frame      0x020378e0       0x6c c:/nburn/gcc-m68k/bin/../lib/gcc/m68k-elf/4.2.1/../../../../m68k-elf/lib/m5208\libstdc++.a(eh_throw.o)
                                 0x88 (size before relaxing)
 .eh_frame      0x0203794c       0x50 c:/nburn/gcc-m68k/bin/../lib/gcc/m68k-elf/4.2.1/../../../../m68k-elf/lib/m5208\libstdc++.a(eh_catch.o)
                                 0x6c (size before relaxing)
 .eh_frame      0x0203799c       0x88 c:/nburn/gcc-m68k/bin/../lib/gcc/m68k-elf/4.2.1/../../../../m68k-elf/lib/m5208\libstdc++.a(eh_terminate.o)
                                 0xa4 (size before relaxing)
 .eh_frame      0x02037a24       0x28 c:/nburn/gcc-m68k/bin/../lib/gcc/m68k-elf/4.2.1/../../../../m68k-elf/lib/m5208\libstdc++.a(eh_call.o)
                                 0x44 (size before relaxing)
 .eh_frame      0x02037a4c       0x60 c:/nburn/gcc-m68k/bin/../lib/gcc/m68k-elf/4.2.1/../../../../m68k-elf/lib/m5208\libstdc++.a(class_type_info.o)
                                 0x7c (size before relaxing)
 .eh_frame      0x02037aac       0x68 c:/nburn/gcc-m68k/bin/../lib/gcc/m68k-elf/4.2.1/../../../../m68k-elf/lib/m5208\libstdc++.a(si_class_type_info.o)
                                 0x84 (size before relaxing)
 .eh_frame      0x02037b14       0x60 c:/nburn/gcc-m68k/bin/../lib/gcc/m68k-elf/4.2.1/../../../../m68k-elf/lib/m5208\libstdc++.a(vterminate.o)
                                 0x7c (size before relaxing)
 .eh_frame      0x02037b74      0x2d0 c:/nburn/gcc-m68k/bin/../lib/gcc/m68k-elf/4.2.1/m5208\libgcc.a(unwind-dw2.o)
 .eh_frame      0x02037e44      0x13c c:/nburn/gcc-m68k/bin/../lib/gcc/m68k-elf/4.2.1/m5208\libgcc.a(unwind-dw2-fde.o)
                                0x150 (size before relaxing)
 .eh_frame      0x02037f80       0x2c c:/nburn/gcc-m68k/bin/../lib/gcc/m68k-elf/4.2.1/m5208\libgcc.a(_udivdi3.o)
                                 0x40 (size before relaxing)
 .eh_frame      0x02037fac       0x2c c:/nburn/gcc-m68k/bin/../lib/gcc/m68k-elf/4.2.1/m5208\libgcc.a(_umoddi3.o)
                                 0x40 (size before relaxing)
 .eh_frame      0x02037fd8        0x4 c:/nburn/gcc-m68k/bin/../lib/gcc/m68k-elf/4.2.1/m5208/crtend.o
                0x02037fe0                . = ALIGN (0x10)
 *fill*         0x02037fdc        0x4 00
 *(.gnu.linkonce.t.*)
                0x02037fe0                . = ALIGN (0x4)
                0x02037fe0                __CTOR_LIST__ = .
 *(.ctors)
 .ctors         0x02037fe0        0x4 c:/nburn/gcc-m68k/bin/../lib/gcc/m68k-elf/4.2.1/m5208/crtbegin.o
 .ctors         0x02037fe4        0x4 C:\nburn\lib\DBNetBurner.a(ip.od)
 .ctors         0x02037fe8        0x4 C:\nburn\lib\DBNetBurner.a(buffers.od)
 .ctors         0x02037fec        0x4 C:\nburn\lib\DBNetBurner.a(tcp.od)
 .ctors         0x02037ff0        0x4 C:\nburn\lib\DBMOD5270.a(serial.od)
 .ctors         0x02037ff4        0x4 c:/nburn/gcc-m68k/bin/../lib/gcc/m68k-elf/4.2.1/../../../../m68k-elf/lib/m5208\libstdc++.a(eh_alloc.o)
 .ctors         0x02037ff8        0x4 c:/nburn/gcc-m68k/bin/../lib/gcc/m68k-elf/4.2.1/m5208/crtend.o
                0x02037ffc                __CTOR_END__ = .
                0x02037ffc        0x4 LONG 0x0
                0x02038000                __CTOR_END__ = .
                0x02038000                __DTOR_LIST__ = .
                0x02038000                ___DTOR_LIST__ = .
                0x02038000        0x4 LONG 0x2 (((__DTOR_END__ - __DTOR_LIST__) / 0x4) - 0x2)
 *(.dtors)
 .dtors         0x02038004        0x4 c:/nburn/gcc-m68k/bin/../lib/gcc/m68k-elf/4.2.1/m5208/crtbegin.o
 .dtors         0x02038008        0x4 c:/nburn/gcc-m68k/bin/../lib/gcc/m68k-elf/4.2.1/m5208/crtend.o
                0x0203800c        0x4 LONG 0x0
                0x02038010                __DTOR_END__ = .
 *(.rodata)
 .rodata        0x02038010       0x28 main.od
 .rodata        0x02038038       0x11 C:\nburn\lib\DBMOD5270.a(bsp.od)
 *fill*         0x02038049        0x1 00
 .rodata        0x0203804a      0x187 C:\nburn\lib\DBMOD5270.a(ethernet.od)
 .rodata        0x020381d1      0x10d C:\nburn\lib\DBNetBurner.a(ucos.od)
                0x020381d1                OSMapTbl
                0x020381d9                OSUnMapTbl
 .rodata        0x020382de        0x6 C:\nburn\lib\DBNetBurner.a(fileio.od)
 .rodata        0x020382e4        0x5 C:\nburn\lib\DBNetBurner.a(main.od)
 *fill*         0x020382e9        0x1 00
 .rodata        0x020382ea      0x2ba C:\nburn\lib\DBNetBurner.a(utils.od)
 .rodata        0x020385a4      0x23d C:\nburn\lib\DBNetBurner.a(ip.od)
 .rodata        0x020387e1      0x188 C:\nburn\lib\DBNetBurner.a(buffers.od)
 .rodata        0x02038969       0x58 C:\nburn\lib\DBNetBurner.a(arp.od)
 .rodata        0x020389c1       0x1b C:\nburn\lib\DBNetBurner.a(udp.od)
 .rodata        0x020389dc      0xa54 C:\nburn\lib\DBNetBurner.a(tcp.od)
 .rodata        0x02039430       0x11 C:\nburn\lib\DBNetBurner.a(netinterface.od)
 .rodata        0x02039441       0xe3 C:\nburn\lib\DBNetBurner.a(autoupdate.od)
 .rodata        0x02039524       0xcd C:\nburn\lib\DBNetBurner.a(system.od)
 .rodata        0x020395f1      0x15a C:\nburn\lib\DBMOD5270.a(serial.od)
 .rodata        0x0203974b      0x3d9 C:\nburn\lib\DBMOD5270.a(etherprint.od)
 .rodata        0x02039b24      0x5de c:/nburn/gcc-m68k/bin/../lib/gcc/m68k-elf/4.2.1/../../../../m68k-elf/lib/m5208\libstdc++.a(cp-demangle.o)
 .rodata        0x0203a102        0x4 c:/nburn/gcc-m68k/bin/../lib/gcc/m68k-elf/4.2.1/../../../../m68k-elf/lib/m5208\libc.a(lib_a-impure.o)
                0x0203a102                _global_impure_ptr
 .rodata        0x0203a106       0x20 c:/nburn/gcc-m68k/bin/../lib/gcc/m68k-elf/4.2.1/../../../../m68k-elf/lib/m5208\libc.a(lib_a-vfiprintf.o)
 .rodata        0x0203a126       0x20 c:/nburn/gcc-m68k/bin/../lib/gcc/m68k-elf/4.2.1/../../../../m68k-elf/lib/m5208\libc.a(lib_a-vfprintf.o)
 .rodata        0x0203a146      0x101 c:/nburn/gcc-m68k/bin/../lib/gcc/m68k-elf/4.2.1/../../../../m68k-elf/lib/m5208\libc.a(lib_a-ctype_.o)
                0x0203a146                _ctype_
 *fill*         0x0203a247        0x1 00
 .rodata        0x0203a248       0x34 c:/nburn/gcc-m68k/bin/../lib/gcc/m68k-elf/4.2.1/../../../../m68k-elf/lib/m5208\libc.a(lib_a-locale.o)
 .rodata        0x0203a27c      0x124 c:/nburn/gcc-m68k/bin/../lib/gcc/m68k-elf/4.2.1/../../../../m68k-elf/lib/m5208\libc.a(lib_a-mprec.o)
                0x0203a36c                __mprec_tinytens
                0x0203a27c                __mprec_tens
                0x0203a344                __mprec_bigtens
 *(.rodata.*)
 .rodata.str1.1
                0x0203a3a0       0x22 c:/nburn/gcc-m68k/bin/../lib/gcc/m68k-elf/4.2.1/../../../../m68k-elf/lib/m5208\libstdc++.a(eh_exception.o)
 *fill*         0x0203a3c2        0x2 00
 .rodata._ZTVSt13bad_exception
                0x0203a3c4       0x14 c:/nburn/gcc-m68k/bin/../lib/gcc/m68k-elf/4.2.1/../../../../m68k-elf/lib/m5208\libstdc++.a(eh_exception.o)
                0x0203a3c4                vtable for std::bad_exception
 .rodata._ZTVSt9exception
                0x0203a3d8       0x14 c:/nburn/gcc-m68k/bin/../lib/gcc/m68k-elf/4.2.1/../../../../m68k-elf/lib/m5208\libstdc++.a(eh_exception.o)
                0x0203a3d8                vtable for std::exception
 .rodata._ZTSSt13bad_exception
                0x0203a3ec       0x12 c:/nburn/gcc-m68k/bin/../lib/gcc/m68k-elf/4.2.1/../../../../m68k-elf/lib/m5208\libstdc++.a(eh_exception.o)
                0x0203a3ec                typeinfo name for std::bad_exception
 .rodata._ZTISt13bad_exception
                0x0203a3fe        0xc c:/nburn/gcc-m68k/bin/../lib/gcc/m68k-elf/4.2.1/../../../../m68k-elf/lib/m5208\libstdc++.a(eh_exception.o)
                0x0203a3fe                typeinfo for std::bad_exception
 .rodata._ZTSSt9exception