Archive member included because of file (symbol)

C:\nburn\lib\DBMOD5270.a(bsp.od)
                              c:/nburn/gcc-m68k/bin/../lib/gcc/m68k-elf/4.2.1/../../../../m68k-elf/lib/m5208\nb-crt0.o (atexit)
C:\nburn\lib\DBMOD5270.a(netwait.od)
                              main.od (InitializeNetworkGDB_and_Wait)
C:\nburn\lib\DBMOD5270.a(ethernet.od)
                              C:\nburn\lib\DBMOD5270.a(netwait.od) (GDBDebugConnected())
C:\nburn\lib\DBMOD5270.a(emulticast.od)
                              C:\nburn\lib\DBMOD5270.a(ethernet.od) (EthEnableMulticast(MACADR))
C:\nburn\lib\DBNetBurner.a(ucosmcfa.od)
                              C:\nburn\lib\DBMOD5270.a(bsp.od) (OSCtxSw)
C:\nburn\lib\DBNetBurner.a(ucosmcfc.od)
                              C:\nburn\lib\DBMOD5270.a(ethernet.od) (OSTaskCreate)
C:\nburn\lib\DBNetBurner.a(ucos.od)
                              C:\nburn\lib\DBNetBurner.a(ucosmcfc.od) (OSMapTbl)
C:\nburn\lib\DBNetBurner.a(ucosmain.od)
                              C:\nburn\lib\DBMOD5270.a(emulticast.od) (critical_count)
C:\nburn\lib\DBNetBurner.a(fileio.od)
                              C:\nburn\lib\DBNetBurner.a(ucosmain.od) (ioctl)
C:\nburn\lib\DBNetBurner.a(main.od)
                              c:/nburn/gcc-m68k/bin/../lib/gcc/m68k-elf/4.2.1/../../../../m68k-elf/lib/m5208\nb-crt0.o (main)
C:\nburn\lib\DBNetBurner.a(utils.od)
                              C:\nburn\lib\DBMOD5270.a(ethernet.od) (AsciiToIp)
C:\nburn\lib\DBNetBurner.a(ip.od)
                              C:\nburn\lib\DBMOD5270.a(ethernet.od) (GetSum)
C:\nburn\lib\DBNetBurner.a(buffers.od)
                              C:\nburn\lib\DBMOD5270.a(ethernet.od) (ChangeOwnerX)
C:\nburn\lib\DBNetBurner.a(arp.od)
                              C:\nburn\lib\DBNetBurner.a(ip.od) (wArpLifetime)
C:\nburn\lib\DBNetBurner.a(udp.od)
                              C:\nburn\lib\DBNetBurner.a(ip.od) (process_udp(pool_buffer*, IPPKT*, unsigned short))
C:\nburn\lib\DBNetBurner.a(tcp.od)
                              C:\nburn\lib\DBNetBurner.a(ip.od) (DumpTcpPacket(IPPKT*))
C:\nburn\lib\DBNetBurner.a(iosys.od)
                              C:\nburn\lib\DBNetBurner.a(tcp.od) (FD_SET)
C:\nburn\lib\DBNetBurner.a(netinterface.od)
                              C:\nburn\lib\DBNetBurner.a(arp.od) (GetFirstInterface())
C:\nburn\lib\DBNetBurner.a(autoupdate.od)
                              main.od (EnableAutoUpdate)
C:\nburn\lib\DBNetBurner.a(device.od)
                              C:\nburn\lib\DBNetBurner.a(main.od) (DeviceInitializeSem)
C:\nburn\lib\DBNetBurner.a(system.od)
                              C:\nburn\lib\DBNetBurner.a(udp.od) (isvalidcr)
C:\nburn\lib\DBMOD5270.a(ioboard.od)
                              C:\nburn\lib\DBNetBurner.a(ucos.od) (putleds)
C:\nburn\lib\DBMOD5270.a(serial.od)
                              C:\nburn\lib\DBNetBurner.a(fileio.od) (SerialClose)
C:\nburn\lib\DBMOD5270.a(etherprint.od)
                              C:\nburn\lib\DBNetBurner.a(netinterface.od) (EtherInit())
C:\nburn\lib\DBNetBurner.a(extraio.od)
                              C:\nburn\lib\DBMOD5270.a(serial.od) (GetExtraFD)
c:/nburn/gcc-m68k/bin/../lib/gcc/m68k-elf/4.2.1/../../../../m68k-elf/lib/m5208\libstdc++.a(eh_personality.o)
                              C:\nburn\lib\DBMOD5270.a(ethernet.od) (__gxx_personality_v0)
c:/nburn/gcc-m68k/bin/../lib/gcc/m68k-elf/4.2.1/../../../../m68k-elf/lib/m5208\libstdc++.a(eh_alloc.o)
                              c:/nburn/gcc-m68k/bin/../lib/gcc/m68k-elf/4.2.1/../../../../m68k-elf/lib/m5208\libstdc++.a(eh_personality.o) (__cxa_allocate_exception)
c:/nburn/gcc-m68k/bin/../lib/gcc/m68k-elf/4.2.1/../../../../m68k-elf/lib/m5208\libstdc++.a(eh_throw.o)
                              c:/nburn/gcc-m68k/bin/../lib/gcc/m68k-elf/4.2.1/../../../../m68k-elf/lib/m5208\libstdc++.a(eh_personality.o) (__cxa_rethrow)
c:/nburn/gcc-m68k/bin/../lib/gcc/m68k-elf/4.2.1/../../../../m68k-elf/lib/m5208\libstdc++.a(eh_globals.o)
                              c:/nburn/gcc-m68k/bin/../lib/gcc/m68k-elf/4.2.1/../../../../m68k-elf/lib/m5208\libstdc++.a(eh_personality.o) (__cxa_get_globals_fast)
c:/nburn/gcc-m68k/bin/../lib/gcc/m68k-elf/4.2.1/../../../../m68k-elf/lib/m5208\libstdc++.a(eh_exception.o)
                              c:/nburn/gcc-m68k/bin/../lib/gcc/m68k-elf/4.2.1/../../../../m68k-elf/lib/m5208\libstdc++.a(eh_personality.o) (vtable for std::bad_exception)
c:/nburn/gcc-m68k/bin/../lib/gcc/m68k-elf/4.2.1/../../../../m68k-elf/lib/m5208\libstdc++.a(eh_catch.o)
                              c:/nburn/gcc-m68k/bin/../lib/gcc/m68k-elf/4.2.1/../../../../m68k-elf/lib/m5208\libstdc++.a(eh_personality.o) (__cxa_end_catch)
c:/nburn/gcc-m68k/bin/../lib/gcc/m68k-elf/4.2.1/../../../../m68k-elf/lib/m5208\libstdc++.a(eh_terminate.o)
                              c:/nburn/gcc-m68k/bin/../lib/gcc/m68k-elf/4.2.1/../../../../m68k-elf/lib/m5208\libstdc++.a(eh_personality.o) (__cxxabiv1::__terminate(void (*)()))
[...]
Memory Configuration

Name             Origin             Length             Attributes
ram              0x02000000         0x00200000         xrw
SRAM             0x20000400         0x0000fc00         xrw
*default*        0x00000000         0xffffffff

Linker script and memory map

LOAD c:/nburn/gcc-m68k/bin/../lib/gcc/m68k-elf/4.2.1/../../../../m68k-elf/lib/m5208\nb-crt0.o
LOAD c:/nburn/gcc-m68k/bin/../lib/gcc/m68k-elf/4.2.1/m5208/crtbegin.o
LOAD main.od
LOAD Lab3c.od
LOAD Lab3b.od
LOAD Lab3a.od
LOAD Lab3.od
LOAD C:\nburn\MOD5270\lib\sys.ld
                0x20000000                vector_base = 0x20000000
                0x20010000                SRAM_END_ADDR = 0x20010000
                0x40000000                sim = 0x40000000
                0xffc04000                gConfigRec = 0xffc04000
                0xffc06000                UserParamBase = 0xffc06000
                0xffc00008                _RESET_ADDR = 0xffc00008
                0xffc08000                FlashAppBase = 0xffc08000
START GROUP
LOAD C:\nburn\lib\DBMOD5270.a
LOAD C:\nburn\lib\DBNetBurner.a
LOAD C:\nburn\lib\FatFile.a
LOAD C:\nburn\lib\DBrtl8711Library.a
LOAD C:\nburn\lib\DBdebugLibrary.a
END GROUP
LOAD c:/nburn/gcc-m68k/bin/../lib/gcc/m68k-elf/4.2.1/../../../../m68k-elf/lib/m5208\libstdc++.a
LOAD c:/nburn/gcc-m68k/bin/../lib/gcc/m68k-elf/4.2.1/../../../../m68k-elf/lib/m5208\libm.a
LOAD c:/nburn/gcc-m68k/bin/../lib/gcc/m68k-elf/4.2.1/m5208\libgcc.a
LOAD c:/nburn/gcc-m68k/bin/../lib/gcc/m68k-elf/4.2.1/../../../../m68k-elf/lib/m5208\libc.a
LOAD c:/nburn/gcc-m68k/bin/../lib/gcc/m68k-elf/4.2.1/m5208\libgcc.a
LOAD c:/nburn/gcc-m68k/bin/../lib/gcc/m68k-elf/4.2.1/m5208/crtend.o
START GROUP
LOAD c:/nburn/gcc-m68k/bin/../lib/gcc/m68k-elf/4.2.1/../../../../m68k-elf/lib/m5208\libc.a
LOAD c:/nburn/gcc-m68k/bin/../lib/gcc/m68k-elf/4.2.1/m5208\libgcc.a
LOAD c:/nburn/gcc-m68k/bin/../lib/gcc/m68k-elf/4.2.1/../../../../m68k-elf/lib/m5208\libm.a
END GROUP
                0x00000000                __DYNAMIC = 0x0
                0x02200000                PROVIDE (__stack, 0x2200000)
                0x00000000                PROVIDE (hardware_init_hook, 0x0)
                0x00000000                PROVIDE (_hardware_init_hook, 0x0)
                0x00000000                PROVIDE (software_init_hook, 0x0)
                0x00000000                PROVIDE (_software_init_hook, 0x0)

.SRAM_SECT      0x20000400        0x0
                0x20000400                SRAM_START = .
 *(SYS_VAR_SECT)
                0x20000400                SYS_VAR_SECT_END = .
                0x20000400                . = ALIGN (0x10)
 *(IDLE_STK_SECT)
                0x20000400                IDLE_STK_SECT_END = .
                0x20000400                . = ALIGN (0x10)
 *(MAIN_STK_SECT)
                0x20000400                MAIN_STK_SECT_END = .
                0x20000400                . = ALIGN (0x4)
 *(ETHER_VAR_SECT)
                0x20000400                ETHER_VAR_SECT_END = .
                0x20000400                . = ALIGN (0x10)
 *(ETHER_STK_SECT)
                0x20000400                ETHER_STK_SECT_END = .
                0x20000400                . = ALIGN (0x4)
 *(IP_VAR_SECT)
                0x20000400                IP_VAR_SECT_END = .
                0x20000400                . = ALIGN (0x10)
 *(IP_STK_SECT)
                0x20000400                IP_STK_SECT_END = .
                0x20000400                . = ALIGN (0x4)
 *(TCP_VAR_SECT)
                0x20000400                TCP_VAR_SECT_END = .
                0x20000400                . = ALIGN (0x10)
 *(TCP_STK_SECT)
                0x20000400                TCP_STK_SECT_END = .
                0x20000400                . = ALIGN (0x10)
 *(HTTP_STK_SECT)
                0x20000400                HTTP_STK_SECT_END = .
                0x20000400                . = ALIGN (0x10)
 *(FTP_STK_SECT)
                0x20000400                FTP_STK_SECT_END = .
                0x20000400                . = ALIGN (0x10)
 *(WIFI_STK_SECT)
                0x20000400                WIFI_STK_SECT_END = .
                0x20000400                . = ALIGN (0x10)
 *(PPP_STK_SECT)
                0x20000400                PPP_STK_SECT_END = .
                0x20000400                . = ALIGN (0x10)
 *(COMMAND_STK_SECT)
                0x20000400                COMMAND_STK_SECT_END = .
                0x20000400                . = ALIGN (0x4)
 *(USER_VAR_SECT)
                0x20000400                USER_VAR_SECT_END = .
                0x20000400                . = ALIGN (0x10)
 *(USER_STK_SECT)
                0x20000400                USER_STK_SECT_END = .
                0x20000400                BUFFERS_SECT_START = .
                0x20000400                . = ALIGN (0x10)
 *(BUFFERS_VAR_SECT)
                0x20000400                . = ALIGN (0x10)
                0x20000400                BUFFERS_VAR_SECT_END = .
                0x20000400                . = ALIGN (0x10)
                0x20000400                SRAM_END = .

.text           0x02000000    0x3f860
 *(.text)
 .text          0x02000000       0xaa c:/nburn/gcc-m68k/bin/../lib/gcc/m68k-elf/4.2.1/../../../../m68k-elf/lib/m5208\nb-crt0.o
                0x02000000                start
 *fill*         0x020000aa        0x2 00
 .text          0x020000ac       0x9c c:/nburn/gcc-m68k/bin/../lib/gcc/m68k-elf/4.2.1/m5208/crtbegin.o
 .text          0x02000148      0x2aa main.od
                0x02000198                UserMain
                0x02000164                cr
                0x020002f0                getchr
                0x020001f8                putchr
                0x0200035c                getstring
                0x02000148                value1
                0x0200017c                value
 *fill*         0x020003f2        0x2 00
 .text          0x020003f4       0xb4 Lab3c.od
                0x020003f4                Display
 .text          0x020004a8       0x60 Lab3b.od
                0x020004a8                Sort
 .text          0x02000508      0x134 Lab3a.od
                0x02000508                WelcomePrompt
 .text          0x0200063c       0x3a Lab3.od
                0x0200063c                AssemblyProgram
 *fill*         0x02000676        0x2 00
 .text          0x02000678      0x6d2 C:\nburn\lib\DBMOD5270.a(bsp.od)
                0x02000b38                _sbrk_r
                0x0200078c                HardwareSetup
                0x02000ad8                DisableCache
                0x02000cf8                spaceleft
                0x02000bbc                LocalInByte
                0x02000938                ForceReboot
                0x020009f4                FlashProgram
                0x02000d34                BspGetTickFraction
                0x02000678                xTick
                0x02000954                FlashErase
                0x02000c14                LocalOutByte
                0x02000bb0                atexit
                0x0200086c                GetPreciseTime
                0x02000aec                EnableCache
                0x02000694                SetIntc
                0x02000cc4                LocalCharAvail
                0x0200067c                Tick5270
 *fill*         0x02000d4a        0x2 00
 .text          0x02000d4c       0x30 C:\nburn\lib\DBMOD5270.a(netwait.od)
                0x02000d4c                InitializeNetworkGDB_and_Wait
 .text          0x02000d7c     0x4da8 C:\nburn\lib\DBMOD5270.a(ethernet.od)
                0x0200535c                AddEthernetInterface()
                0x02000f24                StopEnet()
                0x02004f68                ResetEnet()
                0x02001540                FillerFunctionName()
                0x02005424                SetMII(unsigned char, unsigned short)
                0x02002188                dbip_obj::dbip_obj(char const*)
                0x02002200                dbip_obj::dbip_obj(char const*)
                0x02002398                InitializeNetworkGDB
                0x020052e8                InitializeEthernet()
                0x02000db8                _ZQyERYYSaz
                0x02001544                _ZNobxy
                0x02005498                EthTransmitBuffer(pool_buffer*)
                0x02002160                MakeCompilerStopComplaining()
                0x02000f78                CheckTcpDebugSettings()
                0x02004644                _Zxyzza
                0x02001514                GDBDebugConnected()
 .text          0x02005b24      0x2b8 C:\nburn\lib\DBMOD5270.a(emulticast.od)
                0x02005cac                EthDisableMulticast(MACADR)
                0x02005bb4                EthEnableMulticast(MACADR)
                0x02005b24                GetMultiCastCRC(MACADR)
 *fill*         0x02005ddc        0x4 00
 .text          0x02005de0      0x44a C:\nburn\lib\DBNetBurner.a(ucosmcfa.od)
                0x02005ec0                OSDebugTraceHalt
                0x02005de0                OSStartHighRdy
                0x02005ed0                TrapOutByte
                0x02005f00                memcpy
                0x02005f00                fmemcpy
                0x02005e00                OSCtxSw
                0x02005ef0                TrapCharAvail
                0x02005e30                OSIntCtxSw
                0x02005ee0                TrapInByte
                0x02005e60                OSTickISR
                0x02005fd0                memcpysum
                0x02005ea0                OSSetupVBR
                0x02006200                GetSR_IntLevel
                0x02006160                memset
                0x02006160                fmemset
                0x02006210                SetSR_IntLevel
 *fill*         0x0200622a        0x2 00
 .text          0x0200622c      0x42c C:\nburn\lib\DBNetBurner.a(ucosmcfc.od)
                0x020064d8                OSTaskCreate
                0x0200622c                TopOfStackKillfunction
                0x0200623c                OSTaskCreatewName
                0x02006514                OSTCBInit
                0x02006230                KillFunctionLink
 .text          0x02006658     0x2966 C:\nburn\lib\DBNetBurner.a(ucos.od)
                0x02008cd8                OSCritEnterNoWait
                0x02006936                UCOSWAITS_HERE
                0x02008838                OSFifoPostFirst
                0x02008d7c                OSCritLeave
                0x02008a10                getpid
                0x02006cf0                OSLock
                0x020080f0                OSQPostFirst
                0x02008f7c                OSTaskID
                0x02007e24                OSQPendNoWait
                0x02008f98                OSSetName
                0x02006994                OSIntExit
                0x02007360                OSSemPendNoWait
                0x02006f14                OSTaskDelete
                0x02006d18                OSUnlock
                0x02008a2c                OSCritInit
                0x02007eb8                OSQPost
                0x02008aa0                OSCritEnter
                0x020083b8                OSFifoPend
                0x0200711c                OSSemPend
                0x020075cc                OSMboxInit
                0x020078d0                OSMboxPost
                0x02008334                OSFifoInit
                0x02007b68                OSQPend
                0x02006890                OSSched
                0x02006a50                OSTimeDly
                0x020073c8                OSSemPost
                0x02006d4c                OSChangePrio
                0x02006cb4                OSTCBGetFree
                0x0200696c                OSIntEnterWAS
                0x02007880                OSMboxPendNoWait
                0x02008658                OSFifoPost
                0x02007080                OSSemInit
                0x020067fc                OSStart
                0x02006b6c                OSTimeTick
                0x02007aa8                OSQInit
                0x02008fac                OSTaskName
                0x020085ec                OSFifoPendNoWait
                0x02007648                OSMboxPend
                0x02006658                OSInit
                0x02006b3c                OSChangeTaskDly
 *fill*         0x02008fbe        0x2 00
 .text          0x02008fc0      0x19a C:\nburn\lib\DBNetBurner.a(ucosmain.od)
                0x02009018                __malloc_unlock
                0x02009084                UCosBegin
                0x0200903c                balloc_lock
                0x02008fc0                UCosSetup
                0x02009060                balloc_unlock
                0x02008ff4                __malloc_lock
 *fill*         0x0200915a        0x2 00
 .text          0x0200915c      0x978 C:\nburn\lib\DBNetBurner.a(fileio.od)
                0x0200915c                ioctl
                0x0200950c                isatty
                0x02009a70                CurrentStdioFD
                0x0200986c                lseek
                0x02009988                ReplaceStdio
                0x02009360                write
                0x02009884                fstat
                0x020092b8                rawwrite
                0x020098a4                stdioinbyte
                0x0200952c                read
                0x02009ab4                outbyte
                0x020092a0                open
                0x02009940                charavail
                0x02009aa8                fcntl
                0x02009228                close
 .text          0x02009ad4       0x8a C:\nburn\lib\DBNetBurner.a(main.od)
                0x02009b0c                main
                0x02009ad4                __do_global_ctors
 *fill*         0x02009b5e        0x2 00
 .text          0x02009b60     0x13f0 C:\nburn\lib\DBNetBurner.a(utils.od)
                0x0200acd4                fShowMac
                0x02009f98                FancyDump(unsigned char*, int)
                0x0200adac                ShowCounters
                0x02009e0c                convertHexAsciiToBinary
                0x0200a378                ShowData
                0x02009b60                kill
                0x02009e78                putbytenum
                0x02009f24                putnum
                0x0200ae18                fShowCounters
                0x0200ac68                fShowIP
                0x02009b70                _fini
                0x0200a0c8                ShowIP
                0x02009b7c                AsciiToIp
                0x0200ae98                sShowCounters
                0x0200ad58                DiagMenuPicker(int, unsigned char)
                0x0200a1b0                AskTest(char const*, unsigned long)
                0x0200a130                ShowMac
                0x02009cec                convertBinaryToHexAscii
                0x0200a2a4                SetLogLevel()
                0x0200a35c                __builtin_delete
                0x02009b68                _exit
 .text          0x0200af50     0x1db0 C:\nburn\lib\DBNetBurner.a(ip.od)
                0x0200b978                FixUpICMP(IPPKT*, unsigned char, unsigned char, unsigned char*, unsigned short)
                0x0200af50                IsMultiCast(unsigned long)
                0x0200c6fc                FixHeaderAndSend(pool_buffer*, IPPKT*)
                0x0200bd78                DoIPPacket(pool_buffer*, EFRAME*, unsigned short)
                0x0200b058                GetSum20
                0x0200cb08                PingViaInterface
                0x0200bccc                SaveError(pool_buffer*)
                0x0200c238                process_icmp(pool_buffer*, IPPKT*, unsigned short)
                0x0200b310                IpProcessEthernetPacket
                0x0200c004                FixHeaderAndSendViaInterface(pool_buffer*, IPPKT*, int)
                0x0200b5cc                ShowIPBuffer(pool_buffer*)
                0x0200c940                SendICMPError(pool_buffer*, unsigned char, unsigned char)
                0x0200bb5c                InitializeStack(unsigned long, unsigned long, unsigned long, unsigned long)
                0x0200b21c                GetData(IPPKT*)
                0x0200bca8                InitializeCStack
                0x0200ccb0                Ping
                0x0200afc0                GetSum
                0x0200bd3c                IsMyIp
                0x0200bab8                IsBroadCast(unsigned long, int)
                0x0200ba30                KillStack
                0x0200b280                PrepareIPOutput(pool_buffer*, unsigned long, unsigned short)
                0x0200af80                GetMultiAddress(unsigned long)
                0x0200c9f0                SendPing
                0x0200b0f8                GetSumHdr
                0x0200ba40                IsLocal(unsigned long, int)
                0x0200c44c                IPTask(void*)
 .text          0x0200cd00     0x183c C:\nburn\lib\DBNetBurner.a(buffers.od)
                0x0200d3b4                fifo_buffer_storage::Full()
                0x0200e00c                ShowBuffer
                0x0200d478                fifo_buffer_storage::Reset(unsigned char)
                0x0200ce70                InitBuffers
                0x0200cd24                ChangeOwnerX
                0x0200cf98                buffer_list::InsertBefore(pool_buffer*, pool_buffer*)
                0x0200d710                fifo_buffer_storage::fifo_buffer_storage(unsigned char, unsigned char)
                0x0200d388                fifo_buffer_storage::Empty()
                0x0200dbf8                fifo_buffer_storage::ReadDatawSum(unsigned char*, int, unsigned long&)
                0x0200d36c                fifo_buffer_storage::SpaceUsed()
                0x0200cd68                buffer_list::InsertHead(pool_buffer*)
                0x0200cd48                GetFreeCount
                0x0200cd00                IncUsageCount
                0x0200d6d8                fifo_buffer_storage::fifo_buffer_storage(unsigned char, unsigned char)
                0x0200cefc                buffer_list::InsertTail(pool_buffer*)
                0x0200e17c                ShowBuffers
                0x0200d530                fifo_buffer_storage::~fifo_buffer_storage()
                0x0200d544                fifo_buffer_storage::SetMaxBuffers(unsigned char)
                0x0200de74                fifo_buffer_storage::ReadData(unsigned char*, int)
                0x0200d66c                fifo_buffer_storage::Init(unsigned char, unsigned char)
                0x0200e310                DumpBuffers()
                0x0200d200                buffer_list::RemoveHead()
                0x0200d748                GetBufferX
                0x0200d108                buffer_list::Remove(pool_buffer*)
                0x0200d2bc                buffer_list::RemoveTail()
                0x0200d584                fifo_buffer_storage::LongSpaceAvail()
                0x0200d7b8                fifo_buffer_storage::WriteData(unsigned char*, int)
                0x0200ce0c                FreeBufferX
                0x0200d050                buffer_list::InsertAfter(pool_buffer*, pool_buffer*)
                0x0200d628                fifo_buffer_storage::SpaceAvail()
                0x0200d51c                fifo_buffer_storage::~fifo_buffer_storage()
 .text          0x0200e53c     0x2058 C:\nburn\lib\DBNetBurner.a(arp.od)
                0x0200f418                FindAddArp(unsigned long)
                0x0200e6c4                sendGratuitousArp(int)
                0x0200e584                MacEqual(MACADR, MACADR)
                0x0200f08c                InitializeArp()
                0x0200f1a4                FindArp(unsigned long)
                0x0200fd68                SendArp(ArpRecord*, int)
                0x02010534                GetInterface(unsigned long)
                0x0200f974                AddCheckArp(MACADR*, unsigned long, int)
                0x0200e5e8                SetMac(ArpRecord*, MACADR, int)
                0x0200f394                DeleteArpFromIp(unsigned long)
                0x0200f31c                GetArpMacFromIp(unsigned long, MACADR&)
                0x0200fdb4                RouteOutVia(EFRAME*, unsigned long, pool_buffer*, int)
                0x0200fc60                GetProperInterface(unsigned long)
                0x0200efe8                FreeOneArp()
                0x0200fa04                processArp(pool_buffer*, EFRAME*)
                0x0200e67c                NeedsArp(int)
                0x0200e970                GetNextArp(ArpRecord*)
                0x0200e800                RawSendArp(ArpRecord*, unsigned long, int)
                0x0200ee84                AgeArp()
                0x02010090                RouteOut(EFRAME*, unsigned long, pool_buffer*)
                0x0200ea6c                ShowArp()
                0x0200ec24                DeleteArp(ArpRecord*)
                0x0200ea08                GetFirstArp()
                0x02010404                GetSrcIp
                0x0200f7a0                IsMyAddressUsedArpDetect(unsigned short, int)
                0x0200e57c                Cleanup()
                0x0200e53c                IsNull(ArpRecord*)
                0x0200eb38                fShowArp(__sFILE*)
                0x0200f3bc                AddPending(MACADR*, unsigned long, int)
 .text          0x02010594     0x1b02 C:\nburn\lib\DBNetBurner.a(udp.od)
                0x0201104c                UDPPacket::Send(unsigned long, unsigned char)
                0x020106d4                UDPPacket::SetDestinationPort(unsigned short)
                0x02010800                UDPPacket::GetPacketId()
                0x02010870                UDPPacket::GetSourceAddress()
                0x02012040                UDPPacket::UDPPacket()
                0x02010da4                UDPPacket::AddDataByte(unsigned char)
                0x0201119c                UDPPacket::SendAndKeep(unsigned long, unsigned char)
                0x02010cc4                UDPPacket::AddData(unsigned char*, unsigned short)
                0x020108a4                RegisterUDPFifo(unsigned short, os_fifo*)
                0x02010dfc                UDPPacket::AddData(char const*)
                0x02010630                UDPPacket::UDPPacket(pool_buffer*)
                0x02010ef4                UDPPacket::SendViaInterface(unsigned long, int, unsigned char)
                0x020107e8                UDPPacket::GetIpPacket()
                0x02011248                UDPPacket::~UDPPacket()
                0x02010594                GetUdpFifoRec(unsigned short)
                0x02010738                UDPPacket::GetDataBuffer()
                0x020109e0                RegisterUDPFifoWithNotify(unsigned short, os_fifo*, void (*)(os_fifo*, unsigned short))
                0x02010654                UDPPacket::UDPPacket(pool_buffer*)
                0x02010798                UDPPacket::GetDataSize() const
                0x02011390                ProcessIDPacket(UDPPacket&, int)
                0x02010dcc                UDPPacket::AddDataWord(unsigned short)
                0x02011c6c                process_udp(pool_buffer*, IPPKT*, unsigned short)
                0x02010e30                UDPPacket::Validate()
                0x02010700                UDPPacket::GetDestinationPort() const
                0x02010b20                UnregisterUDPFifo(unsigned short)
                0x02011288                UDPPacket::UDPPacket(os_fifo*, unsigned long)
                0x02010768                UDPPacket::SetDataSize(unsigned short)
                0x020107d4                UDPPacket::ResetData()
                0x02011208                UDPPacket::~UDPPacket()
                0x020112e0                UDPPacket::UDPPacket(os_fifo*, unsigned long)
                0x02010678                UDPPacket::SetSourcePort(unsigned short)
                0x020106a0                UDPPacket::GetSourcePort() const
                0x02010c20                FixIDDataPacket(UDPPacket&, int)
                0x02011338                UDPPacket::UDPPacket()
                0x02010840                UDPPacket::GetDestinationAddress()
 *fill*         0x02012096        0x2 00
 .text          0x02012098     0x9afa C:\nburn\lib\DBNetBurner.a(tcp.od)
                0x0201ac18                SendTcpRst(IPPKT*)
                0x020127f4                GetTcpState(int)
                0x0201284c                GetTcpDState
                0x02016640                InitTCP()
                0x02015664                DBSHOWDATA(int, char const*, long)
                0x0201a128                _Socket_Private_read
                0x02012790                ShortSocketList::ShortSocketList()
                0x0201289c                SetOutOfOrderbuffers(int, unsigned char)
                0x02012420                GetSocketRemotePort(int)
                0x02015ee0                socket_struct::MyAdvertisedWindow()
                0x020154c0                SetSocketTxBuffers(int, int)
                0x020125d8                setsockoption(int, int)
                0x02016bd4                TcpSend(socket_struct*, unsigned long, pool_buffer*, unsigned short, unsigned char)
                0x02019a78                TCPTimerTask(void*)
                0x0201b9dc                process_tcp(pool_buffer*, IPPKT*, unsigned short)
                0x020152e4                socket_struct::ProcessRST()
                0x0201290c                TcpGetLastRxTime(int)
                0x0201940c                abortsocket
                0x02018de0                socket_struct::ProcessDataSegment(TCPPKT*, unsigned short, unsigned char*, pool_buffer*&)
                0x02012dbc                HashSocketList::RemoveSocket(socket_struct*) const
                0x020180c4                _Socket_Private_write
                0x0201263c                getsockoption(int)
                0x02017c94                socket_struct::ProcessAck(TCPPKT*)
                0x02013274                RawDumpTcpDebug(socket_struct*)
                0x020157a0                socket_struct::SaveData(unsigned char*, unsigned short, unsigned char)
                0x02014188                ShowTCPStates()
                0x02012d2c                GetTcpRtxCount(int)
                0x02012254                fixoverlap(unsigned long, unsigned long, unsigned long&, unsigned long&)
                0x02014c20                socket_struct::SetTimer(unsigned long)
                0x0201abdc                connect(unsigned long, unsigned short, unsigned short, unsigned long)
                0x02012708                HashSocketList::HashSocketList()
                0x020146b4                GetTcpSocket(TCPPKT*, unsigned long)
                0x02012c10                TcpGetRxBufferSpaceUsed(int)
                0x02016f48                socket_struct::DoRawSend()
                0x020137f4                ShowFdTcpSocket(int)
                0x02014b90                socket_struct::ClearPending(int)
                0x02015604                DBSHOWDATA(int, char const*, unsigned long)
                0x02013c6c                ShortSocketList::findsocket(unsigned short, unsigned short, unsigned long) const
                0x0201a5ac                connect(unsigned long, unsigned short, unsigned short, unsigned long, unsigned long)
                0x02018d18                TcpSendKeepAlive(int)
                0x020156c4                DBSHOWDATA(int, char const*, int)
                0x02012384                getsocketerror(int)
                0x020126e4                EnableTcpDebug(unsigned short)
                0x020198e0                socket_struct::ProcessTimer()
                0x02014cb0                socket_struct::SetUpNextRetransmit()
                0x02012700                HashSocketList::HashSocketList()
                0x02019cf0                SockReadWithTimeout
                0x02012c74                GetFreeSocketCount()
                0x020191e4                socket_struct::ProcessFIN(TCPPKT*, unsigned short)
                0x0201680c                FixHeaderAndSendTcp(pool_buffer*, IPPKT*, socket_struct*)
                0x0201268c                setsocketackbuffers(int, unsigned char)
                0x020125a0                socket_struct::CleanUpDeletedListener()
                0x020121e4                FindListenSocket(unsigned short, unsigned long)
                0x02016958                TcpSendwSum(socket_struct*, unsigned long, pool_buffer*, unsigned short, unsigned char, unsigned long)
                0x02014dcc                socket_struct::DoCleanup()
                0x020147a8                DumpTcpPacket(TCPPKT*, unsigned short)
                0x02015908                socket_struct::TestOutofOrder()
                0x020129b4                TcpGetLastRxInterval(int)
                0x02012098                GetFirstSeq()
                0x02013190                FREESOCKET(socket_struct*)
                0x0201514c                ShortSocketList::AddSocket(socket_struct*)
                0x02017a68                socket_struct::DoRetransmit(unsigned char)
                0x020127a0                ShortSocketList::Init()
                0x02013db0                ShortSocketList::processTick()
                0x02018534                _Socket_Private_close
                0x0201a148                accept(int, unsigned long*, unsigned short*, unsigned short)
                0x02012798                ShortSocketList::ShortSocketList()
                0x0201552c                SetSocketRxBuffers(int, int)
                0x02019754                listen(unsigned long, unsigned short, unsigned char)
                0x02012710                HashSocketList::Init() const
                0x02013f38                ShortSocketList::GetFreeShort()
                0x020123d4                GetSocketRemoteAddr(int)
                0x0201453c                HashSocketList::findsocket(unsigned short, unsigned short, unsigned long) const
                0x02012b8c                WaitForSocketFlush(int, unsigned long)
                0x02014b50                DumpTcpPacket(IPPKT*)
                0x020153b4                RemoveFromUserCloseList(socket_struct*)
                0x020120d0                ValidateTCP(IPPKT*, unsigned short)
                0x02016c78                ShortSocketList::process(pool_buffer*, TCPPKT*, unsigned long) const
                0x02013154                socket_struct::SetState(int)
                0x02015cfc                socket_struct::processoptions(pool_buffer*, TCPPKT*, IPPKT*)
                0x02017620                socket_struct::DoClose(int)
                0x020195b8                GetFreeSocket()
                0x02012474                GetSocketLocalPort(int)
                0x02015fb0                ShowTcpSocket(socket_struct*)
                0x02015598                DBSHOWDATA(int, char const*, unsigned short)
                0x0201441c                HashSocketList::AddSocket(socket_struct*) const
                0x0201273c                ShortSocketList::FreeShort(ShortSocket*) const
                0x020124c8                socket_struct::CalcRTO(unsigned long)
                0x02019c70                socket_struct::OpenWindow()
                0x0201b930                SendTcpSynRst(IPPKT*)
                0x02012b04                TcpAllDataAcked(int)
                0x02017554                clrsockoption(int, int)
                0x02012960                TcpGetSocketState(int)
                0x020137e4                DumpTcpDebug()
                0x02015724                GetSocketLocalAddr(int)
                0x020165d4                DBSHOWDATA(int, char const*, unsigned char)
                0x0201ad0c                socket_struct::process(pool_buffer*, TCPPKT*)
                0x0201285c                RegisterTCPReadNotify
                0x02012ea4                DebugTraceFunc(socket_struct*, IPPKT*, TCPPKT*, unsigned short, int)
                0x020186cc                socket_struct::SendState(unsigned short, pool_buffer*)
 *fill*         0x0201bb92        0x2 00
 .text          0x0201bb94      0x8fc C:\nburn\lib\DBNetBurner.a(iosys.od)
                0x0201c138                SetDataAvail
                0x0201bef4                writeall
                0x0201bfcc                RawCheckSelects()
                0x0201c0d8                SetHaveError
                0x0201c17c                RemoveSelect(PendingSelect*)
                0x0201c0f4                SetWriteAvail
                0x0201bd68                ZeroWaitSelect
                0x0201c210                AddSelect(PendingSelect*)
                0x0201bc84                FD_ISSET
                0x0201bfb4                ClrDataAvail
                0x0201c28c                select
                0x0201bf9c                ClrWriteAvail
                0x0201c06c                CheckSelects()
                0x0201be80                writestring
                0x0201bd24                countbits(fd_set*)
                0x0201bc08                FD_OVERLAP(fd_set*, fd_set*)
                0x0201be38                dataavail
                0x0201bc68                FD_ZERO
                0x0201bbd0                FD_SET
                0x0201bf84                ClrHaveError
                0x0201bce8                countdwbits(unsigned long)
                0x0201c374                ReadWithTimeout
                0x0201bb94                FD_CLR
 .text          0x0201c490      0x5ba C:\nburn\lib\DBNetBurner.a(netinterface.od)
                0x0201c914                InitializeNetwork(void (*)(pool_buffer*, EFRAME*, unsigned short), void (*)(pool_buffer*, EFRAME*))
                0x0201c558                InterfaceIP(int)
                0x0201c6e4                GetEframe(pool_buffer*)
                0x0201c87c                SaveIfConfig(ConfigRecord*, int)
                0x0201c490                GetFirstInterface()
                0x0201c8c4                GetIfConfig(int)
                0x0201c678                InterfaceMAC(int)
                0x0201c51c                GetInterFaceBlock(int)
                0x0201c5a0                InterfaceDNS(int)
                0x0201c5e8                InterfaceMASK(int)
                0x0201c4d4                GetnextInterface(int)
                0x0201c98c                TransmitBuffer(pool_buffer*, int)
                0x0201c744                DisableMulticast(MACADR, int)
                0x0201c794                RegisterInterface(_InterfaceBlock*)
                0x0201c6f8                EnableMulticast(MACADR, int)
                0x0201c830                Removeinterface(int)
                0x0201c78c                StopNetworks()
                0x0201c630                InterfaceGate(int)
 *fill*         0x0201ca4a        0x2 00
 .text          0x0201ca4c      0xa1c C:\nburn\lib\DBNetBurner.a(autoupdate.od)
                0x0201d368                ProcessAutoUpdatePacket(UDPPacket&)
                0x0201ce44                DoData(UDPPacket&)
                0x0201ca4c                EnableAutoUpdate
                0x0201ca7c                DoReboot()
                0x0201cacc                DoExecute(UDPPacket&, int)
                0x0201d084                DoStart(UDPPacket&)
 .text          0x0201d468       0x4c C:\nburn\lib\DBNetBurner.a(device.od)
                0x0201d488                DeviceInitializeSem
                0x0201d468                DeviceGetQspiSem()
                0x0201d478                DeviceGetI2cSem()
 .text          0x0201d4b4      0x92c C:\nburn\lib\DBNetBurner.a(system.od)
                0x0201d830                GetUserParameters
                0x0201d57c                UpdateConfigRecord_Num
                0x0201d540                RawGetConfig
                0x0201d4b4                isvalidcr
                0x0201dc44                SetupDialog
                0x0201d840                ReadLine
                0x0201d79c                UpdateConfigRecord
                0x0201db10                IpQuestion
                0x0201d7b0                SaveUserParameters
                0x0201dbec                ShowChange
 .text          0x0201dde0      0x396 C:\nburn\lib\DBMOD5270.a(ioboard.od)
                0x0201df90                getleds
                0x0201e128                getCPLDver
                0x0201e0a8                getDecimal
                0x0201df34                putleds
                0x0201dfcc                putdisp
                0x0201e078                putDecimal
                0x0201e150                getCPLDrev
                0x0201dde0                InitChipBoardSelect
                0x0201e028                getdisp
                0x0201ded8                getdipsw
                0x0201e0d4                putSegments
                0x0201de38                OnModDev70
 *fill*         0x0201e176        0x2 00
 .text          0x0201e178     0x275c C:\nburn\lib\DBMOD5270.a(serial.od)
                0x0201e7bc                real_SER0_ISR
                0x0201e178                WakeTx(int)
                0x0201f80c                SerialClose
                0x0201f768                SendBreak
                0x0201f970                OpenSerial
                0x0201f2ac                GetUartErrorReg
                0x0201f460                fShowSerialData(__sFILE*)
                0x0201e768                fake_SER0_ISR()
                0x0201e840                fake_SER2_ISR()
                0x0201e7d8                SER1_ISR
                0x0201e8ac                SerialEnableTxFlow
                0x0201e988                SerialEnableRxFlow
                0x0201e27c                DoSerIsr(int)
                0x0201f070                Serial485HalfDupMode
                0x0201e7d4                fake_SER1_ISR()
                0x0201ee70                SerialEnableHwRxFlow
                0x02020248                serread
                0x020206f0                BasePutChar(int, unsigned char)
                0x02020268                BaseGetChar(int)
                0x0201e894                real_SER2_ISR
                0x0201fecc                serreadwto
                0x02020544                serwriteaddress
                0x0201e828                real_SER1_ISR
                0x0202037c                serwrite
                0x0201f940                serexternalclose
                0x0201e76c                SER0_ISR
                0x0201e844                SER2_ISR
                0x0201eb1c                SerialEnableHwTxFlow
 .text          0x020208d4     0x25f4 C:\nburn\lib\DBMOD5270.a(etherprint.od)
                0x02021074                EtherLink()
                0x02020e4c                EtherSpeed100()
                0x02022e04                denet()
                0x02022a80                ShowFECRegisters()
                0x02020a88                EtherInit()
                0x02021188                ShowMII(unsigned char, unsigned char, char const*, unsigned short)
                0x020208d4                GetMII(unsigned char, unsigned char)
                0x02022e10                elink()
                0x02022df8                dEnet()
                0x02020a54                SwitchMIIPage(unsigned long)
                0x02020998                SetMII(unsigned char, unsigned char, unsigned short)
                0x02020c24                EtherDuplex()
                0x020210c8                showbinary(unsigned short, unsigned short)
                0x0202120c                ShowPhyterMII()
 .text          0x02022ec8      0x2cc C:\nburn\lib\DBNetBurner.a(extraio.od)
                0x02022f38                ExpandWrite(int, char const*, int)
                0x02022fa8                ExpandClose(int)
                0x0202300c                InitExtras()
                0x0202304c                GetExtraFD
                0x02022ec8                ExpandRead(int, char*, int)
                0x02023108                FreeExtraFd
                0x02023158                GetExtraData
 .text          0x02023194        0x0 c:/nburn/gcc-m68k/bin/../lib/gcc/m68k-elf/4.2.1/../../../../m68k-elf/lib/m5208\libstdc++.a(eh_personality.o)
 .text          0x02023194        0x0 c:/nburn/gcc-m68k/bin/../lib/gcc/m68k-elf/4.2.1/../../../../m68k-elf/lib/m5208\libstdc++.a(eh_alloc.o)
 .text          0x02023194        0x0 c:/nburn/gcc-m68k/bin/../lib/gcc/m68k-elf/4.2.1/../../../../m68k-elf/lib/m5208\libstdc++.a(eh_throw.o)
 .text          0x02023194        0x0 c:/nburn/gcc-m68k/bin/../lib/gcc/m68k-elf/4.2.1/../../../../m68k-elf/lib/m5208\libstdc++.a(eh_globals.o)
 .text          0x02023194        0x0 c:/nburn/gcc-m68k/bin/../lib/gcc/m68k-elf/4.2.1/../../../../m68k-elf/lib/m5208\libstdc++.a(eh_exception.o)
 .text          0x02023194        0x0 c:/nburn/gcc-m68k/bin/../lib/gcc/m68k-elf/4.2.1/../../../../m68k-elf/lib/m5208\libstdc++.a(eh_catch.o)
 .text          0x02023194        0x0 c:/nburn/gcc-m68k/bin/../lib/gcc/m68k-elf/4.2.1/../../../../m68k-elf/lib/m5208\libstdc++.a(eh_terminate.o)
 .text          0x02023194        0x0 c:/nburn/gcc-m68k/bin/../lib/gcc/m68k-elf/4.2.1/../../../../m68k-elf/lib/m5208\libstdc++.a(eh_call.o)
 .text          0x02023194        0x0 c:/nburn/gcc-m68k/bin/../lib/gcc/m68k-elf/4.2.1/../../../../m68k-elf/lib/m5208\libstdc++.a(del_op.o)
 .text          0x02023194        0x0 c:/nburn/gcc-m68k/bin/../lib/gcc/m68k-elf/4.2.1/../../../../m68k-elf/lib/m5208\libstdc++.a(class_type_info.o)
 .text          0x02023194        0x0 c:/nburn/gcc-m68k/bin/../lib/gcc/m68k-elf/4.2.1/../../../../m68k-elf/lib/m5208\libstdc++.a(eh_term_handler.o)
 .text          0x02023194        0x0 c:/nburn/gcc-m68k/bin/../lib/gcc/m68k-elf/4.2.1/../../../../m68k-elf/lib/m5208\libstdc++.a(eh_unex_handler.o)
 .text          0x02023194        0x0 c:/nburn/gcc-m68k/bin/../lib/gcc/m68k-elf/4.2.1/../../../../m68k-elf/lib/m5208\libstdc++.a(si_class_type_info.o)
 .text          0x02023194        0x0 c:/nburn/gcc-m68k/bin/../lib/gcc/m68k-elf/4.2.1/../../../../m68k-elf/lib/m5208\libstdc++.a(vterminate.o)
 .text          0x02023194     0x4ae6 c:/nburn/gcc-m68k/bin/../lib/gcc/m68k-elf/4.2.1/../../../../m68k-elf/lib/m5208\libstdc++.a(cp-demangle.o)
                0x02027ba2                __cxa_demangle
 *fill*         0x02027c7a        0x2 00
 .text          0x02027c7c        0x0 c:/nburn/gcc-m68k/bin/../lib/gcc/m68k-elf/4.2.1/../../../../m68k-elf/lib/m5208\libstdc++.a(tinfo.o)
 .text          0x02027c7c        0x0 c:/nburn/gcc-m68k/bin/../lib/gcc/m68k-elf/4.2.1/../../../../m68k-elf/lib/m5208\libstdc++.a(eh_type.o)
 .text          0x02027c7c      0xba0 c:/nburn/gcc-m68k/bin/../lib/gcc/m68k-elf/4.2.1/m5208\libgcc.a(_double.o)
                0x0202877a                __cmpdf2
                0x02027cdc                __adddf3
                0x02028644                __negdf2
                0x02028354                __divdf3
                0x020286a2                __cmpdf2_internal
                0x02028178                __muldf3
                0x02027cd6                __subdf3
 .text          0x0202881c       0x74 c:/nburn/gcc-m68k/bin/../lib/gcc/m68k-elf/4.2.1/m5208\libgcc.a(_floatex.o)
                0x02028828                $_exception_handler
                0x0202881c                __clear_sticky_bit
 .text          0x02028890       0x22 c:/nburn/gcc-m68k/bin/../lib/gcc/m68k-elf/4.2.1/m5208\libgcc.a(_ltdf2.o)
                0x02028890                __ltdf2
 *fill*         0x020288b2        0x2 00
 .text          0x020288b4      0x49a c:/nburn/gcc-m68k/bin/../lib/gcc/m68k-elf/4.2.1/m5208\libgcc.a(fpgnulib.o)
                0x02028d34                __fixsfsi
                0x02028a1c                __floatsidf
                0x02028af2                __extendsfdf2
                0x020289aa                __floatunsidf
                0x02028cb4                __fixdfsi
                0x02028ad8                __floatsisf
                0x02028b8c                __truncdfsf2
                0x020288b4                __unordsf2
                0x02028abe                __floatunsisf
                0x02028916                __unorddf2
 *fill*         0x02028d4e        0x2 00
 .text          0x02028d50     0x1f0e c:/nburn/gcc-m68k/bin/../lib/gcc/m68k-elf/4.2.1/m5208\libgcc.a(unwind-dw2.o)
                0x020290f2                _Unwind_GetIPInfo
                0x02028dd6                _Unwind_GetIP
                0x0202aac2                _Unwind_Resume_or_Rethrow
                0x02028e08                _Unwind_GetRegionStart
                0x0202a7ca                _Unwind_Backtrace
                0x02028dc6                _Unwind_GetCFA
                0x020299c0                __frame_state_for
                0x0202ab50                _Unwind_Resume
                0x02028e38                _Unwind_DeleteException
                0x0202a8e6                _Unwind_RaiseException
                0x02028de6                _Unwind_SetIP
                0x02028e28                _Unwind_GetTextRelBase
                0x020290ce                _Unwind_FindEnclosingFunction
                0x02028df8                _Unwind_GetLanguageSpecificData
                0x0202abd6                _Unwind_ForcedUnwind
                0x02028e56                _Unwind_SetGR
                0x02028ebc                _Unwind_GetGR
                0x02028e18                _Unwind_GetDataRelBase
 *fill*         0x0202ac5e        0x2 00
 .text          0x0202ac60     0x126c c:/nburn/gcc-m68k/bin/../lib/gcc/m68k-elf/4.2.1/m5208\libgcc.a(unwind-dw2-fde.o)
                0x0202bd7e                _Unwind_Find_FDE
                0x0202b574                __register_frame
                0x0202b552                __register_frame_table
                0x0202acd6                __register_frame_info_bases
                0x0202bcb6                __deregister_frame_info
                0x0202bbf8                __deregister_frame_info_bases
                0x0202ad42                __register_frame_info_table_bases
                0x0202bcc0                __deregister_frame
                0x0202ad94                __register_frame_info_table
                0x0202ad26                __register_frame_info
 .text          0x0202becc       0x18 c:/nburn/gcc-m68k/bin/../lib/gcc/m68k-elf/4.2.1/../../../../m68k-elf/lib/m5208\libc.a(lib_a-abort.o)
                0x0202becc                abort
 .text          0x0202bee4       0x1e c:/nburn/gcc-m68k/bin/../lib/gcc/m68k-elf/4.2.1/../../../../m68k-elf/lib/m5208\libc.a(lib_a-cxa_atexit.o)
                0x0202bee4                __cxa_atexit
 *fill*         0x0202bf02        0x2 00
 .text          0x0202bf04        0xe c:/nburn/gcc-m68k/bin/../lib/gcc/m68k-elf/4.2.1/../../../../m68k-elf/lib/m5208\libc.a(lib_a-errno.o)
                0x0202bf04                __errno
 *fill*         0x0202bf12        0x2 00
 .text          0x0202bf14       0x24 c:/nburn/gcc-m68k/bin/../lib/gcc/m68k-elf/4.2.1/../../../../m68k-elf/lib/m5208\libc.a(lib_a-fiprintf.o)
                0x0202bf14                fiprintf
 .text          0x0202bf38       0xaa c:/nburn/gcc-m68k/bin/../lib/gcc/m68k-elf/4.2.1/../../../../m68k-elf/lib/m5208\libc.a(lib_a-fputc.o)
                0x0202bf86                _fputc_r
                0x0202bf38                fputc
 *fill*         0x0202bfe2        0x2 00
 .text          0x0202bfe4       0x90 c:/nburn/gcc-m68k/bin/../lib/gcc/m68k-elf/4.2.1/../../../../m68k-elf/lib/m5208\libc.a(lib_a-fputs.o)
                0x0202bfe4                _fputs_r
                0x0202c05a                fputs
 .text          0x0202c074      0x37e c:/nburn/gcc-m68k/bin/../lib/gcc/m68k-elf/4.2.1/../../../../m68k-elf/lib/m5208\libc.a(lib_a-fvwrite.o)
                0x0202c074                __sfvwrite_r
 *fill*         0x0202c3f2        0x2 00
 .text          0x0202c3f4       0x9e c:/nburn/gcc-m68k/bin/../lib/gcc/m68k-elf/4.2.1/../../../../m68k-elf/lib/m5208\libc.a(lib_a-fwrite.o)
                0x0202c3f4                _fwrite_r
                0x0202c470                fwrite
 *fill*         0x0202c492        0x2 00
 .text          0x0202c494        0x0 c:/nburn/gcc-m68k/bin/../lib/gcc/m68k-elf/4.2.1/../../../../m68k-elf/lib/m5208\libc.a(lib_a-impure.o)
 .text          0x0202c494       0x54 c:/nburn/gcc-m68k/bin/../lib/gcc/m68k-elf/4.2.1/../../../../m68k-elf/lib/m5208\libc.a(lib_a-iprintf.o)
                0x0202c494                _iprintf_r
                0x0202c4be                iprintf
 .text          0x0202c4e8       0x32 c:/nburn/gcc-m68k/bin/../lib/gcc/m68k-elf/4.2.1/../../../../m68k-elf/lib/m5208\libc.a(lib_a-malloc.o)
                0x0202c502                malloc
                0x0202c4e8                free
 *fill*         0x0202c51a        0x2 00
 .text          0x0202c51c      0x78c c:/nburn/gcc-m68k/bin/../lib/gcc/m68k-elf/4.2.1/../../../../m68k-elf/lib/m5208\libc.a(lib_a-mallocr.o)
                0x0202c51c                _malloc_r
 .text          0x0202cca8       0xd2 c:/nburn/gcc-m68k/bin/../lib/gcc/m68k-elf/4.2.1/../../../../m68k-elf/lib/m5208\libc.a(lib_a-memchr.o)
                0x0202cca8                memchr
 *fill*         0x0202cd7a        0x2 00
 .text          0x0202cd7c       0x72 c:/nburn/gcc-m68k/bin/../lib/gcc/m68k-elf/4.2.1/../../../../m68k-elf/lib/m5208\libc.a(lib_a-memcmp.o)
                0x0202cd7c                memcmp
 *fill*         0x0202cdee        0x2 00
 .text          0x0202cdf0       0xb6 c:/nburn/gcc-m68k/bin/../lib/gcc/m68k-elf/4.2.1/../../../../m68k-elf/lib/m5208\libc.a(lib_a-memmove.o)
                0x0202cdf0                memmove
 *fill*         0x0202cea6        0x2 00
 .text          0x0202cea8       0x54 c:/nburn/gcc-m68k/bin/../lib/gcc/m68k-elf/4.2.1/../../../../m68k-elf/lib/m5208\libc.a(lib_a-printf.o)
                0x0202cea8                printf
                0x0202ced2                _printf_r
 .text          0x0202cefc       0x3a c:/nburn/gcc-m68k/bin/../lib/gcc/m68k-elf/4.2.1/../../../../m68k-elf/lib/m5208\libc.a(lib_a-putchar.o)
                0x0202cefc                putchar
                0x0202cf1a                _putchar_r
 *fill*         0x0202cf36        0x2 00
 .text          0x0202cf38      0x16a c:/nburn/gcc-m68k/bin/../lib/gcc/m68k-elf/4.2.1/../../../../m68k-elf/lib/m5208\libc.a(lib_a-putc.o)
                0x0202cff2                _putc_r
                0x0202cf38                putc
 *fill*         0x0202d0a2        0x2 00
 .text          0x0202d0a4       0x8a c:/nburn/gcc-m68k/bin/../lib/gcc/m68k-elf/4.2.1/../../../../m68k-elf/lib/m5208\libc.a(lib_a-puts.o)
                0x0202d0a4                _puts_r
                0x0202d118                puts
 *fill*         0x0202d12e        0x2 00
 .text          0x0202d130       0x1c c:/nburn/gcc-m68k/bin/../lib/gcc/m68k-elf/4.2.1/../../../../m68k-elf/lib/m5208\libc.a(lib_a-realloc.o)
                0x0202d130                realloc
 .text          0x0202d14c      0x502 c:/nburn/gcc-m68k/bin/../lib/gcc/m68k-elf/4.2.1/../../../../m68k-elf/lib/m5208\libc.a(lib_a-reallocr.o)
                0x0202d14c                _realloc_r
 *fill*         0x0202d64e        0x2 00
 .text          0x0202d650       0x4e c:/nburn/gcc-m68k/bin/../lib/gcc/m68k-elf/4.2.1/../../../../m68k-elf/lib/m5208\libc.a(lib_a-rget.o)
                0x0202d68a                __srget
                0x0202d650                __srget_r
 *fill*         0x0202d69e        0x2 00
 .text          0x0202d6a0       0x56 c:/nburn/gcc-m68k/bin/../lib/gcc/m68k-elf/4.2.1/../../../../m68k-elf/lib/m5208\libc.a(lib_a-scanf.o)
                0x0202d6a0                _scanf_r
                0x0202d6ca                scanf
 *fill*         0x0202d6f6        0x2 00
 .text          0x0202d6f8       0x34 c:/nburn/gcc-m68k/bin/../lib/gcc/m68k-elf/4.2.1/../../../../m68k-elf/lib/m5208\libc.a(lib_a-setjmp.o)
                0x0202d70e                longjmp
                0x0202d6f8                setjmp
 .text          0x0202d72c      0x1ee c:/nburn/gcc-m68k/bin/../lib/gcc/m68k-elf/4.2.1/../../../../m68k-elf/lib/m5208\libc.a(lib_a-setvbuf.o)
                0x0202d72c                setvbuf
 *fill*         0x0202d91a        0x2 00
 .text          0x0202d91c      0x270 c:/nburn/gcc-m68k/bin/../lib/gcc/m68k-elf/4.2.1/../../../../m68k-elf/lib/m5208\libc.a(lib_a-signal.o)
                0x0202db10                _signal_r
                0x0202da30                _raise_r
                0x0202d996                __sigtramp_r
                0x0202db74                signal
                0x0202d986                _init_signal
                0x0202d91c                _init_signal_r
                0x0202da1a                __sigtramp
                0x0202dafa                raise
 .text          0x0202db8c       0x42 c:/nburn/gcc-m68k/bin/../lib/gcc/m68k-elf/4.2.1/../../../../m68k-elf/lib/m5208\libc.a(lib_a-signalr.o)
                0x0202db98                _kill_r
                0x0202db8c                _getpid_r
 *fill*         0x0202dbce        0x2 00
 .text          0x0202dbd0       0xba c:/nburn/gcc-m68k/bin/../lib/gcc/m68k-elf/4.2.1/../../../../m68k-elf/lib/m5208\libc.a(lib_a-siprintf.o)
                0x0202dc2e                _siprintf_r
                0x0202dbd0                siprintf
 *fill*         0x0202dc8a        0x2 00
 .text          0x0202dc8c       0x7c c:/nburn/gcc-m68k/bin/../lib/gcc/m68k-elf/4.2.1/../../../../m68k-elf/lib/m5208\libc.a(lib_a-strcat.o)
                0x0202dc8c                strcat
 .text          0x0202dd08       0x70 c:/nburn/gcc-m68k/bin/../lib/gcc/m68k-elf/4.2.1/../../../../m68k-elf/lib/m5208\libc.a(lib_a-strcmp.o)
                0x0202dd08                strcmp
 .text          0x0202dd78       0x22 c:/nburn/gcc-m68k/bin/../lib/gcc/m68k-elf/4.2.1/../../../../m68k-elf/lib/m5208\libc.a(lib_a-strcpy.o)
                0x0202dd78                strcpy
 *fill*         0x0202dd9a        0x2 00
 .text          0x0202dd9c       0x1a c:/nburn/gcc-m68k/bin/../lib/gcc/m68k-elf/4.2.1/../../../../m68k-elf/lib/m5208\libc.a(lib_a-strlen.o)
                0x0202dd9c                strlen
 *fill*         0x0202ddb6        0x2 00
 .text          0x0202ddb8       0xda c:/nburn/gcc-m68k/bin/../lib/gcc/m68k-elf/4.2.1/../../../../m68k-elf/lib/m5208\libc.a(lib_a-strncmp.o)
                0x0202ddb8                strncmp
 *fill*         0x0202de92        0x2 00
 .text          0x0202de94       0x26 c:/nburn/gcc-m68k/bin/../lib/gcc/m68k-elf/4.2.1/../../../../m68k-elf/lib/m5208\libc.a(lib_a-toupper.o)
                0x0202de94                toupper
 *fill*         0x0202deba        0x2 00
 .text          0x0202debc     0x1280 c:/nburn/gcc-m68k/bin/../lib/gcc/m68k-elf/4.2.1/../../../../m68k-elf/lib/m5208\libc.a(lib_a-vfiprintf.o)
                0x0202f11e                vfiprintf
                0x0202df00                _vfiprintf_r
 .text          0x0202f13c     0x1fac c:/nburn/gcc-m68k/bin/../lib/gcc/m68k-elf/4.2.1/../../../../m68k-elf/lib/m5208\libc.a(lib_a-vfprintf.o)
                0x0202f180                _vfprintf_r
                0x020310ca                vfprintf
 .text          0x020310e8     0x11ec c:/nburn/gcc-m68k/bin/../lib/gcc/m68k-elf/4.2.1/../../../../m68k-elf/lib/m5208\libc.a(lib_a-vfscanf.o)
                0x02032200                __svfscanf
                0x0203221e                _vfscanf_r
                0x02032282                vfscanf
                0x020310e8                __svfscanf_r
 .text          0x020322d4      0x124 c:/nburn/gcc-m68k/bin/../lib/gcc/m68k-elf/4.2.1/../../../../m68k-elf/lib/m5208\libc.a(lib_a-wbuf.o)
                0x020322d4                __swbuf_r
                0x020323de                __swbuf
 .text          0x020323f8       0x7c c:/nburn/gcc-m68k/bin/../lib/gcc/m68k-elf/4.2.1/../../../../m68k-elf/lib/m5208\libc.a(lib_a-wcrtomb.o)
                0x020323f8                _wcrtomb_r
                0x02032458                wcrtomb
 .text          0x02032474      0x130 c:/nburn/gcc-m68k/bin/../lib/gcc/m68k-elf/4.2.1/../../../../m68k-elf/lib/m5208\libc.a(lib_a-wcsrtombs.o)
                0x02032474                _wcsrtombs_r
                0x02032582                wcsrtombs
 .text          0x020325a4      0x452 c:/nburn/gcc-m68k/bin/../lib/gcc/m68k-elf/4.2.1/../../../../m68k-elf/lib/m5208\libc.a(lib_a-wctomb_r.o)
                0x020325a4                _wctomb_r
 *fill*         0x020329f6        0x2 00
 .text          0x020329f8      0x130 c:/nburn/gcc-m68k/bin/../lib/gcc/m68k-elf/4.2.1/../../../../m68k-elf/lib/m5208\libc.a(lib_a-wsetup.o)
                0x020329f8                __swsetup
 .text          0x02032b28       0xe8 c:/nburn/gcc-m68k/bin/../lib/gcc/m68k-elf/4.2.1/../../../../m68k-elf/lib/m5208\libc.a(lib_a-__atexit.o)
                0x02032b28                __register_exitproc
 .text          0x02032c10        0x0 c:/nburn/gcc-m68k/bin/../lib/gcc/m68k-elf/4.2.1/../../../../m68k-elf/lib/m5208\libc.a(lib_a-ctype_.o)
 .text          0x02032c10     0x160a c:/nburn/gcc-m68k/bin/../lib/gcc/m68k-elf/4.2.1/../../../../m68k-elf/lib/m5208\libc.a(lib_a-dtoa.o)
                0x02032dc2                _dtoa_r
 *fill*         0x0203421a        0x2 00
 .text          0x0203421c      0x198 c:/nburn/gcc-m68k/bin/../lib/gcc/m68k-elf/4.2.1/../../../../m68k-elf/lib/m5208\libc.a(lib_a-fflush.o)
                0x0203421c                fflush
 .text          0x020343b4      0x25e c:/nburn/gcc-m68k/bin/../lib/gcc/m68k-elf/4.2.1/../../../../m68k-elf/lib/m5208\libc.a(lib_a-findfp.o)
                0x0203440e                __sinit
                0x020344c6                __sfmoreglue
                0x020344b4                _cleanup
                0x0203449a                _cleanup_r
                0x02034534                __sfp
 *fill*         0x02034612        0x2 00
 .text          0x02034614      0x248 c:/nburn/gcc-m68k/bin/../lib/gcc/m68k-elf/4.2.1/../../../../m68k-elf/lib/m5208\libc.a(lib_a-fread.o)
                0x0203483a                fread
                0x02034614                _fread_r
 .text          0x0203485c      0x422 c:/nburn/gcc-m68k/bin/../lib/gcc/m68k-elf/4.2.1/../../../../m68k-elf/lib/m5208\libc.a(lib_a-freer.o)
                0x0203494c                _free_r
                0x0203485c                _malloc_trim_r
 *fill*         0x02034c7e        0x2 00
 .text          0x02034c80       0xe4 c:/nburn/gcc-m68k/bin/../lib/gcc/m68k-elf/4.2.1/../../../../m68k-elf/lib/m5208\libc.a(lib_a-fwalk.o)
                0x02034c80                _fwalk
                0x02034cf0                _fwalk_reent
 .text          0x02034d64       0x2a c:/nburn/gcc-m68k/bin/../lib/gcc/m68k-elf/4.2.1/../../../../m68k-elf/lib/m5208\libc.a(lib_a-iswspace.o)
                0x02034d64                iswspace
 *fill*         0x02034d8e        0x2 00
 .text          0x02034d90       0xa6 c:/nburn/gcc-m68k/bin/../lib/gcc/m68k-elf/4.2.1/../../../../m68k-elf/lib/m5208\libc.a(lib_a-locale.o)
                0x02034dbe                _setlocale_r
                0x02034d90                __locale_charset
                0x02034d9e                _localeconv_r
                0x02034e1e                setlocale
                0x02034dac                localeconv
 *fill*         0x02034e36        0x2 00
 .text          0x02034e38      0x178 c:/nburn/gcc-m68k/bin/../lib/gcc/m68k-elf/4.2.1/../../../../m68k-elf/lib/m5208\libc.a(lib_a-makebuf.o)
                0x02034e38                __smakebuf
 .text          0x02034fb0       0x8c c:/nburn/gcc-m68k/bin/../lib/gcc/m68k-elf/4.2.1/../../../../m68k-elf/lib/m5208\libc.a(lib_a-mbrtowc.o)
                0x0203501a                mbrtowc
                0x02034fb0                _mbrtowc_r
 .text          0x0203503c       0x56 c:/nburn/gcc-m68k/bin/../lib/gcc/m68k-elf/4.2.1/../../../../m68k-elf/lib/m5208\libc.a(lib_a-mbtowc_r.o)
                0x0203503c                _mbtowc_r
 *fill*         0x02035092        0x2 00
 .text          0x02035094      0xc78 c:/nburn/gcc-m68k/bin/../lib/gcc/m68k-elf/4.2.1/../../../../m68k-elf/lib/m5208\libc.a(lib_a-mprec.o)
                0x020353e8                _mprec_log10
                0x0203549e                __any_on
                0x02035544                _Balloc
                0x02035356                __ratio
                0x02035a6c                __i2b
                0x02035266                __b2d
                0x02035c34                __s2b
                0x02035184                __mcmp
                0x02035094                __hi0bits
                0x02035b52                __pow5mult
                0x02035850                __lshift
                0x020358fe                __multiply
                0x020355fa                __d2b
                0x0203545a                __copybits
                0x020351e4                __ulp
                0x02035710                __mdiff
                0x020350f8                __lo0bits
                0x02035a8e                __multadd
                0x0203550a                _Bfree
 .text          0x02035d0c      0x21c c:/nburn/gcc-m68k/bin/../lib/gcc/m68k-elf/4.2.1/../../../../m68k-elf/lib/m5208\libc.a(lib_a-refill.o)
                0x02035d30                __srefill_r
 .text          0x02035f28       0xbc c:/nburn/gcc-m68k/bin/../lib/gcc/m68k-elf/4.2.1/../../../../m68k-elf/lib/m5208\libc.a(lib_a-sccl.o)
                0x02035f28                __sccl
 .text          0x02035fe4        0xe c:/nburn/gcc-m68k/bin/../lib/gcc/m68k-elf/4.2.1/../../../../m68k-elf/lib/m5208\libc.a(lib_a-sf_nan.o)
                0x02035fe4                nanf
 *fill*         0x02035ff2        0x2 00
 .text          0x02035ff4       0x42 c:/nburn/gcc-m68k/bin/../lib/gcc/m68k-elf/4.2.1/../../../../m68k-elf/lib/m5208\libc.a(lib_a-s_isinfd.o)
                0x02035ff4                __isinfd
 *fill*         0x02036036        0x2 00
 .text          0x02036038       0x34 c:/nburn/gcc-m68k/bin/../lib/gcc/m68k-elf/4.2.1/../../../../m68k-elf/lib/m5208\libc.a(lib_a-s_isnand.o)
                0x02036038                __isnand
 .text          0x0203606c       0xba c:/nburn/gcc-m68k/bin/../lib/gcc/m68k-elf/4.2.1/../../../../m68k-elf/lib/m5208\libc.a(lib_a-sprintf.o)
                0x020360ca                _sprintf_r
                0x0203606c                sprintf
 *fill*         0x02036126        0x2 00
 .text          0x02036128      0x162 c:/nburn/gcc-m68k/bin/../lib/gcc/m68k-elf/4.2.1/../../../../m68k-elf/lib/m5208\libc.a(lib_a-stdio.o)
                0x02036146                __sseek
                0x02036238                __sread
                0x02036128                __sclose
                0x020361a8                __swrite
 *fill*         0x0203628a        0x2 00
 .text          0x0203628c     0x174a c:/nburn/gcc-m68k/bin/../lib/gcc/m68k-elf/4.2.1/../../../../m68k-elf/lib/m5208\libc.a(lib_a-strtod.o)
                0x020362de                _strtod_r
                0x020379bc                strtod
                0x020378d6                strtof
 *fill*         0x020379d6        0x2 00
 .text          0x020379d8      0x254 c:/nburn/gcc-m68k/bin/../lib/gcc/m68k-elf/4.2.1/../../../../m68k-elf/lib/m5208\libc.a(lib_a-strtoll_r.o)
                0x020379d8                _strtoll_r
 .text          0x02037c2c      0x18a c:/nburn/gcc-m68k/bin/../lib/gcc/m68k-elf/4.2.1/../../../../m68k-elf/lib/m5208\libc.a(lib_a-strtol.o)
                0x02037d98                strtol
                0x02037c2c                _strtol_r
 *fill*         0x02037db6        0x2 00
 .text          0x02037db8      0x2ba c:/nburn/gcc-m68k/bin/../lib/gcc/m68k-elf/4.2.1/../../../../m68k-elf/lib/m5208\libc.a(lib_a-strtoull_r.o)
                0x02037db8                _strtoull_r
 *fill*         0x02038072        0x2 00
 .text          0x02038074      0x19e c:/nburn/gcc-m68k/bin/../lib/gcc/m68k-elf/4.2.1/../../../../m68k-elf/lib/m5208\libc.a(lib_a-strtoul.o)
                0x020381f4                strtoul
                0x02038074                _strtoul_r
 *fill*         0x02038212        0x2 00
 .text          0x02038214      0x230 c:/nburn/gcc-m68k/bin/../lib/gcc/m68k-elf/4.2.1/../../../../m68k-elf/lib/m5208\libc.a(lib_a-ungetc.o)
                0x0203842a                ungetc
                0x02038214                __submore
                0x020382d2                _ungetc_r
 .text          0x02038444       0x3e c:/nburn/gcc-m68k/bin/../lib/gcc/m68k-elf/4.2.1/../../../../m68k-elf/lib/m5208\libc.a(lib_a-writer.o)
                0x02038444                _write_r
 *fill*         0x02038482        0x2 00
 .text          0x02038484       0x92 c:/nburn/gcc-m68k/bin/../lib/gcc/m68k-elf/4.2.1/../../../../m68k-elf/lib/m5208\libc.a(lib_a-callocr.o)
                0x02038484                _calloc_r
 *fill*         0x02038516        0x2 00
 .text          0x02038518       0x32 c:/nburn/gcc-m68k/bin/../lib/gcc/m68k-elf/4.2.1/../../../../m68k-elf/lib/m5208\libc.a(lib_a-closer.o)
                0x02038518                _close_r
 *fill*         0x0203854a        0x2 00
 .text          0x0203854c       0xfe c:/nburn/gcc-m68k/bin/../lib/gcc/m68k-elf/4.2.1/../../../../m68k-elf/lib/m5208\libc.a(lib_a-fclose.o)
                0x0203854c                _fclose_r
                0x02038634                fclose
 *fill*         0x0203864a        0x2 00
 .text          0x0203864c       0x36 c:/nburn/gcc-m68k/bin/../lib/gcc/m68k-elf/4.2.1/../../../../m68k-elf/lib/m5208\libc.a(lib_a-fstatr.o)
                0x0203864c                _fstat_r
 *fill*         0x02038682        0x2 00
 .text          0x02038684      0x800 c:/nburn/gcc-m68k/bin/../lib/gcc/m68k-elf/4.2.1/../../../../m68k-elf/lib/m5208\libc.a(lib_a-gdtoa-gethex.o)
                0x020386b6                __hexdig_init
                0x0203877c                __gethex
 .text          0x02038e84      0x1d2 c:/nburn/gcc-m68k/bin/../lib/gcc/m68k-elf/4.2.1/../../../../m68k-elf/lib/m5208\libc.a(lib_a-gdtoa-hexnan.o)
                0x02038ec2                __hexnan
 *fill*         0x02039056        0x2 00
 .text          0x02039058       0x3e c:/nburn/gcc-m68k/bin/../lib/gcc/m68k-elf/4.2.1/../../../../m68k-elf/lib/m5208\libc.a(lib_a-lseekr.o)
                0x02039058                _lseek_r
 *fill*         0x02039096        0x2 00
 .text          0x02039098       0x3e c:/nburn/gcc-m68k/bin/../lib/gcc/m68k-elf/4.2.1/../../../../m68k-elf/lib/m5208\libc.a(lib_a-readr.o)
                0x02039098                _read_r
 *fill*         0x020390d6        0x2 00
 .text          0x020390d8       0x22 c:/nburn/gcc-m68k/bin/../lib/gcc/m68k-elf/4.2.1/m5208\libgcc.a(_eqdf2.o)
                0x020390d8                __eqdf2
 *fill*         0x020390fa        0x2 00
 .text          0x020390fc       0x22 c:/nburn/gcc-m68k/bin/../lib/gcc/m68k-elf/4.2.1/m5208\libgcc.a(_nedf2.o)
                0x020390fc                __nedf2
 *fill*         0x0203911e        0x2 00
 .text          0x02039120       0x22 c:/nburn/gcc-m68k/bin/../lib/gcc/m68k-elf/4.2.1/m5208\libgcc.a(_gtdf2.o)
                0x02039120                __gtdf2
 *fill*         0x02039142        0x2 00
 .text          0x02039144       0x22 c:/nburn/gcc-m68k/bin/../lib/gcc/m68k-elf/4.2.1/m5208\libgcc.a(_gedf2.o)
                0x02039144                __gedf2
 *fill*         0x02039166        0x2 00
 .text          0x02039168       0x22 c:/nburn/gcc-m68k/bin/../lib/gcc/m68k-elf/4.2.1/m5208\libgcc.a(_ledf2.o)
                0x02039168                __ledf2
 *fill*         0x0203918a        0x2 00
 .text          0x0203918c       0x1a c:/nburn/gcc-m68k/bin/../lib/gcc/m68k-elf/4.2.1/m5208\libgcc.a(_nesf2.o)
                0x0203918c                __nesf2
 *fill*         0x020391a6        0x2 00
 .text          0x020391a8       0x1a c:/nburn/gcc-m68k/bin/../lib/gcc/m68k-elf/4.2.1/m5208\libgcc.a(_gtsf2.o)
                0x020391a8                __gtsf2
 *fill*         0x020391c2        0x2 00
 .text          0x020391c4       0x1a c:/nburn/gcc-m68k/bin/../lib/gcc/m68k-elf/4.2.1/m5208\libgcc.a(_ltsf2.o)
                0x020391c4                __ltsf2
 *fill*         0x020391de        0x2 00
 .text          0x020391e0       0x72 c:/nburn/gcc-m68k/bin/../lib/gcc/m68k-elf/4.2.1/m5208\libgcc.a(_muldi3.o)
                0x020391e0                __muldi3
 *fill*         0x02039252        0x2 00
 .text          0x02039254       0x7a c:/nburn/gcc-m68k/bin/../lib/gcc/m68k-elf/4.2.1/m5208\libgcc.a(_fixunsdfsi.o)
                0x02039254                __fixunsdfsi
 *fill*         0x020392ce        0x2 00
 .text          0x020392d0      0x3d4 c:/nburn/gcc-m68k/bin/../lib/gcc/m68k-elf/4.2.1/m5208\libgcc.a(_udivdi3.o)
                0x020392d0                __udivdi3
 .text          0x020396a4      0x3ee c:/nburn/gcc-m68k/bin/../lib/gcc/m68k-elf/4.2.1/m5208\libgcc.a(_umoddi3.o)
                0x020396a4                __umoddi3
 *fill*         0x02039a92        0x2 00
 .text          0x02039a94      0x7ca c:/nburn/gcc-m68k/bin/../lib/gcc/m68k-elf/4.2.1/m5208\libgcc.a(_float.o)
                0x02039f06                __divsf3
                0x02039adc                __subsf3
                0x0203a0fa                __negsf2
                0x0203a1ec                __cmpsf2
                0x0203a14c                __cmpsf2_internal
                0x02039dc4                __mulsf3
                0x02039ae2                __addsf3
 *fill*         0x0203a25e        0x2 00
 .text          0x0203a260       0x32 c:/nburn/gcc-m68k/bin/../lib/gcc/m68k-elf/4.2.1/m5208/crtend.o
                0x0203a2a0                . = ALIGN (0x10)
 *fill*         0x0203a292        0xe 00
 *(.text.*)
 .text._ZN11buffer_listC1Ev
                0x0203a2a0       0x20 C:\nburn\lib\DBNetBurner.a(ip.od)
                0x0203a2a0                buffer_list::buffer_list()
 .text._ZN11buffer_list8GetCountEv
                0x0203a2c0       0x18 C:\nburn\lib\DBNetBurner.a(ip.od)
                0x0203a2c0                buffer_list::GetCount()
 .text._Z8GetIpPktP11pool_buffer
                0x0203a2d8       0x2c C:\nburn\lib\DBNetBurner.a(ip.od)
                0x0203a2d8                GetIpPkt(pool_buffer*)
 .text._Z8GetIpPktP6EFRAME
                0x0203a304       0x12 C:\nburn\lib\DBNetBurner.a(ip.od)
                0x0203a304                GetIpPkt(EFRAME*)
 *fill*         0x0203a316        0x2 00
 .text._Z9GetUdpPktP5IPPKT
                0x0203a318       0x6c C:\nburn\lib\DBNetBurner.a(ip.od)
                0x0203a318                GetUdpPkt(IPPKT*)
 .text._ZN18BufferCriticalLockC1ER15os_crit_section
                0x0203a384       0x44 C:\nburn\lib\DBNetBurner.a(buffers.od)
                0x0203a384                BufferCriticalLock::BufferCriticalLock(os_crit_section&)
 .text._ZN18BufferCriticalLockD1Ev
                0x0203a3c8       0x60 C:\nburn\lib\DBNetBurner.a(buffers.od)
                0x0203a3c8                BufferCriticalLock::~BufferCriticalLock()
 .text._ZN20OSCriticalSectionObjD1Ev
                0x0203a428       0x18 C:\nburn\lib\DBNetBurner.a(arp.od)
                0x0203a428                OSCriticalSectionObj::~OSCriticalSectionObj()
 .text._ZN20OSCriticalSectionObjC1ER15os_crit_section
                0x0203a440       0x1e C:\nburn\lib\DBNetBurner.a(arp.od)
                0x0203a440                OSCriticalSectionObj::OSCriticalSectionObj(os_crit_section&)
 *fill*         0x0203a45e        0x2 00
 .text._Z9GetUdpPktP11pool_buffer
                0x0203a460       0x1e C:\nburn\lib\DBNetBurner.a(udp.od)
                0x0203a460                GetUdpPkt(pool_buffer*)
 *fill*         0x0203a47e        0x2 00
 .text._Z13GetInitUdpPktP5IPPKT
                0x0203a480       0x1a C:\nburn\lib\DBNetBurner.a(udp.od)
                0x0203a480                GetInitUdpPkt(IPPKT*)
 *fill*         0x0203a49a        0x2 00
 .text._Z13GetInitUdpPktP11pool_buffer
                0x0203a49c       0x1e C:\nburn\lib\DBNetBurner.a(udp.od)
                0x0203a49c                GetInitUdpPkt(pool_buffer*)
 *fill*         0x0203a4ba        0x2 00
 .text._ZN9UDPPacket13ReleaseBufferEv
                0x0203a4bc        0xe C:\nburn\lib\DBNetBurner.a(udp.od)
                0x0203a4bc                UDPPacket::ReleaseBuffer()
 *fill*         0x0203a4ca        0x2 00
 .text._Z9GetTcpPktP5IPPKT
                0x0203a4cc       0x6c C:\nburn\lib\DBNetBurner.a(tcp.od)
                0x0203a4cc                GetTcpPkt(IPPKT*)
 .text._Z9GetTcpPktP11pool_buffer
                0x0203a538       0x1e C:\nburn\lib\DBNetBurner.a(tcp.od)
                0x0203a538                GetTcpPkt(pool_buffer*)
 *fill*         0x0203a556        0x2 00
 .text._Z13GetInitTcpPktP5IPPKT
                0x0203a558       0x1a C:\nburn\lib\DBNetBurner.a(tcp.od)
                0x0203a558                GetInitTcpPkt(IPPKT*)
 *fill*         0x0203a572        0x2 00
 .text._Z13GetInitTcpPktP11pool_buffer
                0x0203a574       0x1e C:\nburn\lib\DBNetBurner.a(tcp.od)
                0x0203a574                GetInitTcpPkt(pool_buffer*)
 *fill*         0x0203a592        0x2 00
 .text._Z13GetTcpDataLenP5IPPKTP6TCPPKT
                0x0203a594       0xa8 C:\nburn\lib\DBNetBurner.a(tcp.od)
                0x0203a594                GetTcpDataLen(IPPKT*, TCPPKT*)
 .text._Z10GetTcpDataP6TCPPKT
                0x0203a63c       0x36 C:\nburn\lib\DBNetBurner.a(tcp.od)
                0x0203a63c                GetTcpData(TCPPKT*)
 *fill*         0x0203a672        0x2 00
 .text._Z9IsNullMacRK6MACADR
                0x0203a674       0x3e C:\nburn\lib\DBNetBurner.a(tcp.od)
                0x0203a674                IsNullMac(MACADR const&)
 *fill*         0x0203a6b2        0x2 00
 .text._Z10modulodiffmm
                0x0203a6b4       0x18 C:\nburn\lib\DBNetBurner.a(tcp.od)
                0x0203a6b4                modulodiff(unsigned long, unsigned long)
 .text._ZN13socket_structC1Ev
                0x0203a6cc       0x44 C:\nburn\lib\DBNetBurner.a(tcp.od)
                0x0203a6cc                socket_struct::socket_struct()
 .text._ZN13socket_structD1Ev
                0x0203a710       0x30 C:\nburn\lib\DBNetBurner.a(tcp.od)
                0x0203a710                socket_struct::~socket_struct()
 .text._ZN13socket_struct4initEt
                0x0203a740       0xe0 C:\nburn\lib\DBNetBurner.a(tcp.od)
                0x0203a740                socket_struct::init(unsigned short)
 .text._ZN9OSLockObjC1Ev
                0x0203a820        0xe C:\nburn\lib\DBNetBurner.a(iosys.od)
                0x0203a820                OSLockObj::OSLockObj()
 *fill*         0x0203a82e        0x2 00
 .text._ZN9OSLockObjD1Ev
                0x0203a830        0xe C:\nburn\lib\DBNetBurner.a(iosys.od)
                0x0203a830                OSLockObj::~OSLockObj()
 *fill*         0x0203a83e        0x2 00
 .text._ZN9UDPPacket10GetPoolPtrEv
                0x0203a840        0xe C:\nburn\lib\DBNetBurner.a(autoupdate.od)
                0x0203a840                UDPPacket::GetPoolPtr()
 *fill*         0x0203a84e        0x2 00
 .text._Z11random_seedv
                0x0203a850       0x34 C:\nburn\lib\DBMOD5270.a(serial.od)
                0x0203a850                random_seed()
 .text._ZN11UartDataRecC1Ev
                0x0203a884       0x3e C:\nburn\lib\DBMOD5270.a(serial.od)
                0x0203a884                UartDataRec::UartDataRec()
 *fill*         0x0203a8c2        0x2 00
 .text._ZN11UartDataRecD1Ev
                0x0203a8c4       0x2a C:\nburn\lib\DBMOD5270.a(serial.od)
                0x0203a8c4                UartDataRec::~UartDataRec()
 .text._Z12read_uleb128PKhPj
                0x0203a8ee       0x30 c:/nburn/gcc-m68k/bin/../lib/gcc/m68k-elf/4.2.1/../../../../m68k-elf/lib/m5208\libstdc++.a(eh_personality.o)
 .text._Z12read_sleb128PKhPi
                0x0203a91e       0x46 c:/nburn/gcc-m68k/bin/../lib/gcc/m68k-elf/4.2.1/../../../../m68k-elf/lib/m5208\libstdc++.a(eh_personality.o)
 .text._Z16get_adjusted_ptrPKSt9type_infoS1_PPv
                0x0203a964       0x6a c:/nburn/gcc-m68k/bin/../lib/gcc/m68k-elf/4.2.1/../../../../m68k-elf/lib/m5208\libstdc++.a(eh_personality.o)
 .text._Z28read_encoded_value_with_basehjPKhPj
                0x0203a9ce      0x12a c:/nburn/gcc-m68k/bin/../lib/gcc/m68k-elf/4.2.1/../../../../m68k-elf/lib/m5208\libstdc++.a(eh_personality.o)
 .text._Z21base_of_encoded_valuehP15_Unwind_Context
                0x0203aaf8       0x8c c:/nburn/gcc-m68k/bin/../lib/gcc/m68k-elf/4.2.1/../../../../m68k-elf/lib/m5208\libstdc++.a(eh_personality.o)
 .text._Z17parse_lsda_headerP15_Unwind_ContextPKhP16lsda_header_info
                0x0203ab84       0xec c:/nburn/gcc-m68k/bin/../lib/gcc/m68k-elf/4.2.1/../../../../m68k-elf/lib/m5208\libstdc++.a(eh_personality.o)
 .text._Z15get_ttype_entryP16lsda_header_infoj
                0x0203ac70       0xe2 c:/nburn/gcc-m68k/bin/../lib/gcc/m68k-elf/4.2.1/../../../../m68k-elf/lib/m5208\libstdc++.a(eh_personality.o)
 .text._Z20check_exception_specP16lsda_header_infoPKSt9type_infoPvi
                0x0203ad52       0x70 c:/nburn/gcc-m68k/bin/../lib/gcc/m68k-elf/4.2.1/../../../../m68k-elf/lib/m5208\libstdc++.a(eh_personality.o)
 .text.__cxa_call_unexpected
                0x0203adc2       0xde c:/nburn/gcc-m68k/bin/../lib/gcc/m68k-elf/4.2.1/../../../../m68k-elf/lib/m5208\libstdc++.a(eh_personality.o)
                0x0203adc2                __cxa_call_unexpected
 .text.__gxx_personality_v0
                0x0203aea0      0x440 c:/nburn/gcc-m68k/bin/../lib/gcc/m68k-elf/4.2.1/../../../../m68k-elf/lib/m5208\libstdc++.a(eh_personality.o)
                0x0203aea0                __gxx_personality_v0
 .text._Z41__static_initialization_and_destruction_0ii
                0x0203b2e0        0x8 c:/nburn/gcc-m68k/bin/../lib/gcc/m68k-elf/4.2.1/../../../../m68k-elf/lib/m5208\libstdc++.a(eh_alloc.o)
 .text._GLOBAL__I___cxa_allocate_exception
                0x0203b2e8       0x1a c:/nburn/gcc-m68k/bin/../lib/gcc/m68k-elf/4.2.1/../../../../m68k-elf/lib/m5208\libstdc++.a(eh_alloc.o)
 .text.__cxa_allocate_exception
                0x0203b302       0xa4 c:/nburn/gcc-m68k/bin/../lib/gcc/m68k-elf/4.2.1/../../../../m68k-elf/lib/m5208\libstdc++.a(eh_alloc.o)
                0x0203b302                __cxa_allocate_exception
 .text.__cxa_free_exception
                0x0203b3a6       0x4a c:/nburn/gcc-m68k/bin/../lib/gcc/m68k-elf/4.2.1/../../../../m68k-elf/lib/m5208\libstdc++.a(eh_alloc.o)
                0x0203b3a6                __cxa_free_exception
 .text.__cxa_rethrow
                0x0203b3f0       0x7c c:/nburn/gcc-m68k/bin/../lib/gcc/m68k-elf/4.2.1/../../../../m68k-elf/lib/m5208\libstdc++.a(eh_throw.o)
                0x0203b3f0                __cxa_rethrow
 .text.__cxa_throw
                0x0203b46c       0x6c c:/nburn/gcc-m68k/bin/../lib/gcc/m68k-elf/4.2.1/../../../../m68k-elf/lib/m5208\libstdc++.a(eh_throw.o)
                0x0203b46c                __cxa_throw
 .text._Z23__gxx_exception_cleanup19_Unwind_Reason_CodeP17_Unwind_Exception
                0x0203b4d8       0x62 c:/nburn/gcc-m68k/bin/../lib/gcc/m68k-elf/4.2.1/../../../../m68k-elf/lib/m5208\libstdc++.a(eh_throw.o)
 .text.__cxa_get_globals_fast
                0x0203b53a        0xe c:/nburn/gcc-m68k/bin/../lib/gcc/m68k-elf/4.2.1/../../../../m68k-elf/lib/m5208\libstdc++.a(eh_globals.o)
                0x0203b53a                __cxa_get_globals_fast
 .text.__cxa_get_globals
                0x0203b548        0xe c:/nburn/gcc-m68k/bin/../lib/gcc/m68k-elf/4.2.1/../../../../m68k-elf/lib/m5208\libstdc++.a(eh_globals.o)
                0x0203b548                __cxa_get_globals
 .text._ZNKSt9exception4whatEv
                0x0203b556        0xe c:/nburn/gcc-m68k/bin/../lib/gcc/m68k-elf/4.2.1/../../../../m68k-elf/lib/m5208\libstdc++.a(eh_exception.o)
                0x0203b556                std::exception::what() const
 .text._ZNKSt13bad_exception4whatEv
                0x0203b564        0xe c:/nburn/gcc-m68k/bin/../lib/gcc/m68k-elf/4.2.1/../../../../m68k-elf/lib/m5208\libstdc++.a(eh_exception.o)
                0x0203b564                std::bad_exception::what() const
 .text._ZNSt9exceptionD0Ev
                0x0203b572       0x16 c:/nburn/gcc-m68k/bin/../lib/gcc/m68k-elf/4.2.1/../../../../m68k-elf/lib/m5208\libstdc++.a(eh_exception.o)
                0x0203b572                std::exception::~exception()
 .text._ZNSt9exceptionD1Ev
                0x0203b588       0x12 c:/nburn/gcc-m68k/bin/../lib/gcc/m68k-elf/4.2.1/../../../../m68k-elf/lib/m5208\libstdc++.a(eh_exception.o)
                0x0203b588                std::exception::~exception()
 .text._ZNSt9exceptionD2Ev
                0x0203b59a       0x12 c:/nburn/gcc-m68k/bin/../lib/gcc/m68k-elf/4.2.1/../../../../m68k-elf/lib/m5208\libstdc++.a(eh_exception.o)
                0x0203b59a                std::exception::~exception()
 .text._ZNSt13bad_exceptionD0Ev
                0x0203b5ac       0x2a c:/nburn/gcc-m68k/bin/../lib/gcc/m68k-elf/4.2.1/../../../../m68k-elf/lib/m5208\libstdc++.a(eh_exception.o)
                0x0203b5ac                std::bad_exception::~bad_exception()
 .text._ZNSt13bad_exceptionD1Ev
                0x0203b5d6       0x16 c:/nburn/gcc-m68k/bin/../lib/gcc/m68k-elf/4.2.1/../../../../m68k-elf/lib/m5208\libstdc++.a(eh_exception.o)
                0x0203b5d6                std::bad_exception::~bad_exception()
 .text._ZNSt13bad_exceptionD2Ev
                0x0203b5ec       0x16 c:/nburn/gcc-m68k/bin/../lib/gcc/m68k-elf/4.2.1/../../../../m68k-elf/lib/m5208\libstdc++.a(eh_exception.o)
                0x0203b5ec                std::bad_exception::~bad_exception()
 .text.__cxa_get_exception_ptr
                0x0203b602       0x10 c:/nburn/gcc-m68k/bin/../lib/gcc/m68k-elf/4.2.1/../../../../m68k-elf/lib/m5208\libstdc++.a(eh_catch.o)
                0x0203b602                __cxa_get_exception_ptr
 .text._ZSt18uncaught_exceptionv
                0x0203b612       0x1a c:/nburn/gcc-m68k/bin/../lib/gcc/m68k-elf/4.2.1/../../../../m68k-elf/lib/m5208\libstdc++.a(eh_catch.o)
                0x0203b612                std::uncaught_exception()
 .text.__cxa_end_catch
                0x0203b62c       0x9a c:/nburn/gcc-m68k/bin/../lib/gcc/m68k-elf/4.2.1/../../../../m68k-elf/lib/m5208\libstdc++.a(eh_catch.o)
                0x0203b62c                __cxa_end_catch
 .text.__cxa_begin_catch
                0x0203b6c6       0x90 c:/nburn/gcc-m68k/bin/../lib/gcc/m68k-elf/4.2.1/../../../../m68k-elf/lib/m5208\libstdc++.a(eh_catch.o)
                0x0203b6c6                __cxa_begin_catch
 .text._ZSt13set_terminatePFvvE
                0x0203b756       0x18 c:/nburn/gcc-m68k/bin/../lib/gcc/m68k-elf/4.2.1/../../../../m68k-elf/lib/m5208\libstdc++.a(eh_terminate.o)
                0x0203b756                std::set_terminate(void (*)())
 .text._ZSt14set_unexpectedPFvvE
                0x0203b76e       0x18 c:/nburn/gcc-m68k/bin/../lib/gcc/m68k-elf/4.2.1/../../../../m68k-elf/lib/m5208\libstdc++.a(eh_terminate.o)
                0x0203b76e                std::set_unexpected(void (*)())
 .text._ZN10__cxxabiv111__terminateEPFvvE
                0x0203b786       0x32 c:/nburn/gcc-m68k/bin/../lib/gcc/m68k-elf/4.2.1/../../../../m68k-elf/lib/m5208\libstdc++.a(eh_terminate.o)
                0x0203b786                __cxxabiv1::__terminate(void (*)())
 .text._ZSt9terminatev
                0x0203b7b8       0x10 c:/nburn/gcc-m68k/bin/../lib/gcc/m68k-elf/4.2.1/../../../../m68k-elf/lib/m5208\libstdc++.a(eh_terminate.o)
                0x0203b7b8                std::terminate()
 .text._ZN10__cxxabiv112__unexpectedEPFvvE
                0x0203b7c8       0x10 c:/nburn/gcc-m68k/bin/../lib/gcc/m68k-elf/4.2.1/../../../../m68k-elf/lib/m5208\libstdc++.a(eh_terminate.o)
                0x0203b7c8                __cxxabiv1::__unexpected(void (*)())
 .text._ZSt10unexpectedv
                0x0203b7d8       0x10 c:/nburn/gcc-m68k/bin/../lib/gcc/m68k-elf/4.2.1/../../../../m68k-elf/lib/m5208\libstdc++.a(eh_terminate.o)
                0x0203b7d8                std::unexpected()
 .text.__cxa_call_terminate
                0x0203b7e8       0x42 c:/nburn/gcc-m68k/bin/../lib/gcc/m68k-elf/4.2.1/../../../../m68k-elf/lib/m5208\libstdc++.a(eh_call.o)
                0x0203b7e8                __cxa_call_terminate
 .text._ZdlPv   0x0203b82a       0x16 c:/nburn/gcc-m68k/bin/../lib/gcc/m68k-elf/4.2.1/../../../../m68k-elf/lib/m5208\libstdc++.a(del_op.o)
                0x0203b82a                operator delete(void*)
 .text._ZNK10__cxxabiv117__class_type_info11__do_upcastEPKS0_PPv
                0x0203b840       0x68 c:/nburn/gcc-m68k/bin/../lib/gcc/m68k-elf/4.2.1/../../../../m68k-elf/lib/m5208\libstdc++.a(class_type_info.o)
                0x0203b840                __cxxabiv1::__class_type_info::__do_upcast(__cxxabiv1::__class_type_info const*, void**) const
 .text._ZNK10__cxxabiv117__class_type_info20__do_find_public_srcElPKvPKS0_S2_
                0x0203b8a8       0x1a c:/nburn/gcc-m68k/bin/../lib/gcc/m68k-elf/4.2.1/../../../../m68k-elf/lib/m5208\libstdc++.a(class_type_info.o)
                0x0203b8a8                __cxxabiv1::__class_type_info::__do_find_public_src(long, void const*, __cxxabiv1::__class_type_info const*, void const*) const
 .text._ZN10__cxxabiv117__class_type_infoD0Ev
                0x0203b8c2       0x2a c:/nburn/gcc-m68k/bin/../lib/gcc/m68k-elf/4.2.1/../../../../m68k-elf/lib/m5208\libstdc++.a(class_type_info.o)
                0x0203b8c2                __cxxabiv1::__class_type_info::~__class_type_info()
 .text._ZN10__cxxabiv117__class_type_infoD1Ev
                0x0203b8ec       0x16 c:/nburn/gcc-m68k/bin/../lib/gcc/m68k-elf/4.2.1/../../../../m68k-elf/lib/m5208\libstdc++.a(class_type_info.o)
                0x0203b8ec                __cxxabiv1::__class_type_info::~__class_type_info()
 .text._ZN10__cxxabiv117__class_type_infoD2Ev
                0x0203b902       0x16 c:/nburn/gcc-m68k/bin/../lib/gcc/m68k-elf/4.2.1/../../../../m68k-elf/lib/m5208\libstdc++.a(class_type_info.o)
                0x0203b902                __cxxabiv1::__class_type_info::~__class_type_info()
 .text._ZNK10__cxxabiv117__class_type_info10__do_catchEPKSt9type_infoPPvj
                0x0203b918       0x58 c:/nburn/gcc-m68k/bin/../lib/gcc/m68k-elf/4.2.1/../../../../m68k-elf/lib/m5208\libstdc++.a(class_type_info.o)
                0x0203b918                __cxxabiv1::__class_type_info::__do_catch(std::type_info const*, void**, unsigned int) const
 .text._ZNK10__cxxabiv117__class_type_info11__do_upcastEPKS0_PKvRNS0_15__upcast_resultE
                0x0203b970       0x40 c:/nburn/gcc-m68k/bin/../lib/gcc/m68k-elf/4.2.1/../../../../m68k-elf/lib/m5208\libstdc++.a(class_type_info.o)
                0x0203b970                __cxxabiv1::__class_type_info::__do_upcast(__cxxabiv1::__class_type_info const*, void const*, __cxxabiv1::__class_type_info::__upcast_result&) const
 .text._ZNK10__cxxabiv117__class_type_info12__do_dyncastElNS0_10__sub_kindEPKS0_PKvS3_S5_RNS0_16__dyncast_resultE
                0x0203b9b0       0x56 c:/nburn/gcc-m68k/bin/../lib/gcc/m68k-elf/4.2.1/../../../../m68k-elf/lib/m5208\libstdc++.a(class_type_info.o)
                0x0203b9b0                __cxxabiv1::__class_type_info::__do_dyncast(long, __cxxabiv1::__class_type_info::__sub_kind, __cxxabiv1::__class_type_info const*, void const*, __cxxabiv1::__class_type_info const*, void const*, __cxxabiv1::__class_type_info::__dyncast_result&) const
 .text._ZNK10__cxxabiv120__si_class_type_info11__do_upcastEPKNS_17__class_type_infoEPKvRNS1_15__upcast_resultE
                0x0203ba06       0x66 c:/nburn/gcc-m68k/bin/../lib/gcc/m68k-elf/4.2.1/../../../../m68k-elf/lib/m5208\libstdc++.a(si_class_type_info.o)
                0x0203ba06                __cxxabiv1::__si_class_type_info::__do_upcast(__cxxabiv1::__class_type_info const*, void const*, __cxxabiv1::__class_type_info::__upcast_result&) const
 .text._ZN10__cxxabiv120__si_class_type_infoD0Ev
                0x0203ba6c       0x2a c:/nburn/gcc-m68k/bin/../lib/gcc/m68k-elf/4.2.1/../../../../m68k-elf/lib/m5208\libstdc++.a(si_class_type_info.o)
                0x0203ba6c                __cxxabiv1::__si_class_type_info::~__si_class_type_info()
 .text._ZN10__cxxabiv120__si_class_type_infoD1Ev
                0x0203ba96       0x16 c:/nburn/gcc-m68k/bin/../lib/gcc/m68k-elf/4.2.1/../../../../m68k-elf/lib/m5208\libstdc++.a(si_class_type_info.o)
                0x0203ba96                __cxxabiv1::__si_class_type_info::~__si_class_type_info()
 .text._ZN10__cxxabiv120__si_class_type_infoD2Ev
                0x0203baac       0x16 c:/nburn/gcc-m68k/bin/../lib/gcc/m68k-elf/4.2.1/../../../../m68k-elf/lib/m5208\libstdc++.a(si_class_type_info.o)
                0x0203baac                __cxxabiv1::__si_class_type_info::~__si_class_type_info()
 .text._ZNK10__cxxabiv120__si_class_type_info20__do_find_public_srcElPKvPKNS_17__class_type_infoES2_
                0x0203bac2       0x3e c:/nburn/gcc-m68k/bin/../lib/gcc/m68k-elf/4.2.1/../../../../m68k-elf/lib/m5208\libstdc++.a(si_class_type_info.o)
                0x0203bac2                __cxxabiv1::__si_class_type_info::__do_find_public_src(long, void const*, __cxxabiv1::__class_type_info const*, void const*) const
 .text._ZNK10__cxxabiv120__si_class_type_info12__do_dyncastElNS_17__class_type_info10__sub_kindEPKS1_PKvS4_S6_RNS1_16__dyncast_resultE
                0x0203bb00       0xc4 c:/nburn/gcc-m68k/bin/../lib/gcc/m68k-elf/4.2.1/../../../../m68k-elf/lib/m5208\libstdc++.a(si_class_type_info.o)
                0x0203bb00                __cxxabiv1::__si_class_type_info::__do_dyncast(long, __cxxabiv1::__class_type_info::__sub_kind, __cxxabiv1::__class_type_info const*, void const*, __cxxabiv1::__class_type_info const*, void const*, __cxxabiv1::__class_type_info::__dyncast_result&) const
 .text._ZN9__gnu_cxx27__verbose_terminate_handlerEv
                0x0203bbc4      0x1f0 c:/nburn/gcc-m68k/bin/../lib/gcc/m68k-elf/4.2.1/../../../../m68k-elf/lib/m5208\libstdc++.a(vterminate.o)
                0x0203bbc4                __gnu_cxx::__verbose_terminate_handler()
 .text._ZNKSt9type_info14__is_pointer_pEv
                0x0203bdb4        0xa c:/nburn/gcc-m68k/bin/../lib/gcc/m68k-elf/4.2.1/../../../../m68k-elf/lib/m5208\libstdc++.a(tinfo.o)
                0x0203bdb4                std::type_info::__is_pointer_p() const
 .text._ZNKSt9type_info15__is_function_pEv
                0x0203bdbe        0xa c:/nburn/gcc-m68k/bin/../lib/gcc/m68k-elf/4.2.1/../../../../m68k-elf/lib/m5208\libstdc++.a(tinfo.o)
                0x0203bdbe                std::type_info::__is_function_p() const
 .text._ZNKSt9type_info10__do_catchEPKS_PPvj
                0x0203bdc8       0x22 c:/nburn/gcc-m68k/bin/../lib/gcc/m68k-elf/4.2.1/../../../../m68k-elf/lib/m5208\libstdc++.a(tinfo.o)
                0x0203bdc8                std::type_info::__do_catch(std::type_info const*, void**, unsigned int) const
 .text._ZNKSt9type_info11__do_upcastEPKN10__cxxabiv117__class_type_infoEPPv
                0x0203bdea        0xa c:/nburn/gcc-m68k/bin/../lib/gcc/m68k-elf/4.2.1/../../../../m68k-elf/lib/m5208\libstdc++.a(tinfo.o)
                0x0203bdea                std::type_info::__do_upcast(__cxxabiv1::__class_type_info const*, void**) const
 .text._ZNSt9type_infoD0Ev
                0x0203bdf4       0x16 c:/nburn/gcc-m68k/bin/../lib/gcc/m68k-elf/4.2.1/../../../../m68k-elf/lib/m5208\libstdc++.a(tinfo.o)
                0x0203bdf4                std::type_info::~type_info()
 .text._ZNSt9type_infoD1Ev
                0x0203be0a       0x12 c:/nburn/gcc-m68k/bin/../lib/gcc/m68k-elf/4.2.1/../../../../m68k-elf/lib/m5208\libstdc++.a(tinfo.o)
                0x0203be0a                std::type_info::~type_info()
 .text._ZNSt9type_infoD2Ev
                0x0203be1c       0x12 c:/nburn/gcc-m68k/bin/../lib/gcc/m68k-elf/4.2.1/../../../../m68k-elf/lib/m5208\libstdc++.a(tinfo.o)
                0x0203be1c                std::type_info::~type_info()
 .text.__cxa_current_exception_type
                0x0203be2e       0x1e c:/nburn/gcc-m68k/bin/../lib/gcc/m68k-elf/4.2.1/../../../../m68k-elf/lib/m5208\libstdc++.a(eh_type.o)
                0x0203be2e                __cxa_current_exception_type
                0x0203be50                . = ALIGN (0x10)
 *fill*         0x0203be4c        0x4 00
 *(.eh_frame)
 .eh_frame      0x0203be50        0x0 c:/nburn/gcc-m68k/bin/../lib/gcc/m68k-elf/4.2.1/m5208/crtbegin.o
 .eh_frame      0x0203be50      0x4ac C:\nburn\lib\DBMOD5270.a(ethernet.od)
 .eh_frame      0x0203c2fc      0x1e4 c:/nburn/gcc-m68k/bin/../lib/gcc/m68k-elf/4.2.1/../../../../m68k-elf/lib/m5208\libstdc++.a(eh_personality.o)
 .eh_frame      0x0203c4e0       0x50 c:/nburn/gcc-m68k/bin/../lib/gcc/m68k-elf/4.2.1/../../../../m68k-elf/lib/m5208\libstdc++.a(eh_alloc.o)
 .eh_frame      0x0203c530       0x6c c:/nburn/gcc-m68k/bin/../lib/gcc/m68k-elf/4.2.1/../../../../m68k-elf/lib/m5208\libstdc++.a(eh_throw.o)
                                 0x88 (size before relaxing)
 .eh_frame      0x0203c59c       0x50 c:/nburn/gcc-m68k/bin/../lib/gcc/m68k-elf/4.2.1/../../../../m68k-elf/lib/m5208\libstdc++.a(eh_catch.o)
                                 0x6c (size before relaxing)
 .eh_frame      0x0203c5ec       0x88 c:/nburn/gcc-m68k/bin/../lib/gcc/m68k-elf/4.2.1/../../../../m68k-elf/lib/m5208\libstdc++.a(eh_terminate.o)
                                 0xa4 (size before relaxing)
 .eh_frame      0x0203c674       0x28 c:/nburn/gcc-m68k/bin/../lib/gcc/m68k-elf/4.2.1/../../../../m68k-elf/lib/m5208\libstdc++.a(eh_call.o)
                                 0x44 (size before relaxing)
 .eh_frame      0x0203c69c       0x60 c:/nburn/gcc-m68k/bin/../lib/gcc/m68k-elf/4.2.1/../../../../m68k-elf/lib/m5208\libstdc++.a(class_type_info.o)
                                 0x7c (size before relaxing)
 .eh_frame      0x0203c6fc       0x68 c:/nburn/gcc-m68k/bin/../lib/gcc/m68k-elf/4.2.1/../../../../m68k-elf/lib/m5208\libstdc++.a(si_class_type_info.o)
                                 0x84 (size before relaxing)
 .eh_frame      0x0203c764       0x60 c:/nburn/gcc-m68k/bin/../lib/gcc/m68k-elf/4.2.1/../../../../m68k-elf/lib/m5208\libstdc++.a(vterminate.o)
                                 0x7c (size before relaxing)
 .eh_frame      0x0203c7c4      0x2d0 c:/nburn/gcc-m68k/bin/../lib/gcc/m68k-elf/4.2.1/m5208\libgcc.a(unwind-dw2.o)